08-19 11:24:44.503  1145  1367 W ActivityTaskManager: Activity top resumed state loss timeout for ActivityRecord{30f2f02 u0 com.example.myapplicationsl/.MainActivity t-1 f}}
08-19 11:24:44.673  1145  1360 W ActivityManager: Receiver with filter android.content.IntentFilter@b05014c already registered for pid 4758, callerPackage is com.iflytek.inputmethod.miui
08-19 11:24:44.718  1145  3624 I WindowManager: Relayout Window{aeb72a1 mode=1 rootTaskId=1 u0 InputMethod}: oldVis=4 newVis=0 focusMayChange = true
08-19 11:24:44.754  1145  1360 W ActivityManager: Receiver with filter android.content.IntentFilter@1e7324d already registered for pid 4758, callerPackage is com.iflytek.inputmethod.miui
08-19 11:24:44.756  1145  3624 W ActivityManager: Receiver with filter android.content.IntentFilter@5521102 already registered for pid 4758, callerPackage is com.iflytek.inputmethod.miui
08-19 11:24:44.758  1145  1367 I WindowManager: input method visible height changed 13
08-19 11:24:44.777  1145  2190 I WindowManager: input method visible height changed 771
08-19 11:24:44.851  1145  2190 I WindowManager: input method visible height changed 891
08-19 11:24:44.906 26119 26169 W BpBinder: Slow Binder: BpBinder transact took 579ms, interface=android.content.IContentProvider, code=21 oneway=false
08-19 11:24:45.120  1145  1145 W NotificationHistory: Attempted to add notif for locked/gone/disabled user 0
08-19 11:24:45.181  1145  1145 W NotificationHistory: Attempted to add notif for locked/gone/disabled user 0
08-19 11:24:45.250  1145  1360 I WindowManager: Relayout Window{c1d01a7 mode=1 rootTaskId=1 u0 NotificationShade}: oldVis=4 newVis=0 focusMayChange = true
08-19 11:24:45.385  1145  1360 D CompatibilityChangeReporter: Compat change id reported: 135634846; UID 10096; state: DISABLED
08-19 11:24:45.385  1145  1360 D CompatibilityChangeReporter: Compat change id reported: 135754954; UID 10096; state: ENABLED
08-19 11:24:45.386  1145  1377 D CompatibilityChangeReporter: Compat change id reported: 143937733; UID 10096; state: ENABLED
08-19 11:24:45.398  1145  1377 D Boost   : hostingType=service, hostingName={com.xiaomi.account/com.xiaomi.account.tzservice.SecurityDeviceSignService}, callerPackage=com.xiaomi.market, isSystem=true, isBoostNeeded=false.
08-19 11:24:45.400  1145  1377 I ActivityManager: Start proc 29853:com.xiaomi.account:accountservice/u0a96 for service {com.xiaomi.account/com.xiaomi.account.tzservice.SecurityDeviceSignService} caller=com.xiaomi.market
08-19 11:24:45.419  1145  1360 V ActivityManager: New death recipient com.android.server.am.ActivityManagerService$AppDeathRecipient@e4df074 for thread android.os.BinderProxy@42ae99d
08-19 11:24:45.458 29853 29853 E LoadedApk: Unable to instantiate appComponentFactory
08-19 11:24:45.458 29853 29853 E LoadedApk: java.lang.ClassNotFoundException: Didn't find class "androidx.core.app.CoreComponentFactory" on path: DexPathList[[zip file "/system/app/XiaomiAccount/XiaomiAccount.apk"],nativeLibraryDirectories=[/system/app/XiaomiAccount/lib/arm64, /system/lib64, /system/system_ext/lib64, /system/lib64, /system/system_ext/lib64]]
08-19 11:24:45.458 29853 29853 E LoadedApk: 	at dalvik.system.BaseDexClassLoader.findClass(BaseDexClassLoader.java:207)
08-19 11:24:45.458 29853 29853 E LoadedApk: 	at java.lang.ClassLoader.loadClass(ClassLoader.java:379)
08-19 11:24:45.458 29853 29853 E LoadedApk: 	at java.lang.ClassLoader.loadClass(ClassLoader.java:312)
08-19 11:24:45.458 29853 29853 E LoadedApk: 	at android.app.LoadedApk.createAppFactory(LoadedApk.java:266)
08-19 11:24:45.458 29853 29853 E LoadedApk: 	at android.app.LoadedApk.createOrUpdateClassLoaderLocked(LoadedApk.java:911)
08-19 11:24:45.458 29853 29853 E LoadedApk: 	at android.app.LoadedApk.getClassLoader(LoadedApk.java:964)
08-19 11:24:45.458 29853 29853 E LoadedApk: 	at android.app.LoadedApk.getResources(LoadedApk.java:1196)
08-19 11:24:45.458 29853 29853 E LoadedApk: 	at android.app.ContextImpl.createAppContext(ContextImpl.java:2672)
08-19 11:24:45.458 29853 29853 E LoadedApk: 	at android.app.ContextImpl.createAppContext(ContextImpl.java:2664)
08-19 11:24:45.458 29853 29853 E LoadedApk: 	at android.app.ActivityThread.handleBindApplication(ActivityThread.java:6733)
08-19 11:24:45.458 29853 29853 E LoadedApk: 	at android.app.ActivityThread.access$1500(ActivityThread.java:250)
08-19 11:24:45.458 29853 29853 E LoadedApk: 	at android.app.ActivityThread$H.handleMessage(ActivityThread.java:1989)
08-19 11:24:45.458 29853 29853 E LoadedApk: 	at android.os.Handler.dispatchMessage(Handler.java:106)
08-19 11:24:45.458 29853 29853 E LoadedApk: 	at android.os.Looper.loop(Looper.java:236)
08-19 11:24:45.458 29853 29853 E LoadedApk: 	at android.app.ActivityThread.main(ActivityThread.java:7864)
08-19 11:24:45.458 29853 29853 E LoadedApk: 	at java.lang.reflect.Method.invoke(Native Method)
08-19 11:24:45.458 29853 29853 E LoadedApk: 	at com.android.internal.os.RuntimeInit$MethodAndArgsCaller.run(RuntimeInit.java:620)
08-19 11:24:45.458 29853 29853 E LoadedApk: 	at com.android.internal.os.ZygoteInit.main(ZygoteInit.java:1011)
08-19 11:24:48.372 29740 29925 W BpBinder: Slow Binder: BpBinder transact took 450ms, interface=android.content.IContentProvider, code=21 oneway=false
08-19 11:24:49.421  1145  2725 I ActivityManager: Killing 27027:com.mi.health/u0a185 (adj 965): empty #13
08-19 11:24:49.422  1145  2725 W PreloadController: notify...pkgName=com.mi.health, userId=0, processName=com.mi.health, pid=27027, reason=empty #13
08-19 11:24:49.425  1145  2164 W PreloadManager: checkMemory()...... free=969912, total=3825592, threshold=614400
08-19 11:24:49.425  1145  2725 I Process : PerfMonitor : current process sending signal quiet. PID: 27027 SIG: 9
08-19 11:24:49.426  1145  1378 I Process : PerfMonitor : current process killing process group. PID: 27027
08-19 11:24:49.427  1145  2164 W PreloadManager: Failed : usage, pkg=com.mi.health
08-19 11:24:49.427  1145  2164 W PreloadController: Will not preload com.mi.health, decision = false, mMonitor.size()=5
08-19 11:24:49.464  1145  2725 V ActivityManager: Death received in com.android.server.am.ActivityManagerService$AppDeathRecipient@59dbf45 for thread android.os.BinderProxy@8cfa69a
08-19 11:24:51.583 11569 11977 W BpBinder: Slow Binder: BpBinder transact took 295ms, interface=android.app.IActivityManager, code=89 oneway=false
08-19 11:25:06.936  1145  2293 I ActivityManager: Killing 27085:com.miui.screenrecorder/1000 (adj 965): empty #13
08-19 11:25:06.937  1145  2293 W PreloadController: notify...pkgName=com.miui.screenrecorder, userId=0, processName=com.miui.screenrecorder, pid=27085, reason=empty #13
08-19 11:25:06.939  1145  2293 I Process : PerfMonitor : current process sending signal quiet. PID: 27085 SIG: 9
08-19 11:25:06.940  1145  2164 W PreloadManager: checkMemory()...... free=980928, total=3825592, threshold=614400
08-19 11:25:06.942  1145  2164 W PreloadManager: Failed : usage, pkg=com.miui.screenrecorder
08-19 11:25:06.943  1145  2164 W PreloadController: Will not preload com.miui.screenrecorder, decision = false, mMonitor.size()=5
08-19 11:25:06.943  1145  1378 I Process : PerfMonitor : current process killing process group. PID: 27085
08-19 11:25:06.943  1145  2293 I ActivityManager: Killing 27046:com.milink.service/u0a127 (adj 965): empty #14
08-19 11:25:06.943  1145  2293 W PreloadController: notify...pkgName=com.milink.service, userId=0, processName=com.milink.service, pid=27046, reason=empty #14
08-19 11:25:06.944  1145  2164 W PreloadManager: checkMemory()...... free=980928, total=3825592, threshold=614400
08-19 11:25:06.945  1145  2293 I Process : PerfMonitor : current process sending signal quiet. PID: 27046 SIG: 9
08-19 11:25:06.946  1145  1378 I Process : PerfMonitor : current process killing process group. PID: 27046
08-19 11:25:06.946  1145  2293 I ActivityManager: Killing 27065:com.miui.vsimcore/1001 (adj 975): empty #15
08-19 11:25:06.946  1145  2293 W PreloadController: notify...pkgName=com.miui.vsimcore, userId=0, processName=com.miui.vsimcore, pid=27065, reason=empty #15
08-19 11:25:06.947  1145  2164 W PreloadManager: Failed : usage, pkg=com.milink.service
08-19 11:25:06.947  1145  2164 W PreloadController: Will not preload com.milink.service, decision = false, mMonitor.size()=5
08-19 11:25:06.948  1145  2164 W PreloadManager: checkMemory()...... free=980680, total=3825592, threshold=614400
08-19 11:25:06.948  1145  2293 I Process : PerfMonitor : current process sending signal quiet. PID: 27065 SIG: 9
08-19 11:25:06.949  1145  1378 I Process : PerfMonitor : current process killing process group. PID: 27065
08-19 11:25:06.951  1145  2164 W PreloadManager: Failed : usage, pkg=com.miui.vsimcore
08-19 11:25:06.951  1145  2164 W PreloadController: Will not preload com.miui.vsimcore, decision = false, mMonitor.size()=5
08-19 11:25:06.980  1145  1359 V ActivityManager: Death received in com.android.server.am.ActivityManagerService$AppDeathRecipient@2a3bc6 for thread android.os.BinderProxy@155f787
08-19 11:25:06.986  1145  2292 V ActivityManager: Death received in com.android.server.am.ActivityManagerService$AppDeathRecipient@4a35149 for thread android.os.BinderProxy@3c40a4e
08-19 11:25:06.994  1145  4705 V ActivityManager: Death received in com.android.server.am.ActivityManagerService$AppDeathRecipient@56955aa for thread android.os.BinderProxy@16f759b
08-19 11:25:44.151  1145  2292 V LocationPolicy: writePolicyLocked()
08-19 11:25:44.161  5679  5797 D PowerKeeper.AppBgIdle: setUidState, uid = 10261 allow = true
08-19 11:25:44.164  1145  1364 V AppStateTracker: Package com.example.myapplicationsl/10261 toggled into fg service restriction
08-19 11:25:44.164  1145  1364 I chatty  : uid=1000(system) android.fg identical 1 line
08-19 11:25:44.165  1145  1364 V AppStateTracker: Package com.example.myapplicationsl/10261 toggled into fg service restriction
08-19 11:25:45.144  6779  7675 W BpBinder: Slow Binder: BpBinder transact took 212ms, interface=android.app.IActivityManager, code=89 oneway=false
08-19 11:26:22.036   881 15762 D TableOfContentThread: TableOfContentThread Construct !0xb400007733853e10
08-19 11:26:22.037   881 15762 D TableOfContentThread: buildTocTable 0xb400007733853e10
08-19 11:26:22.037   881 15762 D TableOfContentThread: build TocTable process over--actual duration=731000,mFrameNum=28,mEntryCount=1
08-19 11:26:22.051  1145  1145 W NotificationHistory: Attempted to add notif for locked/gone/disabled user 0
08-19 11:26:22.133  1145  1375 D ProcessManager: add audio active uid : 10209
08-19 11:26:22.203  1145  2293 I WindowManager: Relayout Window{c1d01a7 mode=1 rootTaskId=1 u0 NotificationShade}: oldVis=4 newVis=0 focusMayChange = true
08-19 11:26:23.012   881 24280 D TableOfContentThread: ~TableOfContentThread 0xb400007733853e10!
08-19 11:26:23.012   881 24280 D TableOfContentThread: stopTOCThread 0xb400007733853e10
08-19 11:26:23.030  1145  1375 D ProcessManager: add temp remove audio inactive uid : 10209
08-19 11:26:23.631  1145  2164 D ProcessManager: real remove inactive uid : 10209 flag : 1
08-19 11:26:25.947  1145  1392 V DisplayPowerController: Brightness [0.05] reason changing to: 'automatic [ dim ]', previous reason: 'automatic'.
08-19 11:26:34.073   881 24280 D TableOfContentThread: TableOfContentThread Construct !0xb400007733853e10
08-19 11:26:34.074   881 24280 D TableOfContentThread: buildTocTable 0xb400007733853e10
08-19 11:26:34.074   881 24280 D TableOfContentThread: build TocTable process over--actual duration=731000,mFrameNum=28,mEntryCount=1
08-19 11:26:34.127  1145  1375 D ProcessManager: add audio active uid : 10209
08-19 11:26:34.262  1145  1145 W NotificationHistory: Attempted to add notif for locked/gone/disabled user 0
08-19 11:26:34.333  1145  2293 D NotificationService: Cancel recently notified vibration 0|com.tencent.mobileqq|520|null|10209
08-19 11:26:34.381  1145  1359 I WindowManager: Relayout Window{c1d01a7 mode=1 rootTaskId=1 u0 NotificationShade}: oldVis=4 newVis=0 focusMayChange = true
08-19 11:26:34.988   881 29154 D TableOfContentThread: ~TableOfContentThread 0xb400007733853e10!
08-19 11:26:34.988   881 29154 D TableOfContentThread: stopTOCThread 0xb400007733853e10
08-19 11:26:35.009  1145  1375 D ProcessManager: add temp remove audio inactive uid : 10209
08-19 11:26:35.610  1145  2164 D ProcessManager: real remove inactive uid : 10209 flag : 1
08-19 11:26:43.944  1145  1392 I PowerManagerService: Going to sleep due to timeout (uid 1000)...
08-19 11:26:43.948  1145  1392 W DreamManagerService: Dream ComponentInfo{com.miui.aod/com.miui.aod.doze.DozeService} does not exist
08-19 11:26:43.948  1145  1392 I PowerManagerService: Sleeping (uid 1000)...
08-19 11:26:43.950  1145  1392 V DisplayPowerController: Brightness [0.22626126] reason changing to: 'automatic', previous reason: 'automatic [ dim ]'.
08-19 11:26:43.951  1145  1392 I DisplayPowerController: Blocking screen off
08-19 11:26:43.962  1145  1392 I DisplayPowerController: Unblocked screen off after 10 ms
08-19 11:26:43.979  1145  1392 D ActivityTaskManager: Top Process State changed to PROCESS_STATE_TOP_SLEEPING
08-19 11:26:44.022  1145  1392 D WindowManager: send app before lock screen to SurfaceFlinger , name = com.tencent.mm/com.tencent.mm.ui.LauncherUI
08-19 11:26:44.030  1145  1392 W ActivityManager: Unable to start service Intent { act=miui.action.CAMERA_EMPTY_SERVICE pkg=com.android.camera } U=0: not found
08-19 11:26:44.030  1145  1392 I AutomaticBrightnessControllerInjector: setLightSensorEnabled: true
08-19 11:26:44.042  1145  1392 I AutomaticBrightnessControllerInjector: getLatestData res: 164.0
08-19 11:26:44.045  1145  1392 I AutomaticBrightnessControllerInjector: setProximitySensorEnabled disable
08-19 11:26:44.051  1145  1392 V DisplayPowerController: Brightness [-1.0] reason changing to: 'screen_off', previous reason: 'automatic'.
08-19 11:26:44.052  1145  2193 D LocalDisplayAdapter: setDisplayState(id=0, state=OFF)
08-19 11:26:44.053  1145  1367 I DisplayManagerService: Display device changed state: "内置屏幕", OFF
08-19 11:26:44.109  1145  2292 I WindowManager: input method visible height changed 0
08-19 11:26:44.116  1145  1145 V FingerprintService: startAuthentication(com.android.systemui)
08-19 11:26:44.116  1145  1145 V FingerprintService: starting client AuthenticationClientImpl(com.android.systemui) targetUserId: 0 currentUserId: 0 cookie: 0/0
08-19 11:26:44.121  6779  6779 W Activity: Slow Operation: Activity com.tencent.mm/.ui.LauncherUI onPause took 83ms
08-19 11:26:44.128  1145  1145 W FingerprintService: client com.android.systemui is authenticating...
08-19 11:26:44.146  1145  1367 W WindowManager: Changing focus fromWindow{19d1b49 mode=1 rootTaskId=1165 u0 com.tencent.mm/com.tencent.mm.ui.LauncherUI} to null displayId=0 Callers=com.android.server.wm.RootWindowContainer.updateFocusedWindowLocked:469 com.android.server.wm.WindowManagerService.updateFocusedWindowLocked:6048 com.android.server.wm.ActivityRecord.commitVisibility:4642 com.android.server.wm.ActivityRecord.setVisibility:4548 
08-19 11:26:44.146  1145  1367 D WindowManager: Input focus has changed to null
08-19 11:26:44.424  1145  2193 W BpBinder: Slow Binder: BpBinder transact took 373ms, interface=android.ui.ISurfaceComposer, code=18 oneway=false
08-19 11:26:44.467  1145  1367 I WindowManager: updateContrastOverlay, darkmode: true isContrastEnabled: true alpha: 0.0
08-19 11:26:44.573  1145  1145 V LocationPolicy: Screen state changed
08-19 11:26:44.646  2297  2297 V KeyguardStatusView: refresh statusview showing:true
08-19 11:26:44.684  1145  4705 I WindowManager: Relayout Window{c1d01a7 mode=1 rootTaskId=1 u0 NotificationShade}: oldVis=4 newVis=0 focusMayChange = true
08-19 11:26:44.698  1145  4705 W WindowManager: Changing focus fromnull to Window{c1d01a7 mode=1 rootTaskId=1 u0 NotificationShade} displayId=0 Callers=com.android.server.wm.RootWindowContainer.updateFocusedWindowLocked:469 com.android.server.wm.WindowManagerService.updateFocusedWindowLocked:6048 com.android.server.wm.WindowManagerService.relayoutWindow:2627 com.android.server.wm.Session.relayout:213 
08-19 11:26:44.709  1145  4705 D WindowManager: Input focus has changed to Window{c1d01a7 mode=1 rootTaskId=1 u0 NotificationShade}
08-19 11:26:45.043  2297  2665 D FlashlightController: onReceive: forceOff=false, state=false, from=com.miui.powerkeeper
08-19 11:26:45.199  1145  2139 D NsdService: unregister service
08-19 11:26:45.199  1145  2139 D NsdService: mdnssd [stop-register, 55]
08-19 11:26:47.057  1145  1531 W BaseMiuiPhoneWindowManager: keyCode:26 down:true eventTime:30684362 downTime:30684362 policyFlags:2000000 flags:8 deviceId:2 isScreenOn:false keyguardActive:true repeatCount:0
08-19 11:26:47.058  1145  1531 E systemui_boost: render-thread tid = 0, do not boost
08-19 11:26:47.069  1145  1531 I WindowManager: wakeup return eventTime: 30684362 result: 30684363
08-19 11:26:47.069  1145  1531 I PowerManagerService: Waking up from Asleep (uid=1000, reason=WAKE_REASON_POWER_BUTTON, details=android.policy:POWER)...
08-19 11:26:47.069  2297  3273 D miui_face: receive waking up with reason
08-19 11:26:47.071  1145  1392 I DisplayPowerController: Blocking screen on until initial contents have been drawn.
08-19 11:26:47.073  1145  1145 D MiuiScreenOnProximityLock: aquire
08-19 11:26:47.101  1145  1392 I AutomaticBrightnessControllerInjector: setLightSensorEnabled: false
08-19 11:26:47.101  1145  1392 I AutomaticBrightnessControllerInjector: getLatestData res: 179.0
08-19 11:26:47.102  1145  1392 I AutomaticBrightnessControllerInjector: setProximitySensorEnabled enable
08-19 11:26:47.103  1145  1392 D AutomaticBrightnessController: updateAutoBrightness: mScreenAutoBrightness=-1.0, newScreenAutoBrightness=0.22723882
08-19 11:26:47.103  1145  1392 V DisplayPowerController: Brightness [0.22723882] reason changing to: 'automatic', previous reason: 'screen_off'.
08-19 11:26:47.104  1145  2193 D LocalDisplayAdapter: setDisplayState(id=0, state=ON)
08-19 11:26:47.104  1145  1367 I DisplayManagerService: Display device changed state: "内置屏幕", ON
08-19 11:26:47.115  1145  1365 W WindowManager: Changing focus fromWindow{c1d01a7 mode=1 rootTaskId=1 u0 NotificationShade} to Window{63e4982 mode=1 rootTaskId=1 u0 ScreenOnProximitySensorGuide} displayId=0 Callers=com.android.server.wm.RootWindowContainer.updateFocusedWindowLocked:469 com.android.server.wm.WindowManagerService.updateFocusedWindowLocked:6048 com.android.server.wm.WindowManagerService.addWindow:1917 com.android.server.wm.Session.addToDisplayAsUser:176 
08-19 11:26:47.117  1145  1365 D WindowManager: Input focus has changed to Window{63e4982 mode=1 rootTaskId=1 u0 ScreenOnProximitySensorGuide}
08-19 11:26:47.141  1145  1376 V ActivityManager: Attempted to start a foreground service (com.mfashiongallery.emag/.lks.minusonescreen.overlay.OverlayService) with a broken notification (no icon: Notification(channel=gallery_overlay_windows shortcut=null contentView=null vibrate=null sound=null defaults=0x0 flags=0x40 color=0x00000000 vis=PRIVATE))
08-19 11:26:47.172  1145  1365 V WindowManager: Orientation start waiting for draw, mDrawState=DRAW_PENDING in Window{63e4982 mode=1 rootTaskId=1 u0 ScreenOnProximitySensorGuide}, surfaceController Surface(name=ScreenOnProximitySensorGuide)/@0xf6589e8
08-19 11:26:47.187  1145  1145 D StorageManagerService: Get the action of screen on
08-19 11:26:47.196   415 30047 D vold    : The trim thread is not running
08-19 11:26:47.197   415 30047 D vold    : idle maintenance stopped
08-19 11:26:47.229  1145  1531 W BaseMiuiPhoneWindowManager: keyCode:26 down:false eventTime:30684522 downTime:30684362 policyFlags:22000000 flags:8 deviceId:2 isScreenOn:true keyguardActive:true repeatCount:0
08-19 11:26:47.258  1145  1392 I DisplayPowerController: Unblocked screen on after 187 ms
08-19 11:26:47.263  1145  1145 V LocationPolicy: Screen state changed
08-19 11:26:47.277  1145  2293 W WindowManager: Changing focus fromWindow{63e4982 mode=1 rootTaskId=1 u0 ScreenOnProximitySensorGuide} to Window{c674c83 mode=1 rootTaskId=1 u0 Sys2009:com.mfashiongallery.emag/.lks.minusonescreen.overlay.OverlayService} displayId=0 Callers=com.android.server.wm.RootWindowContainer.updateFocusedWindowLocked:469 com.android.server.wm.WindowManagerService.updateFocusedWindowLocked:6048 com.android.server.wm.WindowManagerService.addWindow:1917 com.android.server.wm.Session.addToDisplayAsUser:176 
08-19 11:26:47.278  1145  2293 D WindowManager: Input focus has changed to Window{c674c83 mode=1 rootTaskId=1 u0 Sys2009:com.mfashiongallery.emag/.lks.minusonescreen.overlay.OverlayService}
08-19 11:26:47.300  1145  2167 D DisplayFeatureManager: setScreenEffect displayId=0 mode=0 value=2 cookie=255
08-19 11:26:47.301  1145  1392 W PowerManagerService: Screen on took 247 ms
08-19 11:26:47.307  1145  1145 D ProximitySensorWrapper: proximity distance: 5.0
08-19 11:26:47.387  1145  2167 D DisplayFeatureManager: setScreenEffect displayId=0 mode=3 value=155 cookie=255
08-19 11:26:47.397  1145  2167 D DisplayFeatureManager: setScreenEffect displayId=0 mode=31 value=0 cookie=255
08-19 11:26:47.400  1145  2292 V WindowManager: Orientation start waiting for draw, mDrawState=DRAW_PENDING in Window{c674c83 mode=1 rootTaskId=1 u0 Sys2009:com.mfashiongallery.emag/.lks.minusonescreen.overlay.OverlayService}, surfaceController Surface(name=Sys2009:com.mfashiongallery.emag/.lks.minusonescreen.overlay.OverlayService)/@0x8789730
08-19 11:26:47.403  1145  2292 W WindowManager: Changing focus fromWindow{c674c83 mode=1 rootTaskId=1 u0 Sys2009:com.mfashiongallery.emag/.lks.minusonescreen.overlay.OverlayService} to Window{63e4982 mode=1 rootTaskId=1 u0 ScreenOnProximitySensorGuide} displayId=0 Callers=com.android.server.wm.RootWindowContainer.updateFocusedWindowLocked:469 com.android.server.wm.WindowManagerService.updateFocusedWindowLocked:6048 com.android.server.wm.WindowManagerService.relayoutWindow:2627 com.android.server.wm.Session.relayout:213 
08-19 11:26:47.404  1145  2292 D WindowManager: Input focus has changed to Window{63e4982 mode=1 rootTaskId=1 u0 ScreenOnProximitySensorGuide}
08-19 11:26:47.411  1145  1145 D NotificationService: 0|com.mfashiongallery.emag|11111|null|10208: granting content://settings/system/notification_sound
08-19 11:26:47.417  1145  1145 I chatty  : uid=1000 system_server identical 5 lines
08-19 11:26:47.417  1145  1145 D NotificationService: 0|com.mfashiongallery.emag|11111|null|10208: granting content://settings/system/notification_sound
08-19 11:26:47.419  1145  1145 W NotificationHistory: Attempted to add notif for locked/gone/disabled user 0
08-19 11:26:47.605  1145  2139 D NsdService: Register service
08-19 11:26:47.605  1145  2139 D NsdService: registerService: 56 name: {"nm":"你大爷","as":"[8193, 8194]","ip":"102"}, type: _mi-connect._udp, host: null, port: 56666, txtRecord: idHash=ZTM2
08-19 11:26:47.605  1145  2139 D NsdService: dev=1sec=2apps=[8193, 8194]name=你大爷flags=Ag==
08-19 11:26:47.605  1145  2139 D NsdService: version=65540commonData=0appsData=AwIEgwIEgw==
08-19 11:26:47.605  1145  2139 D NsdService: mdnssd [register, 56, {"nm":"你大爷","as":"[8193, 8194]","ip":"102"}, _mi-connect._udp, 56666, DGlkSGFzaD1aVE0yCgVkZXY9MQVzZWM9MhFhcHBzPVs4MTkzLCA4MTk0XQ5uYW1lPeS9oOWkp+eItwtmbGFncz1BZz09Cg12ZXJzaW9uPTY1NTQwDGNvbW1vbkRhdGE9MBZhcHBzRGF0YT1Bd0lFZ3dJRWd3PT0K]
08-19 11:26:47.609  1145  2139 D NsdService: Register 13 56
08-19 11:26:47.609  1145  1365 D MiuiScreenOnProximityLock: far from the screen for a certain time, release proximity sensor...
08-19 11:26:47.609  1145  1365 D MiuiScreenOnProximityLock: release
08-19 11:26:47.626  1145  1365 W WindowManager: Changing focus fromWindow{63e4982 mode=1 rootTaskId=1 u0 ScreenOnProximitySensorGuide} to Window{c1d01a7 mode=1 rootTaskId=1 u0 NotificationShade} displayId=0 Callers=com.android.server.wm.RootWindowContainer.updateFocusedWindowLocked:469 com.android.server.wm.WindowManagerService.updateFocusedWindowLocked:6048 com.android.server.wm.RootWindowContainer.performSurfacePlacementNoTrace:833 com.android.server.wm.RootWindowContainer.performSurfacePlacement:817 
08-19 11:26:47.629  1145  1365 D WindowManager: Input focus has changed to Window{c1d01a7 mode=1 rootTaskId=1 u0 NotificationShade}
08-19 11:26:48.018  1145  1145 D FingerprintService: finger down, 6 22
08-19 11:26:48.018  1145  1145 V FingerprintService: Acquired: 6 22
08-19 11:26:48.074  1145  1145 V FingerprintService: Acquired: 5 0
08-19 11:26:48.132  1145  1145 D FingerprintService: finger down, 6 22
08-19 11:26:48.132  1145  1145 V FingerprintService: Acquired: 6 22
08-19 11:26:48.258  1145  1145 D FingerprintService: finger down, 6 22
08-19 11:26:48.258  1145  1145 V FingerprintService: Acquired: 6 22
08-19 11:26:48.320  1145  1145 D FingerprintService: finger down, 6 22
08-19 11:26:48.320  1145  1145 V FingerprintService: Acquired: 6 22
08-19 11:26:48.327  1145  2139 D NsdService: Native daemon message SERVICE_REGISTERED: 606 56 "{\"nm\":\"你大爷\",\"as\":\"[8193, 8194]\",\"ip\":\"102\"}"
08-19 11:26:48.459  1145  1145 V FingerprintService: Acquired: 0 0
08-19 11:26:48.462  1145  1145 V BiometricStats: Authentication latency: -1
08-19 11:26:48.462  1145  1145 W BiometricStats: found a negative latency : -1
08-19 11:26:48.462  1145  1145 D FingerprintService: info:com.android.systemui,1##(5-0),20210819-11:26:48
08-19 11:26:48.463  1145  1145 V FingerprintService: onAuthenticated(true), ID:-1576263816, Owner: com.android.systemui, isBP: false, listener: com.android.server.biometrics.fingerprint.FingerprintService$ServiceListenerImpl@c63b689, requireConfirmation: false, user: 0
08-19 11:26:48.466  1145  1145 D VibratorService: Turning vibrator on for 60  ms
08-19 11:26:48.468  1145  1145 V FingerprintService: Done with client: com.android.systemui
08-19 11:26:48.487  1145  2292 D ActivityTaskManager: Top Process State changed to PROCESS_STATE_TOP
08-19 11:26:48.490  2297  2297 W miui_keyguard: unlock keyguard by fp
08-19 11:26:48.497  1145  2292 I Timeline: Timeline: App_transition_ready time:30685806
08-19 11:26:48.498  2297  3431 I KeyguardViewMediator: call fw keyguardGoingAway: flags = 8
08-19 11:26:48.499  1145  2206 I Timeline: Timeline: App_transition_ready time:30685807
08-19 11:26:48.574  1145  1365 D MiuiScreenOnProximityLock: far from the screen for a certain time, release proximity sensor...
08-19 11:26:48.597  1145  2292 I WindowManager: Relayout Window{19d1b49 mode=1 rootTaskId=1165 u0 com.tencent.mm/com.tencent.mm.ui.LauncherUI}: oldVis=4 newVis=0 focusMayChange = true
08-19 11:26:48.603  1145  2292 I Timeline: Timeline: App_transition_ready time:30685912
08-19 11:26:48.708  1145  1368 I Timeline: Timeline: App_transition_ready time:30686016
08-19 11:26:48.731  1145  1367 I WindowManager: updateContrastOverlay, darkmode: true isContrastEnabled: true alpha: 0.0
08-19 11:26:48.751  1145  2292 I WindowManager: Relayout Window{1e7d1ce mode=1 rootTaskId=1 u0 GestureStubHome}: oldVis=8 newVis=0 focusMayChange = true
08-19 11:26:48.878  1145  1531 W BaseMiuiPhoneWindowManager: keyCode:23 down:true eventTime:30686186 downTime:30686186 policyFlags:22000000 flags:8 deviceId:6 isScreenOn:true keyguardActive:false repeatCount:0
08-19 11:26:48.881  2297  2553 I KeyguardSensorInjector: unregister pickup sensor
08-19 11:26:48.898  3846  3846 D miui.face.FaceService: lock screen passed
08-19 11:26:48.898  1145  1376 W BroadcastQueue: Background execution not allowed: receiving Intent { act=android.intent.action.USER_PRESENT flg=0x24200010 } to com.miui.voiceassist/com.xiaomi.voiceassistant.voiceTrigger.adapter.BootupReceiver
08-19 11:26:48.899  1145  2186 W WindowManager: Changing focus fromWindow{c1d01a7 mode=1 rootTaskId=1 u0 NotificationShade} to Window{19d1b49 mode=1 rootTaskId=1165 u0 com.tencent.mm/com.tencent.mm.ui.LauncherUI} displayId=0 Callers=com.android.server.wm.RootWindowContainer.updateFocusedWindowLocked:469 com.android.server.wm.WindowManagerService.updateFocusedWindowLocked:6048 com.android.server.wm.WindowManagerService.relayoutWindow:2627 com.android.server.wm.Session.relayout:213 
08-19 11:26:48.901  1145  1376 W BroadcastQueue: Background execution not allowed: receiving Intent { act=android.intent.action.USER_PRESENT flg=0x24200010 } to com.join.android.app.mgsim.wufun/cn.jpush.android.service.PushReceiver
08-19 11:26:48.901  1145  1376 W BroadcastQueue: Background execution not allowed: receiving Intent { act=android.intent.action.USER_PRESENT flg=0x24200010 } to com.mi.health/.sleeptrace.SleepTraceReceiver
08-19 11:26:48.901  1145  1376 W BroadcastQueue: Background execution not allowed: receiving Intent { act=android.intent.action.USER_PRESENT flg=0x24200010 } to tuoyan.com.xinghuo_daying/cn.jpush.android.service.PushReceiver
08-19 11:26:48.910  1145  2186 D WindowManager: Input focus has changed to Window{19d1b49 mode=1 rootTaskId=1165 u0 com.tencent.mm/com.tencent.mm.ui.LauncherUI}
08-19 11:26:48.967  2297  2665 D FlashlightController: onReceive: forceOff=false, state=false, from=com.miui.powerkeeper
08-19 11:26:49.017  1145  1368 I Timeline: Timeline: Activity_windows_visible id: ActivityRecord{2b5bc20 u0 com.tencent.mm/.ui.LauncherUI t1165} time:30686325
08-19 11:26:49.023  1145  1368 I Timeline: Timeline: App_transition_stopped time:30686332
08-19 11:26:49.327  1145  1145 W Looper  : Slow dispatch took 433ms main h=android.app.ActivityThread$H c=android.app.-$$Lambda$LoadedApk$ReceiverDispatcher$Args$_BumDX2UKsnxLVrE6UJsJZkotuA@99aa552 m=0
08-19 11:26:49.335  1145  1145 W Looper  : Slow delivery took 433ms main h=android.app.ActivityThread$H c=android.app.-$$Lambda$LoadedApk$ReceiverDispatcher$Args$_BumDX2UKsnxLVrE6UJsJZkotuA@4a39023 m=0
08-19 11:26:49.338  1145  1145 W Looper  : Drained
08-19 11:26:49.369  1145  1531 W BaseMiuiPhoneWindowManager: keyCode:23 down:false eventTime:30686677 downTime:30686186 policyFlags:22000000 flags:8 deviceId:6 isScreenOn:true keyguardActive:false repeatCount:0
08-19 11:26:49.485  2297  2297 W KeyguardViewMediator: fw call startKeyguardExitAnimation timeout
08-19 11:26:50.948  1145  2206 D CompatibilityChangeReporter: Compat change id reported: 135634846; UID 10185; state: DISABLED
08-19 11:26:50.948  1145  1377 D CompatibilityChangeReporter: Compat change id reported: 143937733; UID 10185; state: DISABLED
08-19 11:26:50.967  1145  1359 I WindowManager: Relayout Window{7701e07 mode=1 rootTaskId=1 u0 control_center}: oldVis=8 newVis=0 focusMayChange = true
08-19 11:26:50.970  1145  1377 D Boost   : hostingType=content provider, hostingName={com.mi.health/services.dataProvider.DataContentProvider}, callerPackage=com.android.systemui, isSystem=true, isBoostNeeded=false.
08-19 11:26:50.970  1145  1377 I ActivityManager: Start proc 30083:com.mi.health/u0a185 for content provider {com.mi.health/services.dataProvider.DataContentProvider} caller=com.android.systemui
08-19 11:26:50.974  1145  1359 W WindowManager: Changing focus fromWindow{19d1b49 mode=1 rootTaskId=1165 u0 com.tencent.mm/com.tencent.mm.ui.LauncherUI} to Window{7701e07 mode=1 rootTaskId=1 u0 control_center} displayId=0 Callers=com.android.server.wm.RootWindowContainer.updateFocusedWindowLocked:469 com.android.server.wm.WindowManagerService.updateFocusedWindowLocked:6048 com.android.server.wm.WindowManagerService.relayoutWindow:2627 com.android.server.wm.Session.relayout:213 
08-19 11:26:50.976  1145  1359 D WindowManager: Input focus has changed to Window{7701e07 mode=1 rootTaskId=1 u0 control_center}
08-19 11:26:51.015  1145  1359 W UriGrantsManagerService: For security reasons, the system cannot issue a Uri permission grant to content://com.miui.networkassistant.fileprovider/res/tmp_traffic0.png [user 0]; use startActivityAsCaller() instead
08-19 11:26:51.017  1145  2186 W UriGrantsManagerService: For security reasons, the system cannot issue a Uri permission grant to content://com.miui.networkassistant.fileprovider/res/tmp_traffic0.png [user 0]; use startActivityAsCaller() instead
08-19 11:26:51.026  1145  1359 D CompatibilityChangeReporter: Compat change id reported: 135634846; UID 10127; state: DISABLED
08-19 11:26:51.026  1145  1359 D CompatibilityChangeReporter: Compat change id reported: 135754954; UID 10127; state: DISABLED
08-19 11:26:51.027  1145  1377 D CompatibilityChangeReporter: Compat change id reported: 143937733; UID 10127; state: DISABLED
08-19 11:26:51.030  1145  1360 W UriGrantsManagerService: For security reasons, the system cannot issue a Uri permission grant to content://com.miui.networkassistant.fileprovider/res/tmp_bill0.png [user 0]; use startActivityAsCaller() instead
08-19 11:26:51.039  1145  1359 W UriGrantsManagerService: For security reasons, the system cannot issue a Uri permission grant to content://com.miui.networkassistant.fileprovider/res/tmp_bill0.png [user 0]; use startActivityAsCaller() instead
08-19 11:26:51.040  1145  1359 V ActivityManager: New death recipient com.android.server.am.ActivityManagerService$AppDeathRecipient@d60ceae for thread android.os.BinderProxy@9c5344f
08-19 11:26:51.045  1145  4711 D CompatibilityChangeReporter: Compat change id reported: 135634846; UID 1000; state: DISABLED
08-19 11:26:51.046  1145  4711 D CompatibilityChangeReporter: Compat change id reported: 135754954; UID 1000; state: DISABLED
08-19 11:26:51.050  1145  1377 D Boost   : hostingType=service, hostingName={com.milink.service/com.milink.ui.service.MiLinkTileService}, callerPackage=com.android.systemui, isSystem=true, isBoostNeeded=false.
08-19 11:26:51.052  1145  1377 I ActivityManager: Start proc 30101:com.milink.service/u0a127 for service {com.milink.service/com.milink.ui.service.MiLinkTileService} caller=com.android.systemui
08-19 11:26:51.067  1145  1360 D CompatibilityChangeReporter: Compat change id reported: 135634846; UID 1001; state: DISABLED
08-19 11:26:51.067  1145  1360 D CompatibilityChangeReporter: Compat change id reported: 135754954; UID 1001; state: DISABLED
08-19 11:26:51.069  1145  1376 V ActivityManager: Attempted to start a foreground service (com.miui.mishare.connectivity/.tile.MiShareTileService) with a broken notification (no icon: Notification(channel=MiShare shortcut=null contentView=null vibrate=null sound=null defaults=0x0 flags=0x40 color=0x00000000 vis=PRIVATE))
08-19 11:26:51.073  1145  1377 D Boost   : hostingType=service, hostingName={com.miui.screenrecorder/com.miui.screenrecorder.service.QuickService}, callerPackage=com.android.systemui, isSystem=true, isBoostNeeded=false.
08-19 11:26:51.074  1145  1377 I ActivityManager: Start proc 30107:com.miui.screenrecorder/1000 for service {com.miui.screenrecorder/com.miui.screenrecorder.service.QuickService} caller=com.android.systemui
08-19 11:26:51.088  1145  1377 D Boost   : hostingType=content provider, hostingName={com.miui.vsimcore/com.miui.vsimcore.provider.SettingProvider}, callerPackage=com.android.systemui, isSystem=true, isBoostNeeded=false.
08-19 11:26:51.089  1145  1377 I ActivityManager: Start proc 30113:com.miui.vsimcore/1001 for content provider {com.miui.vsimcore/com.miui.vsimcore.provider.SettingProvider} caller=com.android.systemui
08-19 11:26:51.121  1145  1359 V ActivityManager: New death recipient com.android.server.am.ActivityManagerService$AppDeathRecipient@5c0f36a for thread android.os.BinderProxy@b4e205b
08-19 11:26:51.129  1145  2292 V ActivityManager: New death recipient com.android.server.am.ActivityManagerService$AppDeathRecipient@5f419d1 for thread android.os.BinderProxy@172dc36
08-19 11:26:51.137  1145  1359 V ActivityManager: New death recipient com.android.server.am.ActivityManagerService$AppDeathRecipient@d4f820d for thread android.os.BinderProxy@78885c2
08-19 11:26:51.177 30083 30083 E LoadedApk: Unable to instantiate appComponentFactory
08-19 11:26:51.177 30083 30083 E LoadedApk: java.lang.InstantiationException: java.lang.Class<androidx.core.app.CoreComponentFactory> has no zero argument constructor
08-19 11:26:51.177 30083 30083 E LoadedApk: 	at java.lang.Class.newInstance(Native Method)
08-19 11:26:51.177 30083 30083 E LoadedApk: 	at android.app.LoadedApk.createAppFactory(LoadedApk.java:266)
08-19 11:26:51.177 30083 30083 E LoadedApk: 	at android.app.LoadedApk.createOrUpdateClassLoaderLocked(LoadedApk.java:911)
08-19 11:26:51.177 30083 30083 E LoadedApk: 	at android.app.LoadedApk.getClassLoader(LoadedApk.java:964)
08-19 11:26:51.177 30083 30083 E LoadedApk: 	at android.app.LoadedApk.getResources(LoadedApk.java:1196)
08-19 11:26:51.177 30083 30083 E LoadedApk: 	at android.app.ContextImpl.createAppContext(ContextImpl.java:2672)
08-19 11:26:51.177 30083 30083 E LoadedApk: 	at android.app.ContextImpl.createAppContext(ContextImpl.java:2664)
08-19 11:26:51.177 30083 30083 E LoadedApk: 	at android.app.ActivityThread.handleBindApplication(ActivityThread.java:6733)
08-19 11:26:51.177 30083 30083 E LoadedApk: 	at android.app.ActivityThread.access$1500(ActivityThread.java:250)
08-19 11:26:51.177 30083 30083 E LoadedApk: 	at android.app.ActivityThread$H.handleMessage(ActivityThread.java:1989)
08-19 11:26:51.177 30083 30083 E LoadedApk: 	at android.os.Handler.dispatchMessage(Handler.java:106)
08-19 11:26:51.177 30083 30083 E LoadedApk: 	at android.os.Looper.loop(Looper.java:236)
08-19 11:26:51.177 30083 30083 E LoadedApk: 	at android.app.ActivityThread.main(ActivityThread.java:7864)
08-19 11:26:51.177 30083 30083 E LoadedApk: 	at java.lang.reflect.Method.invoke(Native Method)
08-19 11:26:51.177 30083 30083 E LoadedApk: 	at com.android.internal.os.RuntimeInit$MethodAndArgsCaller.run(RuntimeInit.java:620)
08-19 11:26:51.177 30083 30083 E LoadedApk: 	at com.android.internal.os.ZygoteInit.main(ZygoteInit.java:1011)
08-19 11:26:51.296  2297 30080 W BpBinder: Slow Binder: BpBinder transact took 239ms, interface=android.app.IActivityManager, code=22 oneway=false
08-19 11:26:51.358  1145  4712 D CompatibilityChangeReporter: Compat change id reported: 136274596; UID 1000; state: DISABLED
08-19 11:26:51.358  1145  4712 D CompatibilityChangeReporter: Compat change id reported: 136219221; UID 1000; state: DISABLED
08-19 11:26:51.386  1145  2186 I ActivityManager: Killing 28917:com.miui.systemAdSolution:ui/u0a139 (adj 915): empty #13
08-19 11:26:51.386  1145  2186 I Process : PerfMonitor : current process sending signal quiet. PID: 28917 SIG: 9
08-19 11:26:51.387  1145  1378 I Process : PerfMonitor : current process killing process group. PID: 28917
08-19 11:26:51.422  1145  2186 V ActivityManager: Death received in com.android.server.am.ActivityManagerService$AppDeathRecipient@4497106 for thread android.os.BinderProxy@45923c7
08-19 11:26:51.455  2297 30081 W BpBinder: Slow Binder: BpBinder transact took 513ms, interface=android.app.IActivityManager, code=22 oneway=false
08-19 11:26:51.506  1145  4706 W ProcessStats: Tracking association SourceState{3d7c53c com.mi.health/10185 ImpFg #81026} whose proc state 2 is better than process ProcessState{95f72c5 com.android.deskclock/10098 pkg=com.android.deskclock} proc state 8 (6 skipped)
08-19 11:26:52.137  1145  2206 W WindowManager: Changing focus fromWindow{7701e07 mode=1 rootTaskId=1 u0 control_center} to Window{19d1b49 mode=1 rootTaskId=1165 u0 com.tencent.mm/com.tencent.mm.ui.LauncherUI} displayId=0 Callers=com.android.server.wm.RootWindowContainer.updateFocusedWindowLocked:469 com.android.server.wm.WindowManagerService.updateFocusedWindowLocked:6048 com.android.server.wm.WindowManagerService.relayoutWindow:2627 com.android.server.wm.Session.relayout:213 
08-19 11:26:52.139  1145  2206 D WindowManager: Input focus has changed to Window{19d1b49 mode=1 rootTaskId=1165 u0 com.tencent.mm/com.tencent.mm.ui.LauncherUI}
08-19 11:26:52.145  1145  4705 I WindowManager: Relayout Window{1e7d1ce mode=1 rootTaskId=1 u0 GestureStubHome}: oldVis=8 newVis=0 focusMayChange = true
08-19 11:26:52.419  1145  4706 I WindowManager: Relayout Window{fd2a86d mode=1 rootTaskId=1 u0 com.miui.home/com.miui.home.launcher.Launcher}: oldVis=8 newVis=0 focusMayChange = true
08-19 11:26:52.551  1145  4705 D MiuiActivityHelper: MEMINFO_KRECLAIMABLE: 60612, MEMINFO_SLAB_RECLAIMABLE: 50024, MEMINFO_BUFFERS: 11412, MEMINFO_CACHED: 873764, MEMINFO_FREE: 65144
08-19 11:26:52.554  1145  4705 D MiuiActivityHelper: cache: 1035194368, nativefree: 1004457984lostcache: 0
08-19 11:26:52.810  1145  2206 W WindowManager: Changing focus fromWindow{19d1b49 mode=1 rootTaskId=1165 u0 com.tencent.mm/com.tencent.mm.ui.LauncherUI} to Window{fd2a86d mode=1 rootTaskId=1 u0 com.miui.home/com.miui.home.launcher.Launcher} displayId=0 Callers=com.android.server.wm.RootWindowContainer.updateFocusedWindowLocked:469 com.android.server.wm.WindowManagerService.updateFocusedWindowLocked:6048 com.android.server.wm.DisplayContent.layoutAndAssignWindowLayersIfNeeded:3546 com.android.server.wm.ActivityStack.positionChildAtTop:3334 
08-19 11:26:52.813  1145  2206 D WindowManager: Input focus has changed to Window{fd2a86d mode=1 rootTaskId=1 u0 com.miui.home/com.miui.home.launcher.Launcher}
08-19 11:26:52.825  1145  2206 I Timeline: Timeline: App_transition_ready time:30690133
08-19 11:26:52.825  1145  2206 I Timeline: Timeline: Activity_windows_visible id: ActivityRecord{1aff938 u0 com.miui.home/.launcher.Launcher t2} time:30690133
08-19 11:26:52.825  1145  2206 I Timeline: Timeline: App_transition_stopped time:30690133
08-19 11:26:52.844  2297  2665 D FlashlightController: onReceive: forceOff=false, state=false, from=com.miui.powerkeeper
08-19 11:26:54.366  2507  2507 I Timeline: Timeline: Activity_launch_request time:30691675
08-19 11:26:54.371  1145  2186 I ActivityTaskManager: START u0 {act=android.intent.action.MAIN cat=[android.intent.category.LAUNCHER] flg=0x10200000 cmp=com.tencent.mobileqq/.activity.SplashActivity bnds=[76,996][244,1164] (has extras)} from uid 10084
08-19 11:26:54.375  1145  2186 W WindowManager: Changing focus fromWindow{fd2a86d mode=1 rootTaskId=1 u0 com.miui.home/com.miui.home.launcher.Launcher} to null displayId=0 Callers=com.android.server.wm.RootWindowContainer.updateFocusedWindowLocked:469 com.android.server.wm.WindowManagerService.updateFocusedWindowLocked:6048 com.android.server.wm.DisplayContent.setFocusedApp:5749 com.android.server.wm.ActivityTaskManagerService.setResumedActivityUncheckLocked:5716 
08-19 11:26:54.375  1145  2186 D WindowManager: Input focus has changed to null
08-19 11:26:54.386  1145  2161 D ActivityTaskManagerServiceInjector: Begin to report package foreground events...
08-19 11:26:54.389  1145  2293 I Timeline: Timeline: App_transition_ready time:30691697
08-19 11:26:54.390  1145  2206 V LocationPolicy: writePolicyLocked()
08-19 11:26:54.394  1145  1367 D CompatibilityChangeReporter: Compat change id reported: 136274596; UID 10209; state: DISABLED
08-19 11:26:54.408  1145  2206 I Timeline: Timeline: App_transition_ready time:30691716
08-19 11:26:54.552  1145  2291 I WindowManager: Relayout Window{92e1b0b mode=1 rootTaskId=1164 u0 com.tencent.mobileqq/com.tencent.mobileqq.activity.SplashActivity}: oldVis=4 newVis=0 focusMayChange = true
08-19 11:26:54.557  1145  2291 I Timeline: Timeline: App_transition_ready time:30691866
08-19 11:26:54.558  1145  2291 W WindowManager: Changing focus fromnull to Window{92e1b0b mode=1 rootTaskId=1164 u0 com.tencent.mobileqq/com.tencent.mobileqq.activity.SplashActivity} displayId=0 Callers=com.android.server.wm.RootWindowContainer.updateFocusedWindowLocked:469 com.android.server.wm.WindowManagerService.updateFocusedWindowLocked:6048 com.android.server.wm.WindowManagerService.relayoutWindow:2627 com.android.server.wm.Session.relayout:213 
08-19 11:26:54.560  1145  2291 D WindowManager: Input focus has changed to Window{92e1b0b mode=1 rootTaskId=1164 u0 com.tencent.mobileqq/com.tencent.mobileqq.activity.SplashActivity}
08-19 11:26:54.569  1145  2291 I Timeline: Timeline: App_transition_ready time:30691877
08-19 11:26:54.578  1145  2291 I Timeline: Timeline: App_transition_ready time:30691886
08-19 11:26:54.661  1145  1368 I Timeline: Timeline: App_transition_ready time:30691969
08-19 11:26:54.999  1145  2293 I Timeline: Timeline: Activity_windows_visible id: ActivityRecord{64007f6 u0 com.tencent.mobileqq/.activity.SplashActivity t1164} time:30692307
08-19 11:26:55.001  1145  1368 I Timeline: Timeline: App_transition_stopped time:30692309
08-19 11:26:57.101 11569 11569 W Looper  : PerfMonitor doFrame : time=159ms vsyncFrame=0 latency=308ms procState=2 historyMsgCount=3 (msgIndex=1 wall=314ms seq=24704 running=138ms runnable=3ms io=152ms late=5ms h=android.os.Handler c=androidx.fragment.app.FragmentManager$4)
08-19 11:26:57.455  1145  2293 D CompatibilityChangeReporter: Compat change id reported: 135634846; UID 10209; state: DISABLED
08-19 11:26:57.456  1145  1377 D CompatibilityChangeReporter: Compat change id reported: 143937733; UID 10209; state: DISABLED
08-19 11:26:57.473  1145  1377 D Boost   : hostingType=service, hostingName={com.tencent.mobileqq/com.tencent.aelight.camera.aebase.PeakService}, callerPackage=com.tencent.mobileqq, isSystem=false, isBoostNeeded=false.
08-19 11:26:57.474  1145  1377 I ActivityManager: Start proc 30346:com.tencent.mobileqq:peak/u0a209 for service {com.tencent.mobileqq/com.tencent.aelight.camera.aebase.PeakService} caller=com.tencent.mobileqq
08-19 11:26:57.509  1145  2206 V ActivityManager: New death recipient com.android.server.am.ActivityManagerService$AppDeathRecipient@a913e7c for thread android.os.BinderProxy@c99305
08-19 11:26:57.665  1145  2206 D PerfShielderService: com.tencent.mobileqq|com.tencent.mobileqq/com.tencent.mobileqq.activity.SplashActivity|889|30694832754213|493|0|16
08-19 11:26:57.669  3721 20095 W MiuiPerfServiceClient: interceptAndQueuing:11569|com.tencent.mobileqq|889|493|unknown|null|com.tencent.mobileqq/com.tencent.mobileqq.activity.SplashActivity|30694832754213|Slow main thread|16
08-19 11:26:57.837  1145  2206 D CompatibilityChangeReporter: Compat change id reported: 136274596; UID 10209; state: DISABLED
08-19 11:26:58.644 11569 11569 I Timeline: Timeline: Activity_launch_request time:30695952
08-19 11:26:58.670  1145  2293 I ActivityTaskManager: START u0 {flg=0x24040000 cmp=com.tencent.mobileqq/.richmediabrowser.AIOGalleryActivity (has extras)} from uid 10209
08-19 11:26:58.708  1145  2190 W WindowManager: Changing focus fromWindow{92e1b0b mode=1 rootTaskId=1164 u0 com.tencent.mobileqq/com.tencent.mobileqq.activity.SplashActivity} to null displayId=0 Callers=com.android.server.wm.RootWindowContainer.updateFocusedWindowLocked:469 com.android.server.wm.WindowManagerService.updateFocusedWindowLocked:6048 com.android.server.wm.DisplayContent.setFocusedApp:5749 com.android.server.wm.ActivityTaskManagerService.setResumedActivityUncheckLocked:5716 
08-19 11:26:58.708  1145  2190 D WindowManager: Input focus has changed to null
08-19 11:26:58.708  1145  1374 D PeriodicCleaner: com.tencent.mobileqq/com.tencent.mobileqq.richmediabrowser.AIOGalleryActivity isn't fullscreen, skip.
08-19 11:26:58.710  1145  2190 I Timeline: Timeline: App_transition_ready time:30696018
08-19 11:26:58.760  1145  4706 W ActivityManager: Receiver with filter android.content.IntentFilter@5965e3f already registered for pid 30346, callerPackage is com.tencent.mobileqq
08-19 11:26:59.073 30346 30346 W Looper  : PerfMonitor looperActivity : package=com.tencent.mobileqq/.richmediabrowser.AIOGalleryActivity time=0ms latency=372ms running=0ms  procState=2 ClientTransaction{ callbacks=[android.app.servertransaction.TopResumedActivityChangeItem] } historyMsgCount=1 (msgIndex=1 wall=372ms seq=12 running=169ms runnable=8ms io=103ms h=android.app.ActivityThread$H w=159)
08-19 11:26:59.084  1145  2206 I Timeline: Timeline: App_transition_ready time:30696392
08-19 11:26:59.090  1145  2206 I Timeline: Timeline: App_transition_ready time:30696398
08-19 11:26:59.090  1145  2293 I WindowManager: Relayout Window{b2f135 mode=1 rootTaskId=1164 u0 com.tencent.mobileqq/com.tencent.mobileqq.richmediabrowser.AIOGalleryActivity}: oldVis=4 newVis=0 focusMayChange = true
08-19 11:26:59.099  1145  2293 V WindowManager: Orientation start waiting for draw, mDrawState=DRAW_PENDING in Window{b2f135 mode=1 rootTaskId=1164 u0 com.tencent.mobileqq/com.tencent.mobileqq.richmediabrowser.AIOGalleryActivity}, surfaceController Surface(name=com.tencent.mobileqq/com.tencent.mobileqq.richmediabrowser.AIOGalleryActivity)/@0xfe4e73b
08-19 11:26:59.100  1145  2293 I Timeline: Timeline: App_transition_ready time:30696408
08-19 11:26:59.102  1145  2293 W WindowManager: Changing focus fromnull to Window{b2f135 mode=1 rootTaskId=1164 u0 com.tencent.mobileqq/com.tencent.mobileqq.richmediabrowser.AIOGalleryActivity} displayId=0 Callers=com.android.server.wm.RootWindowContainer.updateFocusedWindowLocked:469 com.android.server.wm.WindowManagerService.updateFocusedWindowLocked:6048 com.android.server.wm.WindowManagerService.relayoutWindow:2627 com.android.server.wm.Session.relayout:213 
08-19 11:26:59.105  1145  2293 D WindowManager: Input focus has changed to Window{b2f135 mode=1 rootTaskId=1164 u0 com.tencent.mobileqq/com.tencent.mobileqq.richmediabrowser.AIOGalleryActivity}
08-19 11:26:59.119  1145  1367 I Timeline: Timeline: App_transition_ready time:30696427
08-19 11:26:59.124  5679  5938 D DisplayFeatureManager: setScreenEffect displayId=0 mode=7 value=4 cookie=255
08-19 11:26:59.132  1145  4706 I Timeline: Timeline: App_transition_ready time:30696439
08-19 11:26:59.152  1145  4706 I Timeline: Timeline: App_transition_ready time:30696460
08-19 11:26:59.354  1145  1368 I Timeline: Timeline: App_transition_ready time:30696663
08-19 11:26:59.355  1145  1368 I Timeline: Timeline: Activity_windows_visible id: ActivityRecord{fff3e9d u0 com.tencent.mobileqq/.richmediabrowser.AIOGalleryActivity t1164} time:30696663
08-19 11:26:59.355  1145  1368 I Timeline: Timeline: App_transition_stopped time:30696663
08-19 11:27:07.241  1145  2186 I ActivityManager: Killing 29377:com.miui.guardprovider/u0a97 (adj 965): empty #13
