08-19 11:34:07.159  1145  1368 I Timeline: Timeline: App_transition_ready time:31124467
08-19 11:34:07.485  1145  2726 W ActivityManager: Receiver with filter android.content.IntentFilter@27eaf0a already registered for pid 31138, callerPackage is com.tencent.mobileqq
08-19 11:34:07.548  1145  1531 W BaseMiuiPhoneWindowManager: keyCode:23 down:true eventTime:31124856 downTime:31124856 policyFlags:22000000 flags:8 deviceId:6 isScreenOn:true keyguardActive:true repeatCount:0
08-19 11:34:07.566  1145  2293 I Timeline: Timeline: App_transition_ready time:31124875
08-19 11:34:07.734 31138 31138 W Looper  : PerfMonitor looperActivity : package=com.tencent.mobileqq/.richmediabrowser.AIOGalleryActivity time=0ms latency=611ms running=0ms  procState=2 ClientTransaction{ callbacks=[android.app.servertransaction.TopResumedActivityChangeItem] } historyMsgCount=3 (msgIndex=2 wall=219ms seq=2 running=158ms runnable=10ms late=5ms h=android.app.ActivityThread$H w=110) (msgIndex=3 wall=390ms seq=3 running=205ms runnable=13ms io=12ms late=221ms h=android.app.ActivityThread$H w=159)
08-19 11:34:07.745  1145  2293 I WindowManager: Relayout Window{7d3565e mode=1 rootTaskId=1164 u0 com.tencent.mobileqq/com.tencent.mobileqq.richmediabrowser.AIOGalleryActivity}: oldVis=4 newVis=0 focusMayChange = true
08-19 11:34:07.764  1145  2293 V WindowManager: Orientation start waiting for draw, mDrawState=DRAW_PENDING in Window{7d3565e mode=1 rootTaskId=1164 u0 com.tencent.mobileqq/com.tencent.mobileqq.richmediabrowser.AIOGalleryActivity}, surfaceController Surface(name=com.tencent.mobileqq/com.tencent.mobileqq.richmediabrowser.AIOGalleryActivity)/@0xefb0f0c
08-19 11:34:07.765  1145  2293 I Timeline: Timeline: App_transition_ready time:31125074
08-19 11:34:07.769  1145  2293 I Timeline: Timeline: App_transition_ready time:31125078
08-19 11:34:07.999  1145  1368 I Timeline: Timeline: App_transition_ready time:31125307
08-19 11:34:08.044  1145  2206 I WindowManager: Relayout Window{1e7d1ce mode=1 rootTaskId=1 u0 GestureStubHome}: oldVis=8 newVis=0 focusMayChange = true
08-19 11:34:08.070  1145  1367 I WindowManager: updateContrastOverlay, darkmode: true isContrastEnabled: true alpha: 0.0
08-19 11:34:08.164  2297  2553 I KeyguardSensorInjector: unregister pickup sensor
08-19 11:34:08.200  3846  3846 D miui.face.FaceService: lock screen passed
08-19 11:34:08.202  5679  5797 D PowerKeeper.AppStandby: disable standby chain
08-19 11:34:08.202  1145  1376 W BroadcastQueue: Background execution not allowed: receiving Intent { act=android.intent.action.USER_PRESENT flg=0x24200010 } to com.miui.voiceassist/com.xiaomi.voiceassistant.voiceTrigger.adapter.BootupReceiver
08-19 11:34:08.203  1145  1376 W BroadcastQueue: Background execution not allowed: receiving Intent { act=android.intent.action.USER_PRESENT flg=0x24200010 } to com.join.android.app.mgsim.wufun/cn.jpush.android.service.PushReceiver
08-19 11:34:08.203  1145  1376 W BroadcastQueue: Background execution not allowed: receiving Intent { act=android.intent.action.USER_PRESENT flg=0x24200010 } to com.mi.health/.sleeptrace.SleepTraceReceiver
08-19 11:34:08.204  1145  1376 W BroadcastQueue: Background execution not allowed: receiving Intent { act=android.intent.action.USER_PRESENT flg=0x24200010 } to tuoyan.com.xinghuo_daying/cn.jpush.android.service.PushReceiver
08-19 11:34:08.221  1145  1360 W WindowManager: Changing focus fromWindow{c1d01a7 mode=1 rootTaskId=1 u0 NotificationShade} to Window{7d3565e mode=1 rootTaskId=1164 u0 com.tencent.mobileqq/com.tencent.mobileqq.richmediabrowser.AIOGalleryActivity} displayId=0 Callers=com.android.server.wm.RootWindowContainer.updateFocusedWindowLocked:469 com.android.server.wm.WindowManagerService.updateFocusedWindowLocked:6048 com.android.server.wm.WindowManagerService.relayoutWindow:2627 com.android.server.wm.Session.relayout:213 
08-19 11:34:08.225  1145  1360 D WindowManager: Input focus has changed to Window{7d3565e mode=1 rootTaskId=1164 u0 com.tencent.mobileqq/com.tencent.mobileqq.richmediabrowser.AIOGalleryActivity}
08-19 11:34:08.287  2297  2297 W KeyguardViewMediator: fw call startKeyguardExitAnimation timeout
08-19 11:34:08.297  5679  5938 D DisplayFeatureManager: setScreenEffect displayId=0 mode=7 value=4 cookie=255
08-19 11:34:08.310  1145  1368 I Timeline: Timeline: Activity_windows_visible id: ActivityRecord{4221b69 u0 com.tencent.mobileqq/.richmediabrowser.AIOGalleryActivity t1164} time:31125618
08-19 11:34:08.310  1145  1368 I Timeline: Timeline: Activity_windows_visible id: ActivityRecord{64007f6 u0 com.tencent.mobileqq/.activity.SplashActivity t1164} time:31125618
08-19 11:34:08.312  1145  1368 I Timeline: Timeline: App_transition_stopped time:31125621
08-19 11:34:08.326  1145  1531 W BaseMiuiPhoneWindowManager: keyCode:23 down:false eventTime:31125634 downTime:31124856 policyFlags:22000000 flags:8 deviceId:6 isScreenOn:true keyguardActive:false repeatCount:0
08-19 11:34:08.736  1145  4708 D PerfShielderService: com.android.systemui|StatusBar|601|31125947211470|232|0|16
08-19 11:34:08.737  3721  3737 W MiuiPerfServiceClient: interceptAndQueuing:2297|com.android.systemui|601|232|unknown|null|StatusBar|31125947211470|Slow main thread|16
08-19 11:34:08.811  1145  1145 W Looper  : Slow dispatch took 613ms main h=android.app.ActivityThread$H c=android.app.-$$Lambda$LoadedApk$ReceiverDispatcher$Args$_BumDX2UKsnxLVrE6UJsJZkotuA@67a1dff m=0
08-19 11:34:08.816  1145  1145 W Looper  : Slow delivery took 613ms main h=android.app.ActivityThread$H c=android.app.-$$Lambda$LoadedApk$ReceiverDispatcher$Args$_BumDX2UKsnxLVrE6UJsJZkotuA@95ca7cc m=0
08-19 11:34:08.822  1145  1145 W Looper  : Drained
08-19 11:34:08.822  2297  2503 W BpBinder: Slow Binder: BpBinder transact took 475ms, interface=android.app.trust.ITrustManager, code=6 oneway=false
08-19 11:34:09.432  5679  5938 D DisplayFeatureManager: setScreenEffect displayId=0 mode=7 value=1 cookie=255
08-19 11:34:09.476  1145  4708 D PerfShielderService: com.tencent.mobileqq|com.tencent.mobileqq/com.tencent.mobileqq.activity.SplashActivity|428|31125991658316|126|3|17
08-19 11:34:09.477  3721  3737 W MiuiPerfServiceClient: interceptAndQueuing:11569|com.tencent.mobileqq|428|126|unknown|null|com.tencent.mobileqq/com.tencent.mobileqq.activity.SplashActivity|31125991658316|Slow handle traversal|17
08-19 11:34:09.841  1145  4700 W WindowManager: Changing focus fromWindow{7d3565e mode=1 rootTaskId=1164 u0 com.tencent.mobileqq/com.tencent.mobileqq.richmediabrowser.AIOGalleryActivity} to Window{92e1b0b mode=1 rootTaskId=1164 u0 com.tencent.mobileqq/com.tencent.mobileqq.activity.SplashActivity} displayId=0 Callers=com.android.server.wm.RootWindowContainer.updateFocusedWindowLocked:469 com.android.server.wm.WindowManagerService.updateFocusedWindowLocked:6048 com.android.server.wm.DisplayContent.setFocusedApp:5749 com.android.server.wm.ActivityTaskManagerService.setResumedActivityUncheckLocked:5716 
08-19 11:34:09.843  1145  4700 D WindowManager: Input focus has changed to Window{92e1b0b mode=1 rootTaskId=1164 u0 com.tencent.mobileqq/com.tencent.mobileqq.activity.SplashActivity}
08-19 11:34:09.848  1145  4700 I Timeline: Timeline: App_transition_ready time:31127156
08-19 11:34:09.848  1145  4700 I Timeline: Timeline: App_transition_stopped time:31127156
08-19 11:34:09.862  1145  1367 I ActivityManager: Killing 29740:com.xiaomi.market/u0a129 (adj 955): empty #13
08-19 11:34:09.862  1145  1367 W PreloadController: notify...pkgName=com.xiaomi.market, userId=0, processName=com.xiaomi.market, pid=29740, reason=empty #13
08-19 11:34:09.863  1145  1367 I Process : PerfMonitor : current process sending signal quiet. PID: 29740 SIG: 9
08-19 11:34:09.863  1145  1378 I Process : PerfMonitor : current process killing process group. PID: 29740
08-19 11:34:09.864  1145  2164 W PreloadManager: checkMemory()...... free=1105708, total=3825592, threshold=614400
08-19 11:34:09.865  1145  2164 W PreloadManager: Failed : usage, pkg=com.xiaomi.market
08-19 11:34:09.865  1145  2164 W PreloadController: Will not preload com.xiaomi.market, decision = false, mMonitor.size()=5
08-19 11:34:09.980  1145  1360 V ActivityManager: Death received in com.android.server.am.ActivityManagerService$AppDeathRecipient@a11140c for thread android.os.BinderProxy@aa96155
08-19 11:34:10.692  1145  1360 D PerfShielderService: com.tencent.mobileqq|com.tencent.mobileqq/com.tencent.mobileqq.activity.SplashActivity|140|31127311131778|63|3|3
08-19 11:34:10.693  3721  3737 W MiuiPerfServiceClient: interceptAndQueuing:11569|com.tencent.mobileqq|140|63|unknown|null|com.tencent.mobileqq/com.tencent.mobileqq.activity.SplashActivity|31127311131778|Slow handle traversal|3
08-19 11:34:14.823  1145  1360 V WindowManager: Orientation start waiting for draw, mDrawState=DRAW_PENDING in Window{ca70263 mode=1 rootTaskId=1164 u0 PopupWindow}, surfaceController Surface(name=PopupWindow)/@0x4719f19
08-19 11:34:15.851 11569 11569 I Timeline: Timeline: Activity_launch_request time:31133159
08-19 11:34:15.852  1145  4700 I ActivityTaskManager: START u0 {flg=0x40000 cmp=com.tencent.mobileqq/.activity.ForwardRecentActivity (has extras)} from uid 10209
08-19 11:34:15.883  1145  1360 W ActivityTaskManager: Tried to set launchTime (0) < mLastActivityLaunchTime (30239491)
08-19 11:34:15.885  1145  1360 W WindowManager: Changing focus fromWindow{92e1b0b mode=1 rootTaskId=1164 u0 com.tencent.mobileqq/com.tencent.mobileqq.activity.SplashActivity} to null displayId=0 Callers=com.android.server.wm.RootWindowContainer.updateFocusedWindowLocked:469 com.android.server.wm.WindowManagerService.updateFocusedWindowLocked:6048 com.android.server.wm.DisplayContent.setFocusedApp:5749 com.android.server.wm.ActivityTaskManagerService.setResumedActivityUncheckLocked:5716 
--------- beginning of main
08-19 11:34:15.885  7817  8248 I GuardService: notifyChange! preName = ComponentInfo{com.tencent.mobileqq/com.tencent.mobileqq.activity.SplashActivity}; curName = ComponentInfo{com.tencent.mobileqq/com.tencent.mobileqq.activity.ForwardRecentActivity}
08-19 11:34:15.885  1145  1360 D WindowManager: Input focus has changed to null
08-19 11:34:15.887  1145  1360 I Timeline: Timeline: App_transition_ready time:31133196
08-19 11:34:15.896 11569 11569 D LocaleManager: tryApplyLocaleIfNeeded, resLocale:zh_CN
08-19 11:34:15.897 11569 11569 D LocaleManager: queryCurrentLocale, currentLocale:zh_CN
08-19 11:34:15.897  1145  4700 I InputDispatcher: setInputWindows displayId=0 Window{32a2b6 mode=1 rootTaskId=1 u0 RoundCorner} Window{820f860 mode=1 rootTaskId=1 u0 RoundCorner} Window{426318 mode=1 rootTaskId=1 u0 GestureStubRight} Window{dcb2e15 mode=1 rootTaskId=1 u0 GestureStubLeft} Window{1e7d1ce mode=1 rootTaskId=1 u0 GestureStubHome} Window{6927dc9 mode=1 rootTaskId=1 u0 NavigationBar0} Window{66b724a mode=1 rootTaskId=1 u0 StatusBar} PopupWindow#0 Window{92e1b0b mode=1 rootTaskId=1164 u0 com.tencent.mobileqq/com.tencent.mobileqq.activity.SplashActivity} recents_animation_input_consumer Window{80d3d25 mode=1 rootTaskId=1 u0 com.miui.miwallpaper.wallpaperservice.MiuiKeyguardPictorialWallpaper} Window{7be6bbd mode=1 rootTaskId=1 u0 com.miui.miwallpaper.wallpaperservice.ImageWallpaper} 
08-19 11:34:15.899 11569 20988 D ViewContentFactory: initViewContentFetcherClass
08-19 11:34:15.899 11569 20988 I ContentCatcher: ViewContentFetcher : ViewContentFetcher
08-19 11:34:15.899 11569 20988 D ViewContentFactory: createInterceptor took 0ms
08-19 11:34:15.914  1145  4700 I InputDispatcher: setInputWindows displayId=0 Window{32a2b6 mode=1 rootTaskId=1 u0 RoundCorner} Window{820f860 mode=1 rootTaskId=1 u0 RoundCorner} Window{426318 mode=1 rootTaskId=1 u0 GestureStubRight} Window{dcb2e15 mode=1 rootTaskId=1 u0 GestureStubLeft} Window{1e7d1ce mode=1 rootTaskId=1 u0 GestureStubHome} Window{6927dc9 mode=1 rootTaskId=1 u0 NavigationBar0} Window{66b724a mode=1 rootTaskId=1 u0 StatusBar} PopupWindow#0 com.tencent.mobileqq/com.tencent.mobileqq.activity.SplashActivity#0 recents_animation_input_consumer Window{80d3d25 mode=1 rootTaskId=1 u0 com.miui.miwallpaper.wallpaperservice.MiuiKeyguardPictorialWallpaper} Window{7be6bbd mode=1 rootTaskId=1 u0 com.miui.miwallpaper.wallpaperservice.ImageWallpaper} 
08-19 11:34:15.914  1145  4700 I InputDispatcher: Focus left window: Window{92e1b0b mode=1 rootTaskId=1164 u0 com.tencent.mobileqq/com.tencent.mobileqq.activity.SplashActivity} in display 0
08-19 11:34:15.914  1145  4700 D MIUIInput: [FoucsChange]: Display  0 FocusedWindow From Window{92e1b0b mode=1 rootTaskId=1164 u0 com.tencent.mobileqq/com.tencent.mobileqq.activity.SplashActivity}(1,1)  to null(0,0)
08-19 11:34:15.914  1145  4700 I InputDispatcher: Window went away: Window{92e1b0b mode=1 rootTaskId=1164 u0 com.tencent.mobileqq/com.tencent.mobileqq.activity.SplashActivity}
08-19 11:34:15.918 11569 11569 D SkinEngine: get index : 38654711839
08-19 11:34:15.920 11569 11569 D SkinEngine: get index : 38654711840
08-19 11:34:15.920 11569 11569 D SkinEngine: get index : 38654711848
08-19 11:34:15.923 11569 11569 D SkinEngine: get index : 38654729919
08-19 11:34:15.926 11569 11569 D SkinEngine: get index : 38654723407
08-19 11:34:15.927 11569 11569 D SkinEngine: get index : 4294970732
08-19 11:34:15.928 11569 11569 D SkinEngine: get index : 4294970032
08-19 11:34:15.928 11569 11569 D SkinEngine: get index : 4294970734
08-19 11:34:15.928 11569 11569 D SkinEngine: get index : 4294970035
08-19 11:34:15.929 11569 11569 D SkinEngine: get index : 4294970034
08-19 11:34:15.929 11569 11569 D SkinEngine: get index : 4294970033
08-19 11:34:15.930  1145  4700 I InputDispatcher: setInputWindows displayId=0 Window{32a2b6 mode=1 rootTaskId=1 u0 RoundCorner} Window{820f860 mode=1 rootTaskId=1 u0 RoundCorner} Window{426318 mode=1 rootTaskId=1 u0 GestureStubRight} Window{dcb2e15 mode=1 rootTaskId=1 u0 GestureStubLeft} Window{1e7d1ce mode=1 rootTaskId=1 u0 GestureStubHome} Window{6927dc9 mode=1 rootTaskId=1 u0 NavigationBar0} Window{66b724a mode=1 rootTaskId=1 u0 StatusBar} PopupWindow#0 com.tencent.mobileqq/com.tencent.mobileqq.activity.SplashActivity#0 recents_animation_input_consumer Window{80d3d25 mode=1 rootTaskId=1 u0 com.miui.miwallpaper.wallpaperservice.MiuiKeyguardPictorialWallpaper} Window{7be6bbd mode=1 rootTaskId=1 u0 com.miui.miwallpaper.wallpaperservice.ImageWallpaper} 
08-19 11:34:15.940 11569 11569 D SkinEngine: get index : 38654707941
08-19 11:34:15.947  1145  4700 I InputDispatcher: setInputWindows displayId=0 Window{32a2b6 mode=1 rootTaskId=1 u0 RoundCorner} Window{820f860 mode=1 rootTaskId=1 u0 RoundCorner} Window{426318 mode=1 rootTaskId=1 u0 GestureStubRight} Window{dcb2e15 mode=1 rootTaskId=1 u0 GestureStubLeft} Window{1e7d1ce mode=1 rootTaskId=1 u0 GestureStubHome} Window{6927dc9 mode=1 rootTaskId=1 u0 NavigationBar0} Window{66b724a mode=1 rootTaskId=1 u0 StatusBar} PopupWindow#0 com.tencent.mobileqq/com.tencent.mobileqq.activity.SplashActivity#0 recents_animation_input_consumer Window{80d3d25 mode=1 rootTaskId=1 u0 com.miui.miwallpaper.wallpaperservice.MiuiKeyguardPictorialWallpaper} Window{7be6bbd mode=1 rootTaskId=1 u0 com.miui.miwallpaper.wallpaperservice.ImageWallpaper} 
08-19 11:34:15.947 11569 11569 I IphoneTitleBarActivity: printWindowFeatures: FEATURE_OPTIONS_PANEL
08-19 11:34:15.947 11569 11569 I IphoneTitleBarActivity: printWindowFeatures: FEATURE_CONTEXT_MENU
08-19 11:34:15.947 11569 11569 I IphoneTitleBarActivity: printWindowFeatures: FEATURE_CUSTOM_TITLE
08-19 11:34:15.956 11569 11569 D TabDataHelper: getTabDataList uin=3023, tabDataList=NEW_WORLD GUILD RIJ, model=1
08-19 11:34:15.956 11569 11569 I TabDataHelper: getTabSwitch uin=3023,guidValue=1,newWoldValue=1,rijValue=2,guidLocalValue=4,newWoldLocalValue=4,rijLocalValue=4
08-19 11:34:15.956 11569 11569 D TabDataHelper: isExtendTabShow businessType: GUILD show: false
08-19 11:34:15.964  1145  4700 I InputDispatcher: setInputWindows displayId=0 Window{32a2b6 mode=1 rootTaskId=1 u0 RoundCorner} Window{820f860 mode=1 rootTaskId=1 u0 RoundCorner} Window{426318 mode=1 rootTaskId=1 u0 GestureStubRight} Window{dcb2e15 mode=1 rootTaskId=1 u0 GestureStubLeft} Window{1e7d1ce mode=1 rootTaskId=1 u0 GestureStubHome} Window{6927dc9 mode=1 rootTaskId=1 u0 NavigationBar0} Window{66b724a mode=1 rootTaskId=1 u0 StatusBar} PopupWindow#0 com.tencent.mobileqq/com.tencent.mobileqq.activity.SplashActivity#0 recents_animation_input_consumer Window{80d3d25 mode=1 rootTaskId=1 u0 com.miui.miwallpaper.wallpaperservice.MiuiKeyguardPictorialWallpaper} Window{7be6bbd mode=1 rootTaskId=1 u0 com.miui.miwallpaper.wallpaperservice.ImageWallpaper} 
08-19 11:34:15.971 11569 11569 D ForwardOption.ForwardEntranceActivity: -->doOnCreate_init--isSdkShare=false, pkgName=null, appid=, isFromWeb=false, isFromShare=false, isFromDatalineAIO=false
08-19 11:34:15.973 11569 11569 D SkinEngine: get index : 38654711392
08-19 11:34:15.975 11569 11569 D SkinEngine: get index : 38654721574
08-19 11:34:15.977 11569 11569 D SkinEngine: get index : 38654721424
08-19 11:34:15.980 11569 11569 D SkinEngine: get index : 4294970362
08-19 11:34:15.980  1145  4700 I InputDispatcher: setInputWindows displayId=0 Window{32a2b6 mode=1 rootTaskId=1 u0 RoundCorner} Window{820f860 mode=1 rootTaskId=1 u0 RoundCorner} Window{426318 mode=1 rootTaskId=1 u0 GestureStubRight} Window{dcb2e15 mode=1 rootTaskId=1 u0 GestureStubLeft} Window{1e7d1ce mode=1 rootTaskId=1 u0 GestureStubHome} Window{6927dc9 mode=1 rootTaskId=1 u0 NavigationBar0} Window{66b724a mode=1 rootTaskId=1 u0 StatusBar} PopupWindow#0 com.tencent.mobileqq/com.tencent.mobileqq.activity.SplashActivity#0 recents_animation_input_consumer Window{80d3d25 mode=1 rootTaskId=1 u0 com.miui.miwallpaper.wallpaperservice.MiuiKeyguardPictorialWallpaper} Window{7be6bbd mode=1 rootTaskId=1 u0 com.miui.miwallpaper.wallpaperservice.ImageWallpaper} 
08-19 11:34:15.981 11569 11569 D SkinEngine: get index : 4294968802
08-19 11:34:15.983 11569 11569 D SkinEngine: get index : 4294968803
08-19 11:34:15.983 11569 11569 D SkinEngine: get index : 4294968805
08-19 11:34:15.984 11569 11569 D SkinEngine: get index : 4294968806
08-19 11:34:15.984 11569 11569 D SkinEngine: get index : 4294968804
08-19 11:34:15.985 11569 11569 D SkinEngine: get index : 38654707830
08-19 11:34:15.986 11569 11569 D SkinEngine: get index : 38654729548
08-19 11:34:15.987 11569 11569 D SkinEngine: get index : 38654729555
08-19 11:34:15.988  2297  2297 D AppMiniWindowManager: topActivity updated in onTaskStackChanged
08-19 11:34:15.988 11569 11569 D SkinEngine: get index : 38654729556
08-19 11:34:15.990 11569 11569 D SkinEngine: get index : 38654721421
08-19 11:34:15.991 11569 11569 D SkinEngine: get index : 38654721420
08-19 11:34:15.992 11569 11569 D SkinEngine: get index : 38654707875
08-19 11:34:15.993  1145  4700 D skia    : SkJpegCodec::onGetPixels +
08-19 11:34:15.993  1145  4700 D libjpeg-alpha-oal: SWIP_INIT return
08-19 11:34:15.995 11569 11569 D SkinEngine: get index : 38654707900
08-19 11:34:15.995 11569 11569 D SkinEngine: get index : 38654729837
08-19 11:34:15.996 11569 11569 D SkinEngine: get index : 38654729840
08-19 11:34:15.996 11569 11569 D SkinEngine: get index : 38654707806
08-19 11:34:15.997  1145  1360 I InputDispatcher: setInputWindows displayId=0 Window{32a2b6 mode=1 rootTaskId=1 u0 RoundCorner} Window{820f860 mode=1 rootTaskId=1 u0 RoundCorner} Window{426318 mode=1 rootTaskId=1 u0 GestureStubRight} Window{dcb2e15 mode=1 rootTaskId=1 u0 GestureStubLeft} Window{1e7d1ce mode=1 rootTaskId=1 u0 GestureStubHome} Window{6927dc9 mode=1 rootTaskId=1 u0 NavigationBar0} Window{66b724a mode=1 rootTaskId=1 u0 StatusBar} PopupWindow#0 com.tencent.mobileqq/com.tencent.mobileqq.activity.SplashActivity#0 recents_animation_input_consumer Window{80d3d25 mode=1 rootTaskId=1 u0 com.miui.miwallpaper.wallpaperservice.MiuiKeyguardPictorialWallpaper} Window{7be6bbd mode=1 rootTaskId=1 u0 com.miui.miwallpaper.wallpaperservice.ImageWallpaper} 
08-19 11:34:16.000 11569 11569 D SkinEngine: get index : 38654728197
08-19 11:34:16.001  1145  4700 D skia    : SkJpegCodec::onGetPixels -
08-19 11:34:16.002 11569 11569 D SkinEngine: get index : 38654707870
08-19 11:34:16.002 11569 11569 D SkinEngine: get index : 38654729576
08-19 11:34:16.002 11569 11569 D SkinEngine: get index : 38654711525
08-19 11:34:16.008 11569 11569 D SkinEngine: get index : 38654707103
08-19 11:34:16.009 11569 11569 D SkinEngine: get index : 38654722145
08-19 11:34:16.010 11569 11569 D SkinEngine: get index : 38654722144
08-19 11:34:16.010 11569 11569 D SkinEngine: get index : 38654722143
08-19 11:34:16.014  1145  4700 I InputDispatcher: setInputWindows displayId=0 Window{32a2b6 mode=1 rootTaskId=1 u0 RoundCorner} Window{820f860 mode=1 rootTaskId=1 u0 RoundCorner} Window{426318 mode=1 rootTaskId=1 u0 GestureStubRight} Window{dcb2e15 mode=1 rootTaskId=1 u0 GestureStubLeft} Window{1e7d1ce mode=1 rootTaskId=1 u0 GestureStubHome} Window{6927dc9 mode=1 rootTaskId=1 u0 NavigationBar0} Window{66b724a mode=1 rootTaskId=1 u0 StatusBar} PopupWindow#0 com.tencent.mobileqq/com.tencent.mobileqq.activity.SplashActivity#0 recents_animation_input_consumer Window{80d3d25 mode=1 rootTaskId=1 u0 com.miui.miwallpaper.wallpaperservice.MiuiKeyguardPictorialWallpaper} Window{7be6bbd mode=1 rootTaskId=1 u0 com.miui.miwallpaper.wallpaperservice.ImageWallpaper} 
08-19 11:34:16.015 11569 11569 D SkinEngine: get index : 38654726642
08-19 11:34:16.017   601   601 I SurfaceFlinger: operator()(), mtkRenderCntDebug 46159, screenshot (com.tencent.mobileqq/com.tencent.mobileqq.activity.SplashActivity#0)
08-19 11:34:16.017 11569 11569 D SkinEngine: get index : 38654725031
08-19 11:34:16.026 11569 11569 D LocaleManager: tryApplyLocaleIfNeeded, resLocale:zh_CN
08-19 11:34:16.026 11569 11569 D LocaleManager: queryCurrentLocale, currentLocale:zh_CN
08-19 11:34:16.027 11569 11569 D DtSdkInitStep: 848QQDT [ignoreAppEvent] activity: com.tencent.mobileqq.activity.ForwardRecentActivity@8f608a4
08-19 11:34:16.030 11569 11569 V PhoneWindow: DecorView setVisiblity: visibility = 4, Parent = null, this = DecorView@3adb12c[]
08-19 11:34:16.030   601  2755 I SurfaceFlinger: [SF client] NEW(0xb400007b09baf6c0) for (11569:com.tencent.mobileqq)
08-19 11:34:16.031  1145  1360 I InputDispatcher: setInputWindows displayId=0 Window{32a2b6 mode=1 rootTaskId=1 u0 RoundCorner} Window{820f860 mode=1 rootTaskId=1 u0 RoundCorner} Window{426318 mode=1 rootTaskId=1 u0 GestureStubRight} Window{dcb2e15 mode=1 rootTaskId=1 u0 GestureStubLeft} Window{1e7d1ce mode=1 rootTaskId=1 u0 GestureStubHome} Window{6927dc9 mode=1 rootTaskId=1 u0 NavigationBar0} Window{66b724a mode=1 rootTaskId=1 u0 StatusBar} PopupWindow#0 com.tencent.mobileqq/com.tencent.mobileqq.activity.SplashActivity#0 recents_animation_input_consumer Window{80d3d25 mode=1 rootTaskId=1 u0 com.miui.miwallpaper.wallpaperservice.MiuiKeyguardPictorialWallpaper} Window{7be6bbd mode=1 rootTaskId=1 u0 com.miui.miwallpaper.wallpaperservice.ImageWallpaper} 
08-19 11:34:16.032  1145  1368 I Timeline: Timeline: App_transition_ready time:31133341
08-19 11:34:16.033 11569 11569 D ViewRootImpl[ForwardRecentActivity]: hardware acceleration = true , fakeHwAccelerated = false, sRendererDisabled = false, forceHwAccelerated = false, sSystemRendererDisabled = false
08-19 11:34:16.036 11569 11569 I InputTransport: Create ARC handle: 0xaf55df20
08-19 11:34:16.036 11569 11569 V PhoneWindow: DecorView setVisiblity: visibility = 0, Parent = android.view.ViewRootImpl@39f1cd7, this = DecorView@3adb12c[ForwardRecentActivity]
08-19 11:34:16.037  2507  2507 D RecentsImpl: mActivityStateObserver com.tencent.mobileqq.activity.ForwardRecentActivity
08-19 11:34:16.037  2507  2507 W RecentsImpl: onResumed className=com.tencent.mobileqq.activity.ForwardRecentActivity   mIsInAnotherPro=false
08-19 11:34:16.037  2507  2622 D RecentsImpl: showNavStubView
08-19 11:34:16.037  2507  2621 W RecentsImpl: disableBackStubWindow    disableTouch=false
08-19 11:34:16.037  2507  2621 D RecentsImpl: showBackStubWindow  mHasNavigationBar=true   mDisabledByDriveMode=false
08-19 11:34:16.038  2507  2621 W GestureStubView: adaptRotation   currentRotation=0   mRotation=0
08-19 11:34:16.038  2507  2621 D GestureStubView: resetRenderProperty: showGestureStub
08-19 11:34:16.038  2507  2621 D GestureStubView: showGestureStub
08-19 11:34:16.038  2507  2621 W GestureStubView: adaptRotation   currentRotation=0   mRotation=0
08-19 11:34:16.038  2507  2621 D GestureStubView: resetRenderProperty: showGestureStub
08-19 11:34:16.038  2507  2621 D GestureStubView: showGestureStub
08-19 11:34:16.044  1145  4700 I WindowManager: Relayout Window{4d36a4d mode=1 rootTaskId=1164 u0 com.tencent.mobileqq/com.tencent.mobileqq.activity.ForwardRecentActivity}: oldVis=4 newVis=0 focusMayChange = true
08-19 11:34:16.044   601  2755 I BufferQueueConsumer: [](id:259000007f6,api:0,p:0,c:601) connect(): controlledByApp=false
08-19 11:34:16.044   601  2755 I BufferQueue: [unnamed-601-2038](this:0xb400007ae9316058,id:2038,api:0,p:-1,c:-1) BufferQueue core=(601:/system/bin/surfaceflinger)
08-19 11:34:16.046  1145  4700 V WindowManager: Orientation start waiting for draw, mDrawState=DRAW_PENDING in Window{4d36a4d mode=1 rootTaskId=1164 u0 com.tencent.mobileqq/com.tencent.mobileqq.activity.ForwardRecentActivity}, surfaceController Surface(name=com.tencent.mobileqq/com.tencent.mobileqq.activity.ForwardRecentActivity)/@0xb3f0213
08-19 11:34:16.047  1145  4700 I Timeline: Timeline: App_transition_ready time:31133356
08-19 11:34:16.048  1145  2293 I InputDispatcher: setInputWindows displayId=0 Window{32a2b6 mode=1 rootTaskId=1 u0 RoundCorner} Window{820f860 mode=1 rootTaskId=1 u0 RoundCorner} Window{426318 mode=1 rootTaskId=1 u0 GestureStubRight} Window{dcb2e15 mode=1 rootTaskId=1 u0 GestureStubLeft} Window{1e7d1ce mode=1 rootTaskId=1 u0 GestureStubHome} Window{6927dc9 mode=1 rootTaskId=1 u0 NavigationBar0} Window{66b724a mode=1 rootTaskId=1 u0 StatusBar} com.tencent.mobileqq/com.tencent.mobileqq.activity.ForwardRecentActivity#0 com.tencent.mobileqq/com.tencent.mobileqq.activity.SplashActivity#0 recents_animation_input_consumer Window{80d3d25 mode=1 rootTaskId=1 u0 com.miui.miwallpaper.wallpaperservice.MiuiKeyguardPictorialWallpaper} Window{7be6bbd mode=1 rootTaskId=1 u0 com.miui.miwallpaper.wallpaperservice.ImageWallpaper} 
08-19 11:34:16.048  1145  2293 I InputDispatcher: Window went away: PopupWindow#0
08-19 11:34:16.049   601   601 I BufferQueueConsumer: [PopupWindow#0](id:259000007f5,api:0,p:-1,c:601) disconnect()
08-19 11:34:16.049   601   601 I BufferQueue: [PopupWindow#0](this:0xb400007b09bd7058,id:2037,api:1,p:-1,c:-1) onDestructor()
08-19 11:34:16.049  1145  4700 I Timeline: Timeline: App_transition_ready time:31133358
08-19 11:34:16.050  1145  4700 W WindowManager: Changing focus fromnull to Window{4d36a4d mode=1 rootTaskId=1164 u0 com.tencent.mobileqq/com.tencent.mobileqq.activity.ForwardRecentActivity} displayId=0 Callers=com.android.server.wm.RootWindowContainer.updateFocusedWindowLocked:469 com.android.server.wm.WindowManagerService.updateFocusedWindowLocked:6048 com.android.server.wm.WindowManagerService.relayoutWindow:2627 com.android.server.wm.Session.relayout:213 
08-19 11:34:16.051  1145  4700 D WindowManager: Input focus has changed to Window{4d36a4d mode=1 rootTaskId=1164 u0 com.tencent.mobileqq/com.tencent.mobileqq.activity.ForwardRecentActivity}
08-19 11:34:16.054   601  2650 I BufferQueueProducer: [com.tencent.mobileqq/com.tencent.mobileqq.activity.ForwardRecentActivity#0](id:259000007f6,api:1,p:11569,c:601) connect(): api=1 producerControlledByApp=false
08-19 11:34:16.055  1145  1360 I Timeline: Timeline: App_transition_ready time:31133364
08-19 11:34:16.057  2507  2621 D GestureStubView: gatherTransparentRegion: need render w:54  h:1404
08-19 11:34:16.059  1145  2293 I Timeline: Timeline: App_transition_ready time:31133368
08-19 11:34:16.061  2507  2621 D GestureStubView: gatherTransparentRegion: need render w:54  h:1404
08-19 11:34:16.064  1145  2293 I InputDispatcher: setInputWindows displayId=0 Window{32a2b6 mode=1 rootTaskId=1 u0 RoundCorner} Window{820f860 mode=1 rootTaskId=1 u0 RoundCorner} Window{426318 mode=1 rootTaskId=1 u0 GestureStubRight} Window{dcb2e15 mode=1 rootTaskId=1 u0 GestureStubLeft} Window{1e7d1ce mode=1 rootTaskId=1 u0 GestureStubHome} Window{6927dc9 mode=1 rootTaskId=1 u0 NavigationBar0} Window{66b724a mode=1 rootTaskId=1 u0 StatusBar} Window{4d36a4d mode=1 rootTaskId=1164 u0 com.tencent.mobileqq/com.tencent.mobileqq.activity.ForwardRecentActivity} com.tencent.mobileqq/com.tencent.mobileqq.activity.SplashActivity#0 recents_animation_input_consumer Window{80d3d25 mode=1 rootTaskId=1 u0 com.miui.miwallpaper.wallpaperservice.MiuiKeyguardPictorialWallpaper} Window{7be6bbd mode=1 rootTaskId=1 u0 com.miui.miwallpaper.wallpaperservice.ImageWallpaper} 
08-19 11:34:16.064  1145  2293 I InputDispatcher: Window went away: com.tencent.mobileqq/com.tencent.mobileqq.activity.ForwardRecentActivity#0
08-19 11:34:16.081  1145  2293 I InputDispatcher: setInputWindows displayId=0 Window{32a2b6 mode=1 rootTaskId=1 u0 RoundCorner} Window{820f860 mode=1 rootTaskId=1 u0 RoundCorner} Window{426318 mode=1 rootTaskId=1 u0 GestureStubRight} Window{dcb2e15 mode=1 rootTaskId=1 u0 GestureStubLeft} Window{1e7d1ce mode=1 rootTaskId=1 u0 GestureStubHome} Window{6927dc9 mode=1 rootTaskId=1 u0 NavigationBar0} Window{66b724a mode=1 rootTaskId=1 u0 StatusBar} Window{4d36a4d mode=1 rootTaskId=1164 u0 com.tencent.mobileqq/com.tencent.mobileqq.activity.ForwardRecentActivity} com.tencent.mobileqq/com.tencent.mobileqq.activity.SplashActivity#0 recents_animation_input_consumer Window{80d3d25 mode=1 rootTaskId=1 u0 com.miui.miwallpaper.wallpaperservice.MiuiKeyguardPictorialWallpaper} Window{7be6bbd mode=1 rootTaskId=1 u0 com.miui.miwallpaper.wallpaperservice.ImageWallpaper} 
08-19 11:34:16.082  1145  1368 I Timeline: Timeline: App_transition_ready time:31133390
08-19 11:34:16.082  1145  1375 I ActivityTaskManager: Displayed com.tencent.mobileqq/.activity.ForwardRecentActivity: +230ms
08-19 11:34:16.085  2297  2503 D MiuiPhoneStatusBarPolicy: updateManagedProfile: secondSpace = false
08-19 11:34:16.098  1145  2726 I InputDispatcher: setInputWindows displayId=0 Window{32a2b6 mode=1 rootTaskId=1 u0 RoundCorner} Window{820f860 mode=1 rootTaskId=1 u0 RoundCorner} Window{426318 mode=1 rootTaskId=1 u0 GestureStubRight} Window{dcb2e15 mode=1 rootTaskId=1 u0 GestureStubLeft} Window{1e7d1ce mode=1 rootTaskId=1 u0 GestureStubHome} Window{6927dc9 mode=1 rootTaskId=1 u0 NavigationBar0} Window{66b724a mode=1 rootTaskId=1 u0 StatusBar} Window{4d36a4d mode=1 rootTaskId=1164 u0 com.tencent.mobileqq/com.tencent.mobileqq.activity.ForwardRecentActivity} com.tencent.mobileqq/com.tencent.mobileqq.activity.SplashActivity#0 recents_animation_input_consumer Window{80d3d25 mode=1 rootTaskId=1 u0 com.miui.miwallpaper.wallpaperservice.MiuiKeyguardPictorialWallpaper} Window{7be6bbd mode=1 rootTaskId=1 u0 com.miui.miwallpaper.wallpaperservice.ImageWallpaper} 
08-19 11:34:16.098  1145  2726 I InputDispatcher: Focus entered window: Window{4d36a4d mode=1 rootTaskId=1164 u0 com.tencent.mobileqq/com.tencent.mobileqq.activity.ForwardRecentActivity} in display 0
08-19 11:34:16.098  1145  2726 D MIUIInput: [FoucsChange]: Display  0 FocusedWindow From null(0,0)  to Window{4d36a4d mode=1 rootTaskId=1164 u0 com.tencent.mobileqq/com.tencent.mobileqq.activity.ForwardRecentActivity}(1,1)
08-19 11:34:16.115  1145  2726 I InputDispatcher: setInputWindows displayId=0 Window{32a2b6 mode=1 rootTaskId=1 u0 RoundCorner} Window{820f860 mode=1 rootTaskId=1 u0 RoundCorner} Window{426318 mode=1 rootTaskId=1 u0 GestureStubRight} Window{dcb2e15 mode=1 rootTaskId=1 u0 GestureStubLeft} Window{1e7d1ce mode=1 rootTaskId=1 u0 GestureStubHome} Window{6927dc9 mode=1 rootTaskId=1 u0 NavigationBar0} Window{66b724a mode=1 rootTaskId=1 u0 StatusBar} Window{4d36a4d mode=1 rootTaskId=1164 u0 com.tencent.mobileqq/com.tencent.mobileqq.activity.ForwardRecentActivity} com.tencent.mobileqq/com.tencent.mobileqq.activity.SplashActivity#0 recents_animation_input_consumer Window{80d3d25 mode=1 rootTaskId=1 u0 com.miui.miwallpaper.wallpaperservice.MiuiKeyguardPictorialWallpaper} Window{7be6bbd mode=1 rootTaskId=1 u0 com.miui.miwallpaper.wallpaperservice.ImageWallpaper} 
08-19 11:34:16.117  4758  4758 V PhoneWindow: DecorView setVisiblity: visibility = 8, Parent = android.view.ViewRootImpl@eb73992, this = DecorView@389352c[InputMethod]
08-19 11:34:16.126 11569 11990 D ApplicationLife: [process] handleMessage: invoked. send starting sProcessName: com.tencent.mobileqq
08-19 11:34:16.126 11569 11990 D ApplicationLife: [process] handleMessage: invoked.  sCountActivity: 2
08-19 11:34:16.127  3564  5683 D MSF.C.DeepSleepDetector: onProcessViewableChanged process: com.tencent.mobileqq, state: true, at: 31133335
08-19 11:34:16.130   601  2650 I BufferQueueProducer: [com.tencent.mobileqq/com.tencent.mobileqq.activity.ForwardRecentActivity#0](id:259000007f6,api:1,p:11569,c:601) disconnect(): api=1
08-19 11:34:16.131   601  2650 I BufferQueueProducer: [com.tencent.mobileqq/com.tencent.mobileqq.activity.ForwardRecentActivity#0](id:259000007f6,api:1,p:11569,c:601) connect(): api=1 producerControlledByApp=false
08-19 11:34:16.132  1145  2726 I InputDispatcher: setInputWindows displayId=0 Window{32a2b6 mode=1 rootTaskId=1 u0 RoundCorner} Window{820f860 mode=1 rootTaskId=1 u0 RoundCorner} Window{426318 mode=1 rootTaskId=1 u0 GestureStubRight} Window{dcb2e15 mode=1 rootTaskId=1 u0 GestureStubLeft} Window{1e7d1ce mode=1 rootTaskId=1 u0 GestureStubHome} Window{6927dc9 mode=1 rootTaskId=1 u0 NavigationBar0} Window{66b724a mode=1 rootTaskId=1 u0 StatusBar} Window{4d36a4d mode=1 rootTaskId=1164 u0 com.tencent.mobileqq/com.tencent.mobileqq.activity.ForwardRecentActivity} com.tencent.mobileqq/com.tencent.mobileqq.activity.SplashActivity#0 recents_animation_input_consumer Window{80d3d25 mode=1 rootTaskId=1 u0 com.miui.miwallpaper.wallpaperservice.MiuiKeyguardPictorialWallpaper} Window{7be6bbd mode=1 rootTaskId=1 u0 com.miui.miwallpaper.wallpaperservice.ImageWallpaper} 
08-19 11:34:16.137  1145  1475 W SensorService: Dropping 1 cached events (984/984) to save 1/1 new events. 6 events previously dropped
08-19 11:34:16.144 11569 11569 D GuardManager: [process][put] onReceive: invoked.  process: com.tencent.mobileqq
08-19 11:34:16.144 11569 11569 D GuardManager: [process][ACTION_PLUGIN_FG] onReceive: invoked.  runningTimeAllowed: true
08-19 11:34:16.144 11569 11977 D GuardManager: [handleMessageForQQPluginFG] old: com.tencent.mobileqq, new: com.tencent.mobileqq
08-19 11:34:16.146 11569 11977 D GuardManager.GuardStateScheduler: [process] filterRealForegroundProcMap: invoked.  realProcMap: {com.tencent.mobileqq=1629344056126}
08-19 11:34:16.146   580   617 I mtkpower@impl: [setMode] type:5, enabled:0
08-19 11:34:16.146   580   664 I libPowerHal: [perfLockRel] hdl:8422, idx:0
08-19 11:34:16.146   580   664 I libPowerHal: [PD] scn:0 hdl:8422 hint:11 comm:mtkpower@1.0-se pid:580
08-19 11:34:16.147   580   616 I mtkpower@impl: [mtkPowerHint] hint:23, hold:0, ext:30, ext_hold:5000
08-19 11:34:16.147   580   664 I libPowerHal: [perfLockRel] hdl:8424, idx:2
08-19 11:34:16.147   580   664 I libPowerHal: [PD] scn:2 hdl:8424 hint:23 comm:mtkpower@1.0-se pid:580
08-19 11:34:16.147   580   664 I libPowerHal: [PD] MTKPOWER_HINT_ACT_SWITCH update cmd:1408300 param:0
08-19 11:34:16.149  1145  2726 I InputDispatcher: setInputWindows displayId=0 Window{32a2b6 mode=1 rootTaskId=1 u0 RoundCorner} Window{820f860 mode=1 rootTaskId=1 u0 RoundCorner} Window{426318 mode=1 rootTaskId=1 u0 GestureStubRight} Window{dcb2e15 mode=1 rootTaskId=1 u0 GestureStubLeft} Window{1e7d1ce mode=1 rootTaskId=1 u0 GestureStubHome} Window{6927dc9 mode=1 rootTaskId=1 u0 NavigationBar0} Window{66b724a mode=1 rootTaskId=1 u0 StatusBar} Window{4d36a4d mode=1 rootTaskId=1164 u0 com.tencent.mobileqq/com.tencent.mobileqq.activity.ForwardRecentActivity} com.tencent.mobileqq/com.tencent.mobileqq.activity.SplashActivity#0 recents_animation_input_consumer Window{80d3d25 mode=1 rootTaskId=1 u0 com.miui.miwallpaper.wallpaperservice.MiuiKeyguardPictorialWallpaper} Window{7be6bbd mode=1 rootTaskId=1 u0 com.miui.miwallpaper.wallpaperservice.ImageWallpaper} 
08-19 11:34:16.150   580   664 I libPowerHal: [perfLockAcq] idx:0 hdl:8425 hint:30 pid:580 duration:5000 => ret_hdl:8425
08-19 11:34:16.150   580   664 I libPowerHal: [PE] scn:0 hdl:8425 hint:30 comm:mtkpower@1.0-se pid:580
08-19 11:34:16.150   580   664 I libPowerHal: [PE] MTKPOWER_HINT_EXT_LAUNCH update cmd:2020000, param:15
08-19 11:34:16.150   580   664 I libPowerHal: [PE] MTKPOWER_HINT_EXT_LAUNCH update cmd:1408300, param:40
08-19 11:34:16.151  4758  4758 V PhoneWindow: DecorView setVisiblity: visibility = 8, Parent = android.view.ViewRootImpl@eb73992, this = DecorView@389352c[InputMethod]
08-19 11:34:16.151 11569 11977 D GuardManager: [process] filterRealForegroundProcMap: invoked.  realProcMap: {com.tencent.mobileqq=1629344056126}
08-19 11:34:16.165  1145  2206 I InputDispatcher: setInputWindows displayId=0 Window{32a2b6 mode=1 rootTaskId=1 u0 RoundCorner} Window{820f860 mode=1 rootTaskId=1 u0 RoundCorner} Window{426318 mode=1 rootTaskId=1 u0 GestureStubRight} Window{dcb2e15 mode=1 rootTaskId=1 u0 GestureStubLeft} Window{1e7d1ce mode=1 rootTaskId=1 u0 GestureStubHome} Window{6927dc9 mode=1 rootTaskId=1 u0 NavigationBar0} Window{66b724a mode=1 rootTaskId=1 u0 StatusBar} Window{4d36a4d mode=1 rootTaskId=1164 u0 com.tencent.mobileqq/com.tencent.mobileqq.activity.ForwardRecentActivity} com.tencent.mobileqq/com.tencent.mobileqq.activity.SplashActivity#0 recents_animation_input_consumer Window{80d3d25 mode=1 rootTaskId=1 u0 com.miui.miwallpaper.wallpaperservice.MiuiKeyguardPictorialWallpaper} Window{7be6bbd mode=1 rootTaskId=1 u0 com.miui.miwallpaper.wallpaperservice.ImageWallpaper} 
08-19 11:34:16.199  1145  2206 I chatty  : uid=1000(system) Binder:1145_6 identical 2 lines
08-19 11:34:16.216  1145  2206 I InputDispatcher: setInputWindows displayId=0 Window{32a2b6 mode=1 rootTaskId=1 u0 RoundCorner} Window{820f860 mode=1 rootTaskId=1 u0 RoundCorner} Window{426318 mode=1 rootTaskId=1 u0 GestureStubRight} Window{dcb2e15 mode=1 rootTaskId=1 u0 GestureStubLeft} Window{1e7d1ce mode=1 rootTaskId=1 u0 GestureStubHome} Window{6927dc9 mode=1 rootTaskId=1 u0 NavigationBar0} Window{66b724a mode=1 rootTaskId=1 u0 StatusBar} Window{4d36a4d mode=1 rootTaskId=1164 u0 com.tencent.mobileqq/com.tencent.mobileqq.activity.ForwardRecentActivity} com.tencent.mobileqq/com.tencent.mobileqq.activity.SplashActivity#0 recents_animation_input_consumer Window{80d3d25 mode=1 rootTaskId=1 u0 com.miui.miwallpaper.wallpaperservice.MiuiKeyguardPictorialWallpaper} Window{7be6bbd mode=1 rootTaskId=1 u0 com.miui.miwallpaper.wallpaperservice.ImageWallpaper} 
08-19 11:34:16.219   601   601 I SurfaceFlinger: operator()(), mtkRenderCntDebug 46160, screenshot (com.tencent.mobileqq/com.tencent.mobileqq.activity.SplashActivity#0)
08-19 11:34:16.219   601   601 I SurfaceFlinger: operator()(), mtkRenderCntDebug 46160, screenshot (com.tencent.mobileqq/com.tencent.mobileqq.activity.ForwardRecentActivity#0)
08-19 11:34:16.233  1145  2206 I InputDispatcher: setInputWindows displayId=0 Window{32a2b6 mode=1 rootTaskId=1 u0 RoundCorner} Window{820f860 mode=1 rootTaskId=1 u0 RoundCorner} Window{426318 mode=1 rootTaskId=1 u0 GestureStubRight} Window{dcb2e15 mode=1 rootTaskId=1 u0 GestureStubLeft} Window{1e7d1ce mode=1 rootTaskId=1 u0 GestureStubHome} Window{6927dc9 mode=1 rootTaskId=1 u0 NavigationBar0} Window{66b724a mode=1 rootTaskId=1 u0 StatusBar} Window{4d36a4d mode=1 rootTaskId=1164 u0 com.tencent.mobileqq/com.tencent.mobileqq.activity.ForwardRecentActivity} com.tencent.mobileqq/com.tencent.mobileqq.activity.SplashActivity#0 recents_animation_input_consumer Window{80d3d25 mode=1 rootTaskId=1 u0 com.miui.miwallpaper.wallpaperservice.MiuiKeyguardPictorialWallpaper} Window{7be6bbd mode=1 rootTaskId=1 u0 com.miui.miwallpaper.wallpaperservice.ImageWallpaper} 
08-19 11:34:16.250  1145  2206 I chatty  : uid=1000(system) Binder:1145_6 identical 1 line
08-19 11:34:16.266  1145  2206 I InputDispatcher: setInputWindows displayId=0 Window{32a2b6 mode=1 rootTaskId=1 u0 RoundCorner} Window{820f860 mode=1 rootTaskId=1 u0 RoundCorner} Window{426318 mode=1 rootTaskId=1 u0 GestureStubRight} Window{dcb2e15 mode=1 rootTaskId=1 u0 GestureStubLeft} Window{1e7d1ce mode=1 rootTaskId=1 u0 GestureStubHome} Window{6927dc9 mode=1 rootTaskId=1 u0 NavigationBar0} Window{66b724a mode=1 rootTaskId=1 u0 StatusBar} Window{4d36a4d mode=1 rootTaskId=1164 u0 com.tencent.mobileqq/com.tencent.mobileqq.activity.ForwardRecentActivity} com.tencent.mobileqq/com.tencent.mobileqq.activity.SplashActivity#0 recents_animation_input_consumer Window{80d3d25 mode=1 rootTaskId=1 u0 com.miui.miwallpaper.wallpaperservice.MiuiKeyguardPictorialWallpaper} Window{7be6bbd mode=1 rootTaskId=1 u0 com.miui.miwallpaper.wallpaperservice.ImageWallpaper} 
08-19 11:34:16.282   580   664 I mtkpower@impl: [powerd_req] TIMER_MSG_PERF_LOCK_TIMEOUT hdl:8423
08-19 11:34:16.282   580   664 I libPowerHal: [perfLockRel] hdl:8423, idx:1
08-19 11:34:16.282   580   664 I libPowerHal: [PD] scn:1 hdl:8423 lock_user:system_server pid:1145 tid:4700 dur:400
08-19 11:34:16.283  1145  2206 I InputDispatcher: setInputWindows displayId=0 Window{32a2b6 mode=1 rootTaskId=1 u0 RoundCorner} Window{820f860 mode=1 rootTaskId=1 u0 RoundCorner} Window{426318 mode=1 rootTaskId=1 u0 GestureStubRight} Window{dcb2e15 mode=1 rootTaskId=1 u0 GestureStubLeft} Window{1e7d1ce mode=1 rootTaskId=1 u0 GestureStubHome} Window{6927dc9 mode=1 rootTaskId=1 u0 NavigationBar0} Window{66b724a mode=1 rootTaskId=1 u0 StatusBar} Window{4d36a4d mode=1 rootTaskId=1164 u0 com.tencent.mobileqq/com.tencent.mobileqq.activity.ForwardRecentActivity} com.tencent.mobileqq/com.tencent.mobileqq.activity.SplashActivity#0 recents_animation_input_consumer Window{80d3d25 mode=1 rootTaskId=1 u0 com.miui.miwallpaper.wallpaperservice.MiuiKeyguardPictorialWallpaper} Window{7be6bbd mode=1 rootTaskId=1 u0 com.miui.miwallpaper.wallpaperservice.ImageWallpaper} 
08-19 11:34:16.283   580   664 I libPowerHal: system_server: cpu_ctrl set cpu freq: -1 -1 -1 -1
08-19 11:34:16.283   580   664 I libPowerHal: system_server: set gpu opp level: 29
08-19 11:34:16.283   580   664 I libPowerHal: system_server: set gpu opp level max: 0
08-19 11:34:16.283   580   664 I libPowerHal: [PD] system_server update cmd:1000000, param:1
08-19 11:34:16.283   580   664 I libPowerHal: [PD] system_server update cmd:1000000 param:1
08-19 11:34:16.300  1145  2206 I InputDispatcher: setInputWindows displayId=0 Window{32a2b6 mode=1 rootTaskId=1 u0 RoundCorner} Window{820f860 mode=1 rootTaskId=1 u0 RoundCorner} Window{426318 mode=1 rootTaskId=1 u0 GestureStubRight} Window{dcb2e15 mode=1 rootTaskId=1 u0 GestureStubLeft} Window{1e7d1ce mode=1 rootTaskId=1 u0 GestureStubHome} Window{6927dc9 mode=1 rootTaskId=1 u0 NavigationBar0} Window{66b724a mode=1 rootTaskId=1 u0 StatusBar} Window{4d36a4d mode=1 rootTaskId=1164 u0 com.tencent.mobileqq/com.tencent.mobileqq.activity.ForwardRecentActivity} com.tencent.mobileqq/com.tencent.mobileqq.activity.SplashActivity#0 recents_animation_input_consumer Window{80d3d25 mode=1 rootTaskId=1 u0 com.miui.miwallpaper.wallpaperservice.MiuiKeyguardPictorialWallpaper} Window{7be6bbd mode=1 rootTaskId=1 u0 com.miui.miwallpaper.wallpaperservice.ImageWallpaper} 
08-19 11:34:16.311   601  2755 I BufferQueueProducer: [NavigationBar0#0](this:0xb400007ae9313658,id:9,api:1,p:2297,c:601) queueBuffer: fps=0.12 dur=8020.46 max=8020.46 min=8020.46
08-19 11:34:16.317  1145  2206 I InputDispatcher: setInputWindows displayId=0 Window{32a2b6 mode=1 rootTaskId=1 u0 RoundCorner} Window{820f860 mode=1 rootTaskId=1 u0 RoundCorner} Window{426318 mode=1 rootTaskId=1 u0 GestureStubRight} Window{dcb2e15 mode=1 rootTaskId=1 u0 GestureStubLeft} Window{1e7d1ce mode=1 rootTaskId=1 u0 GestureStubHome} Window{6927dc9 mode=1 rootTaskId=1 u0 NavigationBar0} Window{66b724a mode=1 rootTaskId=1 u0 StatusBar} Window{4d36a4d mode=1 rootTaskId=1164 u0 com.tencent.mobileqq/com.tencent.mobileqq.activity.ForwardRecentActivity} com.tencent.mobileqq/com.tencent.mobileqq.activity.SplashActivity#0 recents_animation_input_consumer Window{80d3d25 mode=1 rootTaskId=1 u0 com.miui.miwallpaper.wallpaperservice.MiuiKeyguardPictorialWallpaper} Window{7be6bbd mode=1 rootTaskId=1 u0 com.miui.miwallpaper.wallpaperservice.ImageWallpaper} 
08-19 11:34:16.324   601  2650 I BufferQueueProducer: [StatusBar#0](this:0xb400007b09a5f458,id:11,api:1,p:2297,c:601) queueBuffer: fps=3.49 dur=6590.07 max=6224.56 min=5.71
08-19 11:34:16.325  1145  2124 E WifiVendorHal: getWifiLinkLayerStats_1_3_Internal(l.976) failed {.code = ERROR_NOT_SUPPORTED, .description = }
08-19 11:34:16.333  1145  2206 I InputDispatcher: setInputWindows displayId=0 Window{32a2b6 mode=1 rootTaskId=1 u0 RoundCorner} Window{820f860 mode=1 rootTaskId=1 u0 RoundCorner} Window{426318 mode=1 rootTaskId=1 u0 GestureStubRight} Window{dcb2e15 mode=1 rootTaskId=1 u0 GestureStubLeft} Window{1e7d1ce mode=1 rootTaskId=1 u0 GestureStubHome} Window{6927dc9 mode=1 rootTaskId=1 u0 NavigationBar0} Window{66b724a mode=1 rootTaskId=1 u0 StatusBar} Window{4d36a4d mode=1 rootTaskId=1164 u0 com.tencent.mobileqq/com.tencent.mobileqq.activity.ForwardRecentActivity} com.tencent.mobileqq/com.tencent.mobileqq.activity.SplashActivity#0 recents_animation_input_consumer Window{80d3d25 mode=1 rootTaskId=1 u0 com.miui.miwallpaper.wallpaperservice.MiuiKeyguardPictorialWallpaper} Window{7be6bbd mode=1 rootTaskId=1 u0 com.miui.miwallpaper.wallpaperservice.ImageWallpaper} 
08-19 11:34:16.383  1145  2206 I chatty  : uid=1000(system) Binder:1145_6 identical 3 lines
08-19 11:34:16.399  1145  2206 I InputDispatcher: setInputWindows displayId=0 Window{32a2b6 mode=1 rootTaskId=1 u0 RoundCorner} Window{820f860 mode=1 rootTaskId=1 u0 RoundCorner} Window{426318 mode=1 rootTaskId=1 u0 GestureStubRight} Window{dcb2e15 mode=1 rootTaskId=1 u0 GestureStubLeft} Window{1e7d1ce mode=1 rootTaskId=1 u0 GestureStubHome} Window{6927dc9 mode=1 rootTaskId=1 u0 NavigationBar0} Window{66b724a mode=1 rootTaskId=1 u0 StatusBar} Window{4d36a4d mode=1 rootTaskId=1164 u0 com.tencent.mobileqq/com.tencent.mobileqq.activity.ForwardRecentActivity} com.tencent.mobileqq/com.tencent.mobileqq.activity.SplashActivity#0 recents_animation_input_consumer Window{80d3d25 mode=1 rootTaskId=1 u0 com.miui.miwallpaper.wallpaperservice.MiuiKeyguardPictorialWallpaper} Window{7be6bbd mode=1 rootTaskId=1 u0 com.miui.miwallpaper.wallpaperservice.ImageWallpaper} 
08-19 11:34:16.409  1177  1224 I VoLTE IMCB-CM: receive the nessage from IMC #72
08-19 11:34:16.410  1177  1177 I VoLTE IMCB: {{{{[process_msg] msg_id=100034(0x000186C2), dst=IMCB[2], IMCB_IMC_HEADER_FILE_VERNO=79, MSG_ID_IMC_IN_BEGIN=100000, IMC_FEATURE_BITMAP=0x3 @0#190
08-19 11:34:16.410  1177  1177 I VoLTE IMCB: ENTER imcb_imc_rat_change_ind_handler()@0#5945
08-19 11:34:16.410  1177  1177 I VoLTE IMCB: from rat type = 3, to ua rat = 12 imcb_rat_conv_to_ua()@0#146
08-19 11:34:16.410  1177  1177 I VoLTE IMCB: from rat type = 3, to ua rat = 12 @0#146
08-19 11:34:16.410  1177  1177 I VoLTE IMCB: Pure Mesage Send dest=UA[3], msg_id=10013(0x0000271D), len=192, IMCB_IMC_HEADER_FILE_VERNO=79, MSG_ID_IMC_IN_BEGIN=100000, IMC_FEATURE_BITMAP=0x3 imcb_send_to_COMM()@0#248
08-19 11:34:16.410  1177  1177 I VoLTE IMCB: ENTER imcb_send_ua_rat_change()@0#3546
08-19 11:34:16.410  1177  1177 I VoLTE IMCB: from rat type = 3, to ua rat = 12 imcb_rat_conv_to_ua()@0#146
08-19 11:34:16.410  1177  1177 I VoLTE IMCB: Pure Mesage Send dest=UA[3], msg_id=10012(0x0000271C), len=160, IMCB_IMC_HEADER_FILE_VERNO=79, MSG_ID_IMC_IN_BEGIN=100000, IMC_FEATURE_BITMAP=0x3 imcb_send_to_COMM()@0#248
08-19 11:34:16.410  1177  1177 I VoLTE IMCB: EndofMessage process_msg()@0#242}}}}
08-19 11:34:16.410  1170  1202 I VoLTE REG: Reg[0] mtu = (1428) (module/volte//volte_stack/src/reg/reg.c:15251)
08-19 11:34:16.410  1170  1202 I VoLTE REG: Check for JIO event reporting  (module/volte//volte_stack/src/reg/reg.c:8629)
08-19 11:34:16.410  1170  1202 I VoLTE REG: volte_reg_handle_rat_change, reg[0] = Registered, old net type = 12, new net type = 12 (module/volte//volte_stack/src/reg/reg.c:8639)
08-19 11:34:16.410  1170  1202 I VoLTE REG: not 23G4, do nothing (module/volte//volte_stack/src/reg/reg.c:8896)
08-19 11:34:16.411  1171  1213 I VoLTE_Auto_Testing: [0][call] event/send/list_call_cnf/0
08-19 11:34:16.411  1170  1202 I VoLTE REG: get VOLTE_CNF_SIPTX_REG_CALL_QUERY (module/volte//volte_stack/src/reg/reg.c:14660)
08-19 11:34:16.411  1170  1202 I VoLTE REG: remaining call = (0) (module/volte//volte_stack/src/reg/reg.c:1003)
08-19 11:34:16.411  1170  1202 E VoLTE REG: is video call check returns 0 (module/volte//volte_stack/src/reg/reg.c:1845)
08-19 11:34:16.416  1145  2206 I InputDispatcher: setInputWindows displayId=0 Window{32a2b6 mode=1 rootTaskId=1 u0 RoundCorner} Window{820f860 mode=1 rootTaskId=1 u0 RoundCorner} Window{426318 mode=1 rootTaskId=1 u0 GestureStubRight} Window{dcb2e15 mode=1 rootTaskId=1 u0 GestureStubLeft} Window{1e7d1ce mode=1 rootTaskId=1 u0 GestureStubHome} Window{6927dc9 mode=1 rootTaskId=1 u0 NavigationBar0} Window{66b724a mode=1 rootTaskId=1 u0 StatusBar} Window{4d36a4d mode=1 rootTaskId=1164 u0 com.tencent.mobileqq/com.tencent.mobileqq.activity.ForwardRecentActivity} com.tencent.mobileqq/com.tencent.mobileqq.activity.SplashActivity#0 recents_animation_input_consumer Window{80d3d25 mode=1 rootTaskId=1 u0 com.miui.miwallpaper.wallpaperservice.MiuiKeyguardPictorialWallpaper} Window{7be6bbd mode=1 rootTaskId=1 u0 com.miui.miwallpaper.wallpaperservice.ImageWallpaper} 
08-19 11:34:16.449  1145  2206 I chatty  : uid=1000(system) Binder:1145_6 identical 2 lines
