08-19 11:21:07.568 28223 28223 E LoadedApk: 	at android.app.ContextImpl.createAppContext(ContextImpl.java:2664)
08-19 11:21:07.568 28223 28223 E LoadedApk: 	at android.app.ActivityThread.handleBindApplication(ActivityThread.java:6733)
08-19 11:21:07.568 28223 28223 E LoadedApk: 	at android.app.ActivityThread.access$1500(ActivityThread.java:250)
08-19 11:21:07.568 28223 28223 E LoadedApk: 	at android.app.ActivityThread$H.handleMessage(ActivityThread.java:1989)
08-19 11:21:07.568 28223 28223 E LoadedApk: 	at android.os.Handler.dispatchMessage(Handler.java:106)
08-19 11:21:07.568 28223 28223 E LoadedApk: 	at android.os.Looper.loop(Looper.java:236)
08-19 11:21:07.568 28223 28223 E LoadedApk: 	at android.app.ActivityThread.main(ActivityThread.java:7864)
08-19 11:21:07.568 28223 28223 E LoadedApk: 	at java.lang.reflect.Method.invoke(Native Method)
08-19 11:21:07.568 28223 28223 E LoadedApk: 	at com.android.internal.os.RuntimeInit$MethodAndArgsCaller.run(RuntimeInit.java:620)
08-19 11:21:07.568 28223 28223 E LoadedApk: 	at com.android.internal.os.ZygoteInit.main(ZygoteInit.java:1011)
08-19 11:21:07.599  1145  4700 I Timeline: Timeline: Activity_windows_visible id: ActivityRecord{2b5bc20 u0 com.tencent.mm/.ui.LauncherUI t1165} time:30344907
08-19 11:21:07.607  1145  1368 I Timeline: Timeline: App_transition_stopped time:30344915
08-19 11:21:07.678  1145  4700 D CompatibilityChangeReporter: Compat change id reported: 136274596; UID 10222; state: DISABLED
08-19 11:21:07.892  1145  4693 W BpBinder: Slow Binder: BpBinder transact took 660ms, interface=android.os.IInstalld, code=17 oneway=false
08-19 11:21:07.894  1145  4693 D com.android.server.pm.PackageManagerServiceInjector: Run dexopt on: /data/user/0/com.tencent.mm/tinker/patch-ae4e0eca/dex/tinker_classN.apk, because top-app{com.tencent.mm} loading it. Dexopt result: DEX_OPT_PERFORMED
08-19 11:21:08.047  1145  4693 D com.android.server.pm.PackageManagerServiceInjector: Run dexopt on: /data/user/0/com.tencent.mm/tinker/patch-ae4e0eca/dex/tinker_classN.apk, because top-app{com.tencent.mm} loading it. Dexopt result: DEX_OPT_PERFORMED
08-19 11:21:08.480 28179 28179 W Looper  : PerfMonitor longMsg : seq=2 plan=11:21:06.030 late=1ms wall=2449ms running=1236ms runnable=311ms io=286ms h=android.app.ActivityThread$H w=110 procState=10
08-19 11:21:08.485 28161 28161 W Looper  : PerfMonitor longMsg : seq=2 plan=11:21:06.009 late=6ms wall=2468ms running=1219ms runnable=352ms io=286ms h=android.app.ActivityThread$H w=110 procState=10
08-19 11:21:08.874  1145  4693 D com.android.server.pm.PackageManagerServiceInjector: Run dexopt on: /data/user/0/com.tencent.mm/tinker/patch-ae4e0eca/dex/tinker_classN.apk, because top-app{com.tencent.mm} loading it. Dexopt result: DEX_OPT_PERFORMED
08-19 11:21:09.305  1145  4693 D com.android.server.pm.PackageManagerServiceInjector: Run dexopt on: /data/user/0/com.tencent.mm/app_tbs_64/core_share/tbs_sdk_extension_dex.jar, because top-app{com.tencent.mm} loading it. Dexopt result: DEX_OPT_PERFORMED
08-19 11:21:09.393  1145  4693 D com.android.server.pm.PackageManagerServiceInjector: Run dexopt on: /data/user/0/com.tencent.mm/app_tbs_64/core_share/apache_dex.jar, because top-app{com.tencent.mm} loading it. Dexopt result: DEX_OPT_PERFORMED
08-19 11:21:09.493  1145  4693 D com.android.server.pm.PackageManagerServiceInjector: Run dexopt on: /data/user/0/com.tencent.mm/app_tbs_64/core_share/tbs_jars_fusion_dex.jar, because top-app{com.tencent.mm} loading it. Dexopt result: DEX_OPT_PERFORMED
08-19 11:21:09.641  1145  2293 V WindowManager: Orientation start waiting for draw, mDrawState=DRAW_PENDING in Window{c0ce7d7 mode=1 rootTaskId=1165 u0 KeyboardWindow@170670045}, surfaceController Surface(name=KeyboardWindow@170670045)/@0x656facf
08-19 11:21:09.648  6779  6779 W Looper  : PerfMonitor doFrame : time=98ms vsyncFrame=0 latency=1322ms procState=2 historyMsgCount=1
08-19 11:21:09.814 28223 28223 W Looper  : PerfMonitor longMsg : seq=2 plan=11:21:07.382 late=2ms wall=2430ms running=1528ms runnable=240ms io=21ms h=android.app.ActivityThread$H w=110 procState=11
08-19 11:21:09.833  1145  2274 D CompatibilityChangeReporter: Compat change id reported: 135634846; UID 10222; state: DISABLED
08-19 11:21:09.833  1145  2274 D CompatibilityChangeReporter: Compat change id reported: 135754954; UID 10222; state: DISABLED
08-19 11:21:09.834  1145  1377 D CompatibilityChangeReporter: Compat change id reported: 143937733; UID 10222; state: DISABLED
08-19 11:21:09.849  1145  1377 D Boost   : hostingType=broadcast, hostingName={com.tencent.mm/com.tencent.mm.booter.MMReceivers$ToolsMpProcessReceiver}, callerPackage=com.tencent.mm, isSystem=false, isBoostNeeded=false.
08-19 11:21:09.850  1145  1377 I ActivityManager: Start proc 28541:com.tencent.mm:toolsmp/u0a222 for broadcast {com.tencent.mm/com.tencent.mm.booter.MMReceivers$ToolsMpProcessReceiver} caller=com.tencent.mm
08-19 11:21:09.869  1145  2274 V ActivityManager: New death recipient com.android.server.am.ActivityManagerService$AppDeathRecipient@5c707d5 for thread android.os.BinderProxy@ddf6bea
08-19 11:21:10.019 28541 28541 E LoadedApk: Unable to instantiate appComponentFactory
08-19 11:21:10.019 28541 28541 E LoadedApk: java.lang.ClassNotFoundException: Didn't find class "androidx.core.app.CoreComponentFactory" on path: DexPathList[[zip file "/data/app/com.tencent.mm-yATRsxKA1pC9mSvluknbew==/base.apk"],nativeLibraryDirectories=[/data/app/com.tencent.mm-yATRsxKA1pC9mSvluknbew==/lib/arm64, /data/app/com.tencent.mm-yATRsxKA1pC9mSvluknbew==/base.apk!/lib/arm64-v8a, /system/lib64, /system/system_ext/lib64]]
08-19 11:21:10.019 28541 28541 E LoadedApk: 	at dalvik.system.BaseDexClassLoader.findClass(BaseDexClassLoader.java:207)
08-19 11:21:10.019 28541 28541 E LoadedApk: 	at java.lang.ClassLoader.loadClass(ClassLoader.java:379)
08-19 11:21:10.019 28541 28541 E LoadedApk: 	at java.lang.ClassLoader.loadClass(ClassLoader.java:312)
08-19 11:21:10.019 28541 28541 E LoadedApk: 	at android.app.LoadedApk.createAppFactory(LoadedApk.java:266)
08-19 11:21:10.019 28541 28541 E LoadedApk: 	at android.app.LoadedApk.createOrUpdateClassLoaderLocked(LoadedApk.java:911)
08-19 11:21:10.019 28541 28541 E LoadedApk: 	at android.app.LoadedApk.getClassLoader(LoadedApk.java:964)
08-19 11:21:10.019 28541 28541 E LoadedApk: 	at android.app.LoadedApk.getResources(LoadedApk.java:1196)
08-19 11:21:10.019 28541 28541 E LoadedApk: 	at android.app.ContextImpl.createAppContext(ContextImpl.java:2672)
08-19 11:21:10.019 28541 28541 E LoadedApk: 	at android.app.ContextImpl.createAppContext(ContextImpl.java:2664)
08-19 11:21:10.019 28541 28541 E LoadedApk: 	at android.app.ActivityThread.handleBindApplication(ActivityThread.java:6733)
08-19 11:21:10.019 28541 28541 E LoadedApk: 	at android.app.ActivityThread.access$1500(ActivityThread.java:250)
08-19 11:21:10.019 28541 28541 E LoadedApk: 	at android.app.ActivityThread$H.handleMessage(ActivityThread.java:1989)
08-19 11:21:10.019 28541 28541 E LoadedApk: 	at android.os.Handler.dispatchMessage(Handler.java:106)
08-19 11:21:10.019 28541 28541 E LoadedApk: 	at android.os.Looper.loop(Looper.java:236)
08-19 11:21:10.019 28541 28541 E LoadedApk: 	at android.app.ActivityThread.main(ActivityThread.java:7864)
08-19 11:21:10.019 28541 28541 E LoadedApk: 	at java.lang.reflect.Method.invoke(Native Method)
08-19 11:21:10.019 28541 28541 E LoadedApk: 	at com.android.internal.os.RuntimeInit$MethodAndArgsCaller.run(RuntimeInit.java:620)
08-19 11:21:10.019 28541 28541 E LoadedApk: 	at com.android.internal.os.ZygoteInit.main(ZygoteInit.java:1011)
08-19 11:21:10.049  1145  4707 D CompatibilityChangeReporter: Compat change id reported: 136274596; UID 10222; state: DISABLED
08-19 11:21:10.096  1145  2274 D PerfShielderService: com.tencent.mm|com.tencent.mm/com.tencent.mm.ui.LauncherUI|1551|30347088443500|1417|0|3
08-19 11:21:10.113  3721  3737 W MiuiPerfServiceClient: interceptAndQueuing:6779|com.tencent.mm|1551|1417|unknown|null|com.tencent.mm/com.tencent.mm.ui.LauncherUI|30347088443500|Slow main thread|3
08-19 11:21:10.141  1145  4693 D com.android.server.pm.PackageManagerServiceInjector: Run dexopt on: /data/user/0/com.tencent.mm/app_xwalk_3113/apk/base.apk, because top-app{com.tencent.mm} loading it. Dexopt result: DEX_OPT_PERFORMED
08-19 11:21:10.237  1145  4693 D com.android.server.pm.PackageManagerServiceInjector: Run dexopt on: /data/user/0/com.tencent.mm/app_xwalk_3113/apk/base.apk, because top-app{com.tencent.mm} loading it. Dexopt result: DEX_OPT_PERFORMED
08-19 11:21:10.357 28223 28566 W FileUtils: Failed to chmod(/data/user/0/com.tencent.mobileqq/app_tbs): android.system.ErrnoException: chmod failed: EACCES (Permission denied)
08-19 11:21:10.358 28223 28566 W FileUtils: Failed to chmod(/data/user/0/com.tencent.mobileqq/app_tbs_common_share): android.system.ErrnoException: chmod failed: EACCES (Permission denied)
08-19 11:21:10.925  1145  4693 D com.android.server.pm.PackageManagerServiceInjector: Run dexopt on: /data/user/0/com.tencent.mm/app_xwalk_3113/apk/base.apk, because top-app{com.tencent.mm} loading it. Dexopt result: DEX_OPT_PERFORMED
08-19 11:21:11.056  1145  4693 D com.android.server.pm.PackageManagerServiceInjector: Run dexopt on: /data/user/0/com.tencent.mm/app_xwalk_3113/extracted_xwalkcore/media_player_extension.apk, because top-app{com.tencent.mm} loading it. Dexopt result: DEX_OPT_PERFORMED
08-19 11:21:12.123  1145  4693 W BpBinder: Slow Binder: BpBinder transact took 330ms, interface=android.os.IInstalld, code=17 oneway=false
08-19 11:21:12.124  1145  4693 D com.android.server.pm.PackageManagerServiceInjector: Run dexopt on: /data/user/0/com.tencent.mm/tinker/patch-ae4e0eca/dex/tinker_classN.apk, because top-app{com.tencent.mm} loading it. Dexopt result: DEX_OPT_PERFORMED
08-19 11:21:12.919  1145  4693 D com.android.server.pm.PackageManagerServiceInjector: Run dexopt on: /data/user/0/com.tencent.mm/app_xwalk_3113/apk/base.apk, because top-app{com.tencent.mm} loading it. Dexopt result: DEX_OPT_PERFORMED
08-19 11:21:13.016  1145  4693 D com.android.server.pm.PackageManagerServiceInjector: Run dexopt on: /data/user/0/com.tencent.mm/app_xwalk_3113/apk/base.apk, because top-app{com.tencent.mm} loading it. Dexopt result: DEX_OPT_PERFORMED
08-19 11:21:13.111  1145  4693 D com.android.server.pm.PackageManagerServiceInjector: Run dexopt on: /data/user/0/com.tencent.mm/app_xwalk_3113/extracted_xwalkcore/media_player_extension.apk, because top-app{com.tencent.mm} loading it. Dexopt result: DEX_OPT_PERFORMED
08-19 11:21:13.382 28541 28541 W Looper  : PerfMonitor longMsg : seq=2 plan=11:21:09.875 late=18ms wall=3481ms running=1737ms runnable=949ms io=108ms reclaim=71ms h=android.app.ActivityThread$H w=110 procState=11
08-19 11:21:17.138  1145  1392 D AutomaticBrightnessController: updateAutoBrightness: mScreenAutoBrightness=0.21746321, newScreenAutoBrightness=0.23505929
08-19 11:21:23.267  1145  2274 I ActivityManager: Killing 24938:com.miui.phrase/u0a121 (adj 965): empty #13
08-19 11:21:23.267  1145  2274 W PreloadController: notify...pkgName=com.miui.phrase, userId=0, processName=com.miui.phrase, pid=24938, reason=empty #13
08-19 11:21:23.269  1145  2274 I Process : PerfMonitor : current process sending signal quiet. PID: 24938 SIG: 9
08-19 11:21:23.269  1145  2164 W PreloadManager: checkMemory()...... free=883116, total=3825592, threshold=614400
08-19 11:21:23.271  1145  2274 I ActivityManager: Killing 25955:com.miui.contentcatcher:autofill/1000 (adj 965): empty #14
08-19 11:21:23.271  1145  1378 I Process : PerfMonitor : current process killing process group. PID: 24938
08-19 11:21:23.271  1145  2164 W PreloadManager: Failed : usage, pkg=com.miui.phrase
08-19 11:21:23.271  1145  2274 I Process : PerfMonitor : current process sending signal quiet. PID: 25955 SIG: 9
08-19 11:21:23.271  1145  2164 W PreloadController: Will not preload com.miui.phrase, decision = false, mMonitor.size()=5
08-19 11:21:23.272  1145  1378 I Process : PerfMonitor : current process killing process group. PID: 25955
08-19 11:21:23.302  1145  2274 V ActivityManager: Death received in com.android.server.am.ActivityManagerService$AppDeathRecipient@c2dbab5 for thread android.os.BinderProxy@b59d54a
08-19 11:21:23.309  1145  4707 V ActivityManager: Death received in com.android.server.am.ActivityManagerService$AppDeathRecipient@329b4a9 for thread android.os.BinderProxy@1839a2e
08-19 11:21:25.115  1145  2725 W WindowManager: Changing focus fromWindow{19d1b49 mode=1 rootTaskId=1165 u0 com.tencent.mm/com.tencent.mm.ui.LauncherUI} to null displayId=0 Callers=com.android.server.wm.RootWindowContainer.updateFocusedWindowLocked:469 com.android.server.wm.WindowManagerService.updateFocusedWindowLocked:6048 com.android.server.wm.WindowManagerService.relayoutWindow:2627 com.android.server.wm.Session.relayout:213 
08-19 11:21:25.115  1145  2725 D WindowManager: Input focus has changed to null
08-19 11:21:25.131  1145  4707 W WindowManager: Changing focus fromnull to Window{19d1b49 mode=1 rootTaskId=1165 u0 com.tencent.mm/com.tencent.mm.ui.LauncherUI} displayId=0 Callers=com.android.server.wm.RootWindowContainer.updateFocusedWindowLocked:469 com.android.server.wm.WindowManagerService.updateFocusedWindowLocked:6048 com.android.server.wm.DisplayContent.layoutAndAssignWindowLayersIfNeeded:3546 com.android.server.wm.TaskDisplayArea.positionStackAt:796 
08-19 11:21:25.131  1145  4707 D WindowManager: Input focus has changed to Window{19d1b49 mode=1 rootTaskId=1165 u0 com.tencent.mm/com.tencent.mm.ui.LauncherUI}
08-19 11:21:25.135  1145  4707 I Timeline: Timeline: App_transition_ready time:30362443
08-19 11:21:25.135  1145  4707 I Timeline: Timeline: App_transition_stopped time:30362444
08-19 11:21:25.145  1145  4700 I WindowManager: Relayout Window{fd2a86d mode=1 rootTaskId=1 u0 com.miui.home/com.miui.home.launcher.Launcher}: oldVis=8 newVis=0 focusMayChange = true
08-19 11:21:26.715  6779  6779 W Looper  : PerfMonitor doFrame : time=613ms vsyncFrame=0 latency=0ms procState=2
08-19 11:21:27.270  1145  4707 V WindowManager: Orientation start waiting for draw, mDrawState=DRAW_PENDING in Window{d385537 mode=1 rootTaskId=1165 u0 KeyboardWindow@170670045}, surfaceController Surface(name=KeyboardWindow@170670045)/@0x5cae20e
08-19 11:21:27.691  1145  2274 D PerfShielderService: com.tencent.mm|com.tencent.mm/com.tencent.mm.ui.LauncherUI|1277|30364687862194|628|3|13
08-19 11:21:27.701  3721  3737 W MiuiPerfServiceClient: interceptAndQueuing:6779|com.tencent.mm|1277|628|unknown|null|com.tencent.mm/com.tencent.mm.ui.LauncherUI|30364687862194|Slow handle traversal|13
08-19 11:21:32.578  1145  4703 W BaseMiuiPhoneWindowManager: keyCode:4 down:true eventTime:30369885 downTime:30369885 policyFlags:2b000000 flags:8 deviceId:-1 isScreenOn:true keyguardActive:false repeatCount:0
08-19 11:21:32.580  1145  4703 W BaseMiuiPhoneWindowManager: keyCode:4 down:false eventTime:30369885 downTime:30369885 policyFlags:2b000000 flags:8 deviceId:-1 isScreenOn:true keyguardActive:false repeatCount:0
08-19 11:21:33.561  1145  1531 W BaseMiuiPhoneWindowManager: keyCode:26 down:true eventTime:30370869 downTime:30370869 policyFlags:22000000 flags:8 deviceId:2 isScreenOn:true keyguardActive:false repeatCount:0
08-19 11:21:33.562  1145  1531 E systemui_boost: render-thread tid = 0, do not boost
08-19 11:21:33.738  1145  1531 W BaseMiuiPhoneWindowManager: keyCode:26 down:false eventTime:30371046 downTime:30370869 policyFlags:22000000 flags:8 deviceId:2 isScreenOn:true keyguardActive:false repeatCount:0
08-19 11:21:33.738  1145  1531 D WindowManager: powerPress: eventTime=30370869 interactive=true count=1 beganFromNonInteractive=false mShortPressOnPowerBehavior=1
08-19 11:21:33.738  1145  1531 I WindowManager: goToSleep return eventTime: 30370869 result: 30370870isSideFpAuthOrEnroll: false
08-19 11:21:33.738  1145  1531 I PowerManagerService: Going to sleep due to power_button (uid 1000)...
08-19 11:21:33.745  1145  1392 W DreamManagerService: Dream ComponentInfo{com.miui.aod/com.miui.aod.doze.DozeService} does not exist
08-19 11:21:33.745  1145  1392 I PowerManagerService: Sleeping (uid 1000)...
08-19 11:21:33.747  1145  1392 I DisplayPowerController: Blocking screen off
08-19 11:21:33.747  1145  1392 I DisplayPowerController: Unblocked screen off after 0 ms
08-19 11:21:33.757  1145  1392 D ActivityTaskManager: Top Process State changed to PROCESS_STATE_TOP_SLEEPING
08-19 11:21:33.766  1145  1392 D WindowManager: send app before lock screen to SurfaceFlinger , name = com.tencent.mm/com.tencent.mm.ui.LauncherUI
08-19 11:21:33.770  1145  1392 W ActivityManager: Unable to start service Intent { act=miui.action.CAMERA_EMPTY_SERVICE pkg=com.android.camera } U=0: not found
08-19 11:21:33.770  1145  1392 I AutomaticBrightnessControllerInjector: setLightSensorEnabled: true
08-19 11:21:33.775  1145  1392 I AutomaticBrightnessControllerInjector: getLatestData res: 250.0
08-19 11:21:33.796  1145  1392 I AutomaticBrightnessControllerInjector: setProximitySensorEnabled disable
08-19 11:21:33.799  1145  1392 V DisplayPowerController: Brightness [-1.0] reason changing to: 'screen_off', previous reason: 'automatic'.
08-19 11:21:33.800  1145  2193 D LocalDisplayAdapter: setDisplayState(id=0, state=OFF)
08-19 11:21:33.800  1145  1145 V FingerprintService: startAuthentication(com.android.systemui)
08-19 11:21:33.801  1145  1145 V FingerprintService: starting client AuthenticationClientImpl(com.android.systemui) targetUserId: 0 currentUserId: 0 cookie: 0/0
08-19 11:21:33.802  1145  1367 I DisplayManagerService: Display device changed state: "内置屏幕", OFF
08-19 11:21:33.814  1145  1145 W FingerprintService: client com.android.systemui is authenticating...
08-19 11:21:33.855  6779  6779 W Activity: Slow Operation: Activity com.tencent.mm/.ui.LauncherUI onPause took 78ms
08-19 11:21:33.868  1145  1367 W WindowManager: Changing focus fromWindow{19d1b49 mode=1 rootTaskId=1165 u0 com.tencent.mm/com.tencent.mm.ui.LauncherUI} to null displayId=0 Callers=com.android.server.wm.RootWindowContainer.updateFocusedWindowLocked:469 com.android.server.wm.WindowManagerService.updateFocusedWindowLocked:6048 com.android.server.wm.ActivityRecord.commitVisibility:4642 com.android.server.wm.ActivityRecord.setVisibility:4548 
08-19 11:21:33.869  1145  1367 D WindowManager: Input focus has changed to null
08-19 11:21:34.135  1145  2193 W BpBinder: Slow Binder: BpBinder transact took 335ms, interface=android.ui.ISurfaceComposer, code=18 oneway=false
08-19 11:21:34.177  1145  1367 I WindowManager: updateContrastOverlay, darkmode: true isContrastEnabled: true alpha: 0.0
08-19 11:21:34.290  1145  1145 V LocationPolicy: Screen state changed
08-19 11:21:34.395  2297  2297 V KeyguardStatusView: refresh statusview showing:true
08-19 11:21:34.424  1145  4700 I WindowManager: Relayout Window{c1d01a7 mode=1 rootTaskId=1 u0 NotificationShade}: oldVis=4 newVis=0 focusMayChange = true
08-19 11:21:34.434  1145  4700 W WindowManager: Changing focus fromnull to Window{c1d01a7 mode=1 rootTaskId=1 u0 NotificationShade} displayId=0 Callers=com.android.server.wm.RootWindowContainer.updateFocusedWindowLocked:469 com.android.server.wm.WindowManagerService.updateFocusedWindowLocked:6048 com.android.server.wm.WindowManagerService.relayoutWindow:2627 com.android.server.wm.Session.relayout:213 
08-19 11:21:34.442  1145  4700 D WindowManager: Input focus has changed to Window{c1d01a7 mode=1 rootTaskId=1 u0 NotificationShade}
08-19 11:21:34.745  2297  2665 D FlashlightController: onReceive: forceOff=false, state=false, from=com.miui.powerkeeper
08-19 11:21:35.112  1145  2139 D NsdService: unregister service
08-19 11:21:35.112  1145  2139 D NsdService: mdnssd [stop-register, 54]
08-19 11:21:35.334  1145  2274 D CompatibilityChangeReporter: Compat change id reported: 135634846; UID 10139; state: DISABLED
08-19 11:21:35.335  1145  2274 D CompatibilityChangeReporter: Compat change id reported: 135754954; UID 10139; state: DISABLED
08-19 11:21:35.336  1145  1377 D CompatibilityChangeReporter: Compat change id reported: 143937733; UID 10139; state: DISABLED
08-19 11:21:35.399  1145  1377 D Boost   : hostingType=service, hostingName={com.miui.systemAdSolution/com.miui.zeus.msa.app.splashad.SplashUIService}, callerPackage=com.miui.systemAdSolution, isSystem=true, isBoostNeeded=false.
08-19 11:21:35.423  1145  1377 I ActivityManager: Start proc 28917:com.miui.systemAdSolution:ui/u0a139 for service {com.miui.systemAdSolution/com.miui.zeus.msa.app.splashad.SplashUIService} caller=com.miui.systemAdSolution
08-19 11:21:35.498  1145  4707 V ActivityManager: New death recipient com.android.server.am.ActivityManagerService$AppDeathRecipient@4497106 for thread android.os.BinderProxy@45923c7
08-19 11:21:38.762  1145  1367 W ActivityTaskManager: Sleep timeout!  Sleeping now.
08-19 11:21:40.085  1145  4700 E AppOps  : Operation not started: uid=10222 pkg=com.tencent.mm(null) op=WAKE_LOCK
08-19 11:22:04.749  5679  5797 D PowerKeeper.AppStandby: enable standby chain
08-19 11:22:27.256  1145  2725 D ActivityManager: report kill process: killerPid is:26596, killedPid is:26596
08-19 11:22:27.365  1145  4703 V ActivityManager: Death received in com.android.server.am.ActivityManagerService$AppDeathRecipient@c8cdbf6 for thread android.os.BinderProxy@942cbf7
08-19 11:22:27.366  1145  4703 I ActivityManager: Process com.tencent.mobileqq:qzone (pid 26596) has died: fg  SVC 
08-19 11:22:27.366  1145  1378 I Process : PerfMonitor : current process killing process group. PID: 26596
08-19 11:22:27.369  1145  4703 W ActivityManager: Scheduling restart of crashed service com.tencent.mobileqq/cooperation.qzone.remote.logic.QzoneWebPluginProxyService in 1000ms for connection
08-19 11:22:27.857  6779  7676 W BpBinder: Slow Binder: BpBinder transact took 291ms, interface=android.app.IActivityManager, code=89 oneway=false
08-19 11:22:28.372  1145  1376 D CompatibilityChangeReporter: Compat change id reported: 135634846; UID 10209; state: DISABLED
08-19 11:22:28.374  1145  1377 D CompatibilityChangeReporter: Compat change id reported: 143937733; UID 10209; state: DISABLED
08-19 11:22:28.420  1145  1377 D Boost   : hostingType=service, hostingName={com.tencent.mobileqq/cooperation.qzone.remote.logic.QzoneWebPluginProxyService}, callerPackage=com.tencent.mobileqq, isSystem=false, isBoostNeeded=false.
08-19 11:22:28.420  1145  1377 I ActivityManager: Start proc 29010:com.tencent.mobileqq:qzone/u0a209 for service {com.tencent.mobileqq/cooperation.qzone.remote.logic.QzoneWebPluginProxyService} caller=com.tencent.mobileqq
08-19 11:22:28.685  1145  2845 V ActivityManager: New death recipient com.android.server.am.ActivityManagerService$AppDeathRecipient@dc20add for thread android.os.BinderProxy@edc2652
08-19 11:22:29.649  1145  4693 D com.android.server.pm.PackageManagerServiceInjector: Skip dexopt on: /data/user/0/com.tencent.mobileqq/app_installed_plugin/qzone_plugin.apk, because com.tencent.mobileqq is not current resumed. Current resumed is: com.tencent.mm
08-19 11:22:34.727  1145  2845 V LocationPolicy: writePolicyLocked()
08-19 11:22:39.018  1145  4703 D ActivityManager: report kill process: killerPid is:29010, killedPid is:29010
08-19 11:22:39.071  1145  2845 D ActivityManager: report kill process: killerPid is:27235, killedPid is:27235
08-19 11:22:39.095  1145  4703 V ActivityManager: Death received in com.android.server.am.ActivityManagerService$AppDeathRecipient@dc20add for thread android.os.BinderProxy@edc2652
08-19 11:22:39.095  1145  4703 I ActivityManager: Process com.tencent.mobileqq:qzone (pid 29010) has died: prev SVC 
08-19 11:22:39.095  1145  1378 I Process : PerfMonitor : current process killing process group. PID: 29010
08-19 11:22:39.097  1145  4703 W ActivityManager: Scheduling restart of crashed service com.tencent.mobileqq/cooperation.qzone.remote.logic.QzoneWebPluginProxyService in 4000ms for connection
08-19 11:22:39.152   553   751 E FrameworkListener: read() failed (Connection reset by peer)
08-19 11:22:39.157  1145  2722 D MtkConnectivityService: ConnectivityService NetworkRequestInfo binderDied(NetworkRequest [ LISTEN id=343, [ Capabilities: INTERNET&NOT_RESTRICTED&TRUSTED Uid: 10209 AdministratorUids: [] RequestorUid: 10209 RequestorPackageName: com.tencent.mobileqq] ], android.os.BinderProxy@77d7ba0)
08-19 11:22:39.158  1145  2293 V ActivityManager: Death received in com.android.server.am.ActivityManagerService$AppDeathRecipient@de02645 for thread android.os.BinderProxy@277819a
08-19 11:22:39.159  1145  4698 D MtkConnectivityService: ConnectivityService NetworkRequestInfo binderDied(NetworkRequest [ TRACK_DEFAULT id=340, [ Capabilities: INTERNET&NOT_RESTRICTED&TRUSTED Uid: 10209 AdministratorUids: [] RequestorUid: 10209 RequestorPackageName: com.tencent.mobileqq] ], android.os.BinderProxy@9d89359)
08-19 11:22:39.159  1145  4711 D MtkConnectivityService: ConnectivityService NetworkRequestInfo binderDied(NetworkRequest [ LISTEN id=341, [ Capabilities: INTERNET&NOT_RESTRICTED&TRUSTED Uid: 10209 AdministratorUids: [] RequestorUid: 10209 RequestorPackageName: com.tencent.mobileqq] ], android.os.BinderProxy@df20b1e)
08-19 11:22:39.159  1145  4703 D MtkConnectivityService: ConnectivityService NetworkRequestInfo binderDied(NetworkRequest [ TRACK_DEFAULT id=342, [ Capabilities: INTERNET&NOT_RESTRICTED&TRUSTED Uid: 10209 AdministratorUids: [] RequestorUid: 10209 RequestorPackageName: com.tencent.mobileqq] ], android.os.BinderProxy@6a60fff)
08-19 11:22:39.159  1145  2293 I ActivityManager: Process com.tencent.mobileqq:tool (pid 27235) has died: cch+85 CEM 
08-19 11:22:39.160  1145  1378 I Process : PerfMonitor : current process killing process group. PID: 27235
08-19 11:22:43.102  1145  1376 D CompatibilityChangeReporter: Compat change id reported: 135634846; UID 10209; state: DISABLED
08-19 11:22:43.104  1145  1377 D CompatibilityChangeReporter: Compat change id reported: 143937733; UID 10209; state: DISABLED
08-19 11:22:43.134  1145  1377 D Boost   : hostingType=service, hostingName={com.tencent.mobileqq/cooperation.qzone.remote.logic.QzoneWebPluginProxyService}, callerPackage=com.tencent.mobileqq, isSystem=false, isBoostNeeded=false.
08-19 11:22:43.134  1145  1377 I ActivityManager: Start proc 29143:com.tencent.mobileqq:qzone/u0a209 for service {com.tencent.mobileqq/cooperation.qzone.remote.logic.QzoneWebPluginProxyService} caller=com.tencent.mobileqq
08-19 11:22:43.165  1145  2726 V ActivityManager: New death recipient com.android.server.am.ActivityManagerService$AppDeathRecipient@b55ad1b for thread android.os.BinderProxy@c1b1eb8
08-19 11:22:43.607  1145  4693 D com.android.server.pm.PackageManagerServiceInjector: Skip dexopt on: /data/user/0/com.tencent.mobileqq/app_installed_plugin/qzone_plugin.apk, because com.tencent.mobileqq is not current resumed. Current resumed is: com.tencent.mm
08-19 11:23:08.040  2297  2297 I MiuiChargeManager: notifyBatteryStatusChanged:  status: 2 isPlugged: 2 level: 100 wireState: 11 chargeSpeed: 0 mWiredChargeType: 0 mWirelessChargeType: 0 chargeDeviceType: 0 maxChargingWattage: 2500000 SUPPORT_BROADCAST_QUICK_CHARGE: true
08-19 11:23:08.044  5679  5679 D PowerChecker_Service: battery status = 2 plug = 2 level = 100
08-19 11:23:08.278  7817  8248 W BpBinder: Slow Binder: BpBinder transact took 211ms, interface=com.android.internal.app.IBatteryStats, code=16 oneway=false
08-19 11:23:08.319  2297 28142 W BpBinder: Slow Binder: BpBinder transact took 258ms, interface=android.content.IContentProvider, code=21 oneway=false
08-19 11:23:59.967  1145  1364 E JobScheduler.Background: App com.miui.analytics became active but still in NEVER bucket
08-19 11:23:59.976  1145  1376 I DropBoxManagerService: add tag=system_server_wtf isTagEnabled=true flags=0x2
08-19 11:24:34.962  1145  1145 D FingerprintService: finger down, 6 22
08-19 11:24:34.962  1145  1145 V FingerprintService: Acquired: 6 22
08-19 11:24:35.076  1145  1145 D FingerprintService: finger down, 6 22
08-19 11:24:35.077  1145  1145 V FingerprintService: Acquired: 6 22
08-19 11:24:35.157  1145  1145 D FingerprintService: finger down, 6 22
08-19 11:24:35.157  1145  1145 V FingerprintService: Acquired: 6 22
08-19 11:24:35.250  1145  1145 D FingerprintService: finger down, 6 22
08-19 11:24:35.250  1145  1145 V FingerprintService: Acquired: 6 22
08-19 11:24:35.338  1145  1145 D FingerprintService: finger down, 6 22
08-19 11:24:35.338  1145  1145 V FingerprintService: Acquired: 6 22
08-19 11:24:35.446  1145  1145 V FingerprintService: Acquired: 0 0
08-19 11:24:35.448  1145  1145 V BiometricStats: Authentication latency: -1
08-19 11:24:35.448  1145  1145 W BiometricStats: found a negative latency : -1
08-19 11:24:35.448  1145  1145 D FingerprintService: info:com.android.systemui,0##,20210819-11:24:35
08-19 11:24:35.449  1145  1145 V FingerprintService: onAuthenticated(false), ID:0, Owner: com.android.systemui, isBP: false, listener: com.android.server.biometrics.fingerprint.FingerprintService$ServiceListenerImpl@ecbc0b1, requireConfirmation: false, user: 0
08-19 11:24:35.466  1145  1145 D VibratorService: Turning vibrator on for 60  ms
08-19 11:24:35.754  1145  1145 D FingerprintService: finger down, 6 22
08-19 11:24:35.755  1145  1145 V FingerprintService: Acquired: 6 22
08-19 11:24:35.890  1145  1145 V FingerprintService: Acquired: 0 0
08-19 11:24:35.894  1145  1145 V BiometricStats: Authentication latency: -1
08-19 11:24:35.894  1145  1145 W BiometricStats: found a negative latency : -1
08-19 11:24:35.894  1145  1145 D FingerprintService: info:com.android.systemui,1##,20210819-11:24:35
08-19 11:24:35.895  1145  1145 V FingerprintService: onAuthenticated(true), ID:-1576263816, Owner: com.android.systemui, isBP: false, listener: com.android.server.biometrics.fingerprint.FingerprintService$ServiceListenerImpl@ecbc0b1, requireConfirmation: false, user: 0
08-19 11:24:35.898  1145  1145 D VibratorService: Turning vibrator on for 60  ms
08-19 11:24:35.902  1145  1145 V FingerprintService: Done with client: com.android.systemui
08-19 11:24:35.920  1145  2726 I PowerManagerService: Waking up from Asleep (uid=1000, reason=WAKE_REASON_GESTURE, details=android.policy:BIOMETRIC)...
08-19 11:24:35.920  2297 16971 D miui_face: receive waking up with reason
08-19 11:24:35.924  1145  1392 I DisplayPowerController: Blocking screen on until initial contents have been drawn.
08-19 11:24:35.928  1145  1145 D MiuiScreenOnProximityLock: aquire
08-19 11:24:35.963  2297  2297 W miui_keyguard: unlock keyguard by fp
08-19 11:24:35.969  1145  1392 I AutomaticBrightnessControllerInjector: setLightSensorEnabled: false
08-19 11:24:35.969  1145  1392 I AutomaticBrightnessControllerInjector: getLatestData res: 166.0
08-19 11:24:35.972  1145  1392 I AutomaticBrightnessControllerInjector: setProximitySensorEnabled enable
08-19 11:24:35.973  1145  1392 D AutomaticBrightnessController: updateAutoBrightness: mScreenAutoBrightness=-1.0, newScreenAutoBrightness=0.22626126
08-19 11:24:35.975  1145  1392 V DisplayPowerController: Brightness [0.22626126] reason changing to: 'automatic', previous reason: 'screen_off'.
08-19 11:24:35.978  1145  2193 D LocalDisplayAdapter: setDisplayState(id=0, state=ON)
08-19 11:24:35.978  1145  1367 I DisplayManagerService: Display device changed state: "内置屏幕", ON
08-19 11:24:35.996  1145  1365 W WindowManager: Changing focus fromWindow{c1d01a7 mode=1 rootTaskId=1 u0 NotificationShade} to Window{51e1688 mode=1 rootTaskId=1 u0 ScreenOnProximitySensorGuide} displayId=0 Callers=com.android.server.wm.RootWindowContainer.updateFocusedWindowLocked:469 com.android.server.wm.WindowManagerService.updateFocusedWindowLocked:6048 com.android.server.wm.WindowManagerService.addWindow:1917 com.android.server.wm.Session.addToDisplayAsUser:176 
08-19 11:24:35.998  1145  2167 D DisplayFeatureManager: setScreenEffect displayId=0 mode=0 value=2 cookie=255
08-19 11:24:35.999  1145  1365 D WindowManager: Input focus has changed to Window{51e1688 mode=1 rootTaskId=1 u0 ScreenOnProximitySensorGuide}
08-19 11:24:36.028  1145  1145 D StorageManagerService: Get the action of screen on
08-19 11:24:36.054  1145  4698 D ActivityTaskManager: Top Process State changed to PROCESS_STATE_TOP
08-19 11:24:36.095   415 29306 D vold    : The trim thread is not running
08-19 11:24:36.095   415 29306 D vold    : idle maintenance stopped
08-19 11:24:36.103  1145  4698 W MtkBoostFramework: Slow Operation: MtkBoostFramework perfLockAcquire took 49ms
08-19 11:24:36.115  1145  4698 I Timeline: Timeline: App_transition_ready time:30553423
08-19 11:24:36.117  2297  3431 I KeyguardViewMediator: call fw keyguardGoingAway: flags = 8
08-19 11:24:36.121  1145  1365 W Looper  : Slow dispatch took 192ms android.ui h=com.android.server.policy.MiuiScreenOnProximityLock$2 c=null m=1
08-19 11:24:36.132  1145  2293 I Timeline: Timeline: App_transition_ready time:30553440
08-19 11:24:36.147  1145  1365 V WindowManager: Orientation start waiting for draw, mDrawState=DRAW_PENDING in Window{51e1688 mode=1 rootTaskId=1 u0 ScreenOnProximitySensorGuide}, surfaceController Surface(name=ScreenOnProximitySensorGuide)/@0x6c831b8
08-19 11:24:36.148  1145  1365 I Timeline: Timeline: App_transition_ready time:30553456
08-19 11:24:36.151  1145  2726 I Timeline: Timeline: App_transition_ready time:30553459
08-19 11:24:36.156  1145  4698 I Timeline: Timeline: App_transition_ready time:30553464
08-19 11:24:36.163  1145  1145 W Looper  : Slow dispatch took 135ms main h=android.app.ActivityThread$H c=android.app.-$$Lambda$LoadedApk$ReceiverDispatcher$Args$_BumDX2UKsnxLVrE6UJsJZkotuA@eb36b91 m=0
08-19 11:24:36.177  1145  1368 I Timeline: Timeline: App_transition_ready time:30553485
08-19 11:24:36.182  1145  1145 D ProximitySensorWrapper: proximity distance: 5.0
08-19 11:24:36.213  1145  1368 I Timeline: Timeline: App_transition_ready time:30553522
08-19 11:24:36.215  1145  1365 W Looper  : Slow delivery took 212ms android.ui h=com.android.server.wm.DisplayPolicy$PolicyHandler c=com.android.server.wm.-$$Lambda$DisplayPolicy$HqvWy_Z4-DKO1sgF9Mzh4MkpFC8@4137fd0 m=0
08-19 11:24:36.218  1145  1368 I Timeline: Timeline: App_transition_ready time:30553526
08-19 11:24:36.223  1145  1368 I Timeline: Timeline: App_transition_ready time:30553531
08-19 11:24:36.225  1145  2167 W BpBinder: Slow Binder: BpBinder transact took 226ms, interface=miui.hardware.display.IDisplayFeatureControl, code=100 oneway=false
08-19 11:24:36.226  1145  2167 D DisplayFeatureManager: setScreenEffect displayId=0 mode=3 value=155 cookie=255
08-19 11:24:36.230  1145  1365 I Timeline: Timeline: App_transition_ready time:30553538
08-19 11:24:36.255  1145  4698 I Timeline: Timeline: App_transition_ready time:30553563
08-19 11:24:36.284  1145  1365 W Looper  : Drained
08-19 11:24:36.289  1145  2167 D DisplayFeatureManager: setScreenEffect displayId=0 mode=31 value=0 cookie=255
08-19 11:24:36.307  1145  1145 V LocationPolicy: Screen state changed
08-19 11:24:36.347  6779  6779 W Activity: Slow Operation: Activity com.tencent.mm/.ui.LauncherUI onStart took 177ms
08-19 11:24:36.482  1145  1365 D MiuiScreenOnProximityLock: far from the screen for a certain time, release proximity sensor...
08-19 11:24:36.482  1145  1365 D MiuiScreenOnProximityLock: release
08-19 11:24:36.499  1145  1365 W WindowManager: Changing focus fromWindow{51e1688 mode=1 rootTaskId=1 u0 ScreenOnProximitySensorGuide} to Window{c1d01a7 mode=1 rootTaskId=1 u0 NotificationShade} displayId=0 Callers=com.android.server.wm.RootWindowContainer.updateFocusedWindowLocked:469 com.android.server.wm.WindowManagerService.updateFocusedWindowLocked:6048 com.android.server.wm.RootWindowContainer.performSurfacePlacementNoTrace:833 com.android.server.wm.RootWindowContainer.performSurfacePlacement:817 
08-19 11:24:36.502  1145  1365 D WindowManager: Input focus has changed to Window{c1d01a7 mode=1 rootTaskId=1 u0 NotificationShade}
08-19 11:24:36.506  1145  1365 I Timeline: Timeline: App_transition_ready time:30553814
08-19 11:24:36.528  1145  1531 W BaseMiuiPhoneWindowManager: keyCode:23 down:true eventTime:30553836 downTime:30553836 policyFlags:22000000 flags:8 deviceId:6 isScreenOn:true keyguardActive:true repeatCount:0
08-19 11:24:36.548  6779  6779 W Activity: Slow Operation: Activity com.tencent.mm/.ui.LauncherUI onResume took 189ms
08-19 11:24:36.576  1145  2726 V LocationPolicy: writePolicyLocked()
08-19 11:24:36.619  1145  2293 I WindowManager: Relayout Window{19d1b49 mode=1 rootTaskId=1165 u0 com.tencent.mm/com.tencent.mm.ui.LauncherUI}: oldVis=4 newVis=0 focusMayChange = true
08-19 11:24:36.624  1145  2293 I Timeline: Timeline: App_transition_ready time:30553933
08-19 11:24:36.707  6779  6779 W Looper  : PerfMonitor doFrame : time=91ms vsyncFrame=0 latency=444ms procState=2 historyMsgCount=3 (msgIndex=1 wall=455ms seq=11348 running=155ms runnable=34ms io=232ms late=51ms h=android.app.ActivityThread$H w=159)
08-19 11:24:36.717  1145  1368 I Timeline: Timeline: App_transition_ready time:30554026
08-19 11:24:36.725  1145  1367 I WindowManager: updateContrastOverlay, darkmode: true isContrastEnabled: true alpha: 0.0
08-19 11:24:36.744  1145  4703 I WindowManager: Relayout Window{1e7d1ce mode=1 rootTaskId=1 u0 GestureStubHome}: oldVis=8 newVis=0 focusMayChange = true
08-19 11:24:36.837  2297  2553 I KeyguardSensorInjector: unregister pickup sensor
08-19 11:24:36.856  1145  2293 D PerfShielderService: com.android.systemui|StatusBar|442|30553805948974|179|0|8
08-19 11:24:36.858  3846  3846 D miui.face.FaceService: lock screen passed
08-19 11:24:36.860  5679  5797 D PowerKeeper.AppStandby: disable standby chain
08-19 11:24:36.861  1145  1376 W BroadcastQueue: Background execution not allowed: receiving Intent { act=android.intent.action.USER_PRESENT flg=0x24200010 } to com.miui.voiceassist/com.xiaomi.voiceassistant.voiceTrigger.adapter.BootupReceiver
08-19 11:24:36.897  1145  1376 W BroadcastQueue: Background execution not allowed: receiving Intent { act=android.intent.action.USER_PRESENT flg=0x24200010 } to com.join.android.app.mgsim.wufun/cn.jpush.android.service.PushReceiver
08-19 11:24:36.897  1145  1376 W BroadcastQueue: Background execution not allowed: receiving Intent { act=android.intent.action.USER_PRESENT flg=0x24200010 } to com.mi.health/.sleeptrace.SleepTraceReceiver
08-19 11:24:36.900  1145  1376 W BroadcastQueue: Background execution not allowed: receiving Intent { act=android.intent.action.USER_PRESENT flg=0x24200010 } to tuoyan.com.xinghuo_daying/cn.jpush.android.service.PushReceiver
08-19 11:24:36.901  1145  4711 W WindowManager: Changing focus fromWindow{c1d01a7 mode=1 rootTaskId=1 u0 NotificationShade} to Window{19d1b49 mode=1 rootTaskId=1165 u0 com.tencent.mm/com.tencent.mm.ui.LauncherUI} displayId=0 Callers=com.android.server.wm.RootWindowContainer.updateFocusedWindowLocked:469 com.android.server.wm.WindowManagerService.updateFocusedWindowLocked:6048 com.android.server.wm.WindowManagerService.relayoutWindow:2627 com.android.server.wm.Session.relayout:213 
08-19 11:24:36.905  1145  4711 D WindowManager: Input focus has changed to Window{19d1b49 mode=1 rootTaskId=1165 u0 com.tencent.mm/com.tencent.mm.ui.LauncherUI}
08-19 11:24:36.929  1145  1392 I DisplayPowerController: Unblocked screen on after 1005 ms
08-19 11:24:36.930  1145  1392 W PowerManagerService: Screen on took 1010 ms
08-19 11:24:36.934  2297  2665 D FlashlightController: onReceive: forceOff=false, state=false, from=com.miui.powerkeeper
08-19 11:24:36.953  2297  2665 D FlashlightController: onReceive: forceOff=false, state=false, from=com.miui.powerkeeper
08-19 11:24:36.974  1145  2186 D PerfShielderService: com.android.systemui|com.android.systemui-NavigationBar0|185|30553548801897|185|0|1
08-19 11:24:37.028  1145  1368 I Timeline: Timeline: Activity_windows_visible id: ActivityRecord{2b5bc20 u0 com.tencent.mm/.ui.LauncherUI t1165} time:30554336
08-19 11:24:37.031  1145  1368 I Timeline: Timeline: App_transition_stopped time:30554340
08-19 11:24:37.042  2297  2297 W KeyguardViewMediator: fw call startKeyguardExitAnimation timeout
08-19 11:24:37.066  1145  1531 W BaseMiuiPhoneWindowManager: keyCode:23 down:false eventTime:30554374 downTime:30553836 policyFlags:22000000 flags:8 deviceId:6 isScreenOn:true keyguardActive:false repeatCount:0
08-19 11:24:37.070  1145  2139 D NsdService: Register service
08-19 11:24:37.071  1145  2139 D NsdService: registerService: 55 name: {"nm":"你大爷","as":"[8193, 8194]","ip":"102"}, type: _mi-connect._udp, host: null, port: 56666, txtRecord: idHash=ZTM2
08-19 11:24:37.071  1145  2139 D NsdService: dev=1sec=2apps=[8193, 8194]name=你大爷flags=Ag==
08-19 11:24:37.071  1145  2139 D NsdService: version=65540commonData=0appsData=AwIEgwIEgw==
08-19 11:24:37.071  1145  2139 D NsdService: mdnssd [register, 55, {"nm":"你大爷","as":"[8193, 8194]","ip":"102"}, _mi-connect._udp, 56666, DGlkSGFzaD1aVE0yCgVkZXY9MQVzZWM9MhFhcHBzPVs4MTkzLCA4MTk0XQ5uYW1lPeS9oOWkp+eItwtmbGFncz1BZz09Cg12ZXJzaW9uPTY1NTQwDGNvbW1vbkRhdGE9MBZhcHBzRGF0YT1Bd0lFZ3dJRWd3PT0K]
08-19 11:24:37.073  1145  2139 D NsdService: Register 12 55
08-19 11:24:37.288  1145  4711 I InstallationStatistic: beginInstallSession: 1111306419
08-19 11:24:37.398  1145  1463 I ActivityTaskManager: START u0 {act=android.intent.action.VIEW dat=file:///data/app/vmdl1111306419.tmp typ=application/vnd.android.package-archive flg=0x18000000 cmp=com.miui.securitycenter/com.miui.permcenter.install.AdbInstallActivity (has extras)} from uid 1000
08-19 11:24:37.404  1145  1463 V ActivityTaskManager: Starting new activity ActivityRecord{af5c1ab u0 com.miui.securitycenter/com.miui.permcenter.install.AdbInstallActivity t1166} in new task Task{d5f63a1 #1166 visible=true type=standard mode=fullscreen translucent=true A=1000:com.miui.securitycenter U=0 StackId=1166 sz=1}
08-19 11:24:37.429  1145  1365 D MiuiScreenOnProximityLock: far from the screen for a certain time, release proximity sensor...
08-19 11:24:37.466  1145  4698 W WindowManager: Changing focus fromWindow{19d1b49 mode=1 rootTaskId=1165 u0 com.tencent.mm/com.tencent.mm.ui.LauncherUI} to null displayId=0 Callers=com.android.server.wm.RootWindowContainer.updateFocusedWindowLocked:469 com.android.server.wm.WindowManagerService.updateFocusedWindowLocked:6048 com.android.server.wm.DisplayContent.setFocusedApp:5749 com.android.server.wm.ActivityTaskManagerService.setResumedActivityUncheckLocked:5716 
08-19 11:24:37.466  1145  4698 D WindowManager: Input focus has changed to null
08-19 11:24:37.468  1145  4698 I Timeline: Timeline: App_transition_ready time:30554777
08-19 11:24:37.472  2297  2665 D FlashlightController: onReceive: forceOff=false, state=false, from=com.miui.powerkeeper
08-19 11:24:37.487  1145  1368 I Timeline: Timeline: App_transition_ready time:30554796
08-19 11:24:37.499  1145  1368 I Timeline: Timeline: App_transition_ready time:30554808
08-19 11:24:37.562  1145  1145 W Looper  : Slow dispatch took 709ms main h=android.app.ActivityThread$H c=android.app.-$$Lambda$LoadedApk$ReceiverDispatcher$Args$_BumDX2UKsnxLVrE6UJsJZkotuA@a2c8820 m=0
08-19 11:24:37.568  1145  1145 W Looper  : Slow delivery took 709ms main h=android.app.ActivityThread$H c=android.app.-$$Lambda$LoadedApk$ReceiverDispatcher$Args$_BumDX2UKsnxLVrE6UJsJZkotuA@f2fe5d9 m=0
08-19 11:24:37.572  2297  2503 W BpBinder: Slow Binder: BpBinder transact took 485ms, interface=android.app.trust.ITrustManager, code=6 oneway=false
08-19 11:24:37.573  1145  1145 W Looper  : Drained
08-19 11:24:37.654  1145  2186 D CompatibilityChangeReporter: Compat change id reported: 135634846; UID 10097; state: DISABLED
08-19 11:24:37.654  1145  2186 D CompatibilityChangeReporter: Compat change id reported: 135754954; UID 10097; state: DISABLED
08-19 11:24:37.655  1145  1377 D CompatibilityChangeReporter: Compat change id reported: 143937733; UID 10097; state: DISABLED
08-19 11:24:37.665  1145  1377 D Boost   : hostingType=content provider, hostingName={com.miui.guardprovider/com.miui.guardprovider.GuardProvider}, callerPackage=com.miui.securitycenter, isSystem=true, isBoostNeeded=false.
08-19 11:24:37.666  1145  1377 I ActivityManager: Start proc 29377:com.miui.guardprovider/u0a97 for content provider {com.miui.guardprovider/com.miui.guardprovider.GuardProvider} caller=com.miui.securitycenter
08-19 11:24:37.697  1145  2845 V ActivityManager: New death recipient com.android.server.am.ActivityManagerService$AppDeathRecipient@f2b734d for thread android.os.BinderProxy@d2fbe02
08-19 11:24:37.798  1145  2139 D NsdService: Native daemon message SERVICE_REGISTERED: 606 55 "{\"nm\":\"你大爷\",\"as\":\"[8193, 8194]\",\"ip\":\"102\"}"
08-19 11:24:37.833  1145  2186 W WindowManager: Changing focus fromnull to Window{19d1b49 mode=1 rootTaskId=1165 u0 com.tencent.mm/com.tencent.mm.ui.LauncherUI} displayId=0 Callers=com.android.server.wm.RootWindowContainer.updateFocusedWindowLocked:469 com.android.server.wm.WindowManagerService.updateFocusedWindowLocked:6048 com.android.server.wm.DisplayContent.layoutAndAssignWindowLayersIfNeeded:3546 com.android.server.wm.TaskDisplayArea.positionStackAt:796 
08-19 11:24:37.833  1145  2186 D WindowManager: Input focus has changed to Window{19d1b49 mode=1 rootTaskId=1165 u0 com.tencent.mm/com.tencent.mm.ui.LauncherUI}
08-19 11:24:37.904 24892 24892 W Looper  : PerfMonitor looperActivity : package=com.miui.securitycenter/com.miui.permcenter.install.AdbInstallActivity time=0ms latency=401ms running=0ms  procState=2 ClientTransaction{ callbacks=[android.app.servertransaction.TopResumedActivityChangeItem] } historyMsgCount=1 (msgIndex=1 wall=401ms seq=26 running=102ms runnable=3ms io=107ms h=android.app.ActivityThread$H w=159)
08-19 11:24:37.914  1145  2186 I Timeline: Timeline: App_transition_ready time:30555222
08-19 11:24:37.914  1145  2186 I Timeline: Timeline: App_transition_stopped time:30555223
08-19 11:24:37.918  2297  2665 D FlashlightController: onReceive: forceOff=false, state=false, from=com.miui.powerkeeper
08-19 11:24:37.924  2507  2581 W BpBinder: Slow Binder: BpBinder transact took 530ms, interface=android.content.pm.IPackageInstaller, code=6 oneway=false
08-19 11:24:37.926  1145  4711 D WindowManager: removeChild,stack:Task{d5f63a1 #1166 visible=true type=standard mode=fullscreen translucent=true A=1000:com.miui.securitycenter U=0 StackId=1166 sz=0}
08-19 11:24:37.926  1145  4711 D WindowManager: java.lang.Throwable
08-19 11:24:37.926  1145  4711 D WindowManager: 	at com.android.server.wm.TaskDisplayArea.removeChild(TaskDisplayArea.java:325)
08-19 11:24:37.926  1145  4711 D WindowManager: 	at com.android.server.wm.TaskDisplayArea.removeChild(TaskDisplayArea.java:82)
08-19 11:24:37.926  1145  4711 D WindowManager: 	at com.android.server.wm.WindowContainer.removeImmediately(WindowContainer.java:624)
08-19 11:24:37.926  1145  4711 D WindowManager: 	at com.android.server.wm.Task.removeImmediately(Task.java:2963)
08-19 11:24:37.926  1145  4711 D WindowManager: 	at com.android.server.wm.Task.removeIfPossible(Task.java:670)
08-19 11:24:37.926  1145  4711 D WindowManager: 	at com.android.server.wm.Task.removeChild(Task.java:1546)
08-19 11:24:37.926  1145  4711 D WindowManager: 	at com.android.server.wm.Task.removeChild(Task.java:1495)
08-19 11:24:37.926  1145  4711 D WindowManager: 	at com.android.server.wm.WindowContainer.removeImmediately(WindowContainer.java:624)
08-19 11:24:37.926  1145  4711 D WindowManager: 	at com.android.server.wm.WindowToken.removeImmediately(WindowToken.java:403)
08-19 11:24:37.926  1145  4711 D WindowManager: 	at com.android.server.wm.ActivityRecord.removeImmediately(ActivityRecord.java:3444)
08-19 11:24:37.926  1145  4711 D WindowManager: 	at com.android.server.wm.ActivityRecord.removeIfPossible(ActivityRecord.java:3451)
08-19 11:24:37.926  1145  4711 D WindowManager: 	at com.android.server.wm.ActivityRecord.onRemovedFromDisplay(ActivityRecord.java:3524)
08-19 11:24:37.926  1145  4711 D WindowManager: 	at com.android.server.wm.DisplayContent.removeAppToken(DisplayContent.java:1331)
08-19 11:24:37.926  1145  4711 D WindowManager: 	at com.android.server.wm.ActivityRecord.removeAppTokenFromDisplay(ActivityRecord.java:2218)
08-19 11:24:37.926  1145  4711 D WindowManager: 	at com.android.server.wm.ActivityRecord.removeFromHistory(ActivityRecord.java:3247)
08-19 11:24:37.926  1145  4711 D WindowManager: 	at com.android.server.wm.ActivityRecord.destroyed(ActivityRecord.java:3279)
08-19 11:24:37.926  1145  4711 D WindowManager: 	at com.android.server.wm.ActivityTaskManagerService.activityDestroyed(ActivityTaskManagerService.java:2003)
08-19 11:24:37.926  1145  4711 D WindowManager: 	at android.app.IActivityTaskManager$Stub.onTransact(IActivityTaskManager.java:2070)
08-19 11:24:37.926  1145  4711 D WindowManager: 	at android.os.Binder.execTransactInternal(Binder.java:1159)
08-19 11:24:37.926  1145  4711 D WindowManager: 	at android.os.Binder.execTransact(Binder.java:1123)
08-19 11:24:37.951  1145  1364 E JobScheduler.Background: App com.miui.analytics became active but still in NEVER bucket
08-19 11:24:37.953  1145  1376 I DropBoxManagerService: add tag=system_server_wtf isTagEnabled=true flags=0x2
08-19 11:24:37.981  1145  1546 W RuleEvaluation: Integrity rule files are not available.
08-19 11:24:37.982  1145  1398 I PackageManager: Integrity check passed for file:///data/app/vmdl1111306419.tmp
08-19 11:24:37.991  1145  1376 I ActivityManager: Force stopping com.example.myapplicationsl appid=10261 user=-1: installPackageLI
08-19 11:24:37.992  1145  1376 D AutoStartManagerService: prepare force stop p:26970 s: 19
08-19 11:24:37.993  1145  1398 I PackageManager: Update package com.example.myapplicationsl code path from /data/app/~~Wz-A6V6rE-g8RhaXQDHuag==/com.example.myapplicationsl-pp5CZJPnKVMobPls8SFoww== to /data/app/~~-v19V5PhNrKEnTVmAZ1sOw==/com.example.myapplicationsl-zmvBrHwyrI6BD-51ixr8Bg==; Retain data and using new
