08-19 11:27:07.242  1145  2186 W PreloadController: notify...pkgName=com.miui.guardprovider, userId=0, processName=com.miui.guardprovider, pid=29377, reason=empty #13
08-19 11:27:07.245  1145  2164 W PreloadManager: checkMemory()...... free=894408, total=3825592, threshold=614400
08-19 11:27:07.245  1145  2186 I Process : PerfMonitor : current process sending signal quiet. PID: 29377 SIG: 9
08-19 11:27:07.247  1145  1378 I Process : PerfMonitor : current process killing process group. PID: 29377
08-19 11:27:07.249  1145  2164 W PreloadManager: Failed : usage, pkg=com.miui.guardprovider
08-19 11:27:07.249  1145  2164 W PreloadController: Will not preload com.miui.guardprovider, decision = false, mMonitor.size()=5
08-19 11:27:07.280  1145  2293 V ActivityManager: Death received in com.android.server.am.ActivityManagerService$AppDeathRecipient@f2b734d for thread android.os.BinderProxy@d2fbe02
08-19 11:27:12.920  5679  5938 D DisplayFeatureManager: setScreenEffect displayId=0 mode=7 value=1 cookie=255
08-19 11:27:12.935  1145  2293 I ActivityManager: Killing 29675:com.miui.cloudservice:synclog/u0a104 (adj 965): empty #13
08-19 11:27:12.942  1145  2293 I Process : PerfMonitor : current process sending signal quiet. PID: 29675 SIG: 9
08-19 11:27:12.943  1145  1378 I Process : PerfMonitor : current process killing process group. PID: 29675
08-19 11:27:12.945  1145  2293 I ActivityManager: Killing 29432:com.android.keychain/1000 (adj 965): empty #14
08-19 11:27:12.948  1145  2293 W PreloadController: notify...pkgName=com.android.keychain, userId=0, processName=com.android.keychain, pid=29432, reason=empty #14
08-19 11:27:12.950  1145  2293 I Process : PerfMonitor : current process sending signal quiet. PID: 29432 SIG: 9
08-19 11:27:12.953  1145  2164 W PreloadManager: checkMemory()...... free=916628, total=3825592, threshold=614400
08-19 11:27:12.955  1145  1378 I Process : PerfMonitor : current process killing process group. PID: 29432
08-19 11:27:12.959  1145  2164 W PreloadManager: Failed : usage, pkg=com.android.keychain
08-19 11:27:12.959  1145  2164 W PreloadController: Will not preload com.android.keychain, decision = false, mMonitor.size()=5
08-19 11:27:12.999  1145  2293 V ActivityManager: Death received in com.android.server.am.ActivityManagerService$AppDeathRecipient@31f64db for thread android.os.BinderProxy@17adb78
08-19 11:27:13.008  1145  2186 V ActivityManager: Death received in com.android.server.am.ActivityManagerService$AppDeathRecipient@9400658 for thread android.os.BinderProxy@241b3b1
08-19 11:27:13.362  1145  2293 W WindowManager: Changing focus fromWindow{b2f135 mode=1 rootTaskId=1164 u0 com.tencent.mobileqq/com.tencent.mobileqq.richmediabrowser.AIOGalleryActivity} to Window{92e1b0b mode=1 rootTaskId=1164 u0 com.tencent.mobileqq/com.tencent.mobileqq.activity.SplashActivity} displayId=0 Callers=com.android.server.wm.RootWindowContainer.updateFocusedWindowLocked:469 com.android.server.wm.WindowManagerService.updateFocusedWindowLocked:6048 com.android.server.wm.DisplayContent.setFocusedApp:5749 com.android.server.wm.ActivityTaskManagerService.setResumedActivityUncheckLocked:5716 
08-19 11:27:13.364  1145  2293 D WindowManager: Input focus has changed to Window{92e1b0b mode=1 rootTaskId=1164 u0 com.tencent.mobileqq/com.tencent.mobileqq.activity.SplashActivity}
08-19 11:27:13.369  1145  2293 I Timeline: Timeline: App_transition_ready time:30710677
08-19 11:27:13.369  1145  2293 I Timeline: Timeline: App_transition_stopped time:30710677
08-19 11:27:13.377  1145  1367 I ActivityManager: Killing 29472:com.miui.cloudservice/u0a104 (adj 955): empty #13
08-19 11:27:13.377  1145  1367 W PreloadController: notify...pkgName=com.miui.cloudservice, userId=0, processName=com.miui.cloudservice, pid=29472, reason=empty #13
08-19 11:27:13.377  1145  1367 I Process : PerfMonitor : current process sending signal quiet. PID: 29472 SIG: 9
08-19 11:27:13.378  1145  2164 W PreloadManager: checkMemory()...... free=925932, total=3825592, threshold=614400
08-19 11:27:13.378  1145  1378 I Process : PerfMonitor : current process killing process group. PID: 29472
08-19 11:27:13.379  1145  2164 W PreloadManager: Failed : usage, pkg=com.miui.cloudservice
08-19 11:27:13.379  1145  2164 W PreloadController: Will not preload com.miui.cloudservice, decision = false, mMonitor.size()=5
08-19 11:27:13.410  1145  2291 V ActivityManager: Death received in com.android.server.am.ActivityManagerService$AppDeathRecipient@64d6107 for thread android.os.BinderProxy@4eca234
08-19 11:27:14.689  1145  2291 D PerfShielderService: com.tencent.mobileqq|com.tencent.mobileqq/com.tencent.mobileqq.activity.SplashActivity|195|30710893276060|62|3|7
08-19 11:27:14.690  3721 20095 W MiuiPerfServiceClient: interceptAndQueuing:11569|com.tencent.mobileqq|195|62|unknown|null|com.tencent.mobileqq/com.tencent.mobileqq.activity.SplashActivity|30710893276060|Slow handle traversal|7
08-19 11:27:15.124 11569 11569 I Timeline: Timeline: Activity_launch_request time:30712433
08-19 11:27:15.126  1145  2291 I ActivityTaskManager: START u0 {flg=0x24040000 cmp=com.tencent.mobileqq/.richmediabrowser.AIOGalleryActivity (has extras)} from uid 10209
08-19 11:27:15.141  1145  4705 W ActivityTaskManager: Tried to set launchTime (0) < mLastActivityLaunchTime (30696007)
08-19 11:27:15.144  1145  4705 W WindowManager: Changing focus fromWindow{92e1b0b mode=1 rootTaskId=1164 u0 com.tencent.mobileqq/com.tencent.mobileqq.activity.SplashActivity} to null displayId=0 Callers=com.android.server.wm.RootWindowContainer.updateFocusedWindowLocked:469 com.android.server.wm.WindowManagerService.updateFocusedWindowLocked:6048 com.android.server.wm.DisplayContent.setFocusedApp:5749 com.android.server.wm.ActivityTaskManagerService.setResumedActivityUncheckLocked:5716 
08-19 11:27:15.144  1145  4705 D WindowManager: Input focus has changed to null
08-19 11:27:15.144  1145  1374 D PeriodicCleaner: com.tencent.mobileqq/com.tencent.mobileqq.richmediabrowser.AIOGalleryActivity isn't fullscreen, skip.
08-19 11:27:15.146  1145  4705 I Timeline: Timeline: App_transition_ready time:30712454
08-19 11:27:15.214  1145  2186 I Timeline: Timeline: App_transition_ready time:30712522
08-19 11:27:15.215  1145  2186 I WindowManager: Relayout Window{d1898c4 mode=1 rootTaskId=1164 u0 com.tencent.mobileqq/com.tencent.mobileqq.richmediabrowser.AIOGalleryActivity}: oldVis=4 newVis=0 focusMayChange = true
08-19 11:27:15.218  1145  2186 V WindowManager: Orientation start waiting for draw, mDrawState=DRAW_PENDING in Window{d1898c4 mode=1 rootTaskId=1164 u0 com.tencent.mobileqq/com.tencent.mobileqq.richmediabrowser.AIOGalleryActivity}, surfaceController Surface(name=com.tencent.mobileqq/com.tencent.mobileqq.richmediabrowser.AIOGalleryActivity)/@0x2e0a6e2
08-19 11:27:15.219  1145  2186 I Timeline: Timeline: App_transition_ready time:30712527
08-19 11:27:15.219  1145  2186 W WindowManager: Changing focus fromnull to Window{d1898c4 mode=1 rootTaskId=1164 u0 com.tencent.mobileqq/com.tencent.mobileqq.richmediabrowser.AIOGalleryActivity} displayId=0 Callers=com.android.server.wm.RootWindowContainer.updateFocusedWindowLocked:469 com.android.server.wm.WindowManagerService.updateFocusedWindowLocked:6048 com.android.server.wm.WindowManagerService.relayoutWindow:2627 com.android.server.wm.Session.relayout:213 
08-19 11:27:15.222  1145  2186 D WindowManager: Input focus has changed to Window{d1898c4 mode=1 rootTaskId=1164 u0 com.tencent.mobileqq/com.tencent.mobileqq.richmediabrowser.AIOGalleryActivity}
08-19 11:27:15.224  1145  4705 I Timeline: Timeline: App_transition_ready time:30712532
08-19 11:27:15.230  1145  1367 I Timeline: Timeline: App_transition_ready time:30712538
08-19 11:27:15.231  5679  5938 D DisplayFeatureManager: setScreenEffect displayId=0 mode=7 value=4 cookie=255
08-19 11:27:15.236  1145  2186 I Timeline: Timeline: App_transition_ready time:30712545
08-19 11:27:15.248  1145  2725 I Timeline: Timeline: App_transition_ready time:30712556
08-19 11:27:15.295  1145  1368 I Timeline: Timeline: App_transition_ready time:30712604
08-19 11:27:15.296  1145  1368 I Timeline: Timeline: Activity_windows_visible id: ActivityRecord{fea4601 u0 com.tencent.mobileqq/.richmediabrowser.AIOGalleryActivity t1164} time:30712604
08-19 11:27:15.296  1145  1368 I Timeline: Timeline: App_transition_stopped time:30712604
08-19 11:27:23.672  1145  2725 D ActivityManager: report kill process: killerPid is:28223, killedPid is:28223
08-19 11:27:23.774  1145  2725 V ActivityManager: Death received in com.android.server.am.ActivityManagerService$AppDeathRecipient@a5efa5e for thread android.os.BinderProxy@d6d6e3f
08-19 11:27:23.784  1145  3624 W ActivityManager: Exception when unbinding service com.tencent.mm/.ipcinvoker.wx_extension.service.ToolsProcessIPCService
08-19 11:27:23.784  1145  3624 W ActivityManager: android.os.DeadObjectException
08-19 11:27:23.784  1145  3624 W ActivityManager: 	at android.os.BinderProxy.transactNative(Native Method)
08-19 11:27:23.784  1145  3624 W ActivityManager: 	at android.os.BinderProxy.transact(BinderProxy.java:540)
08-19 11:27:23.784  1145  3624 W ActivityManager: 	at android.app.IApplicationThread$Stub$Proxy.scheduleUnbindService(IApplicationThread.java:1711)
08-19 11:27:23.784  1145  3624 W ActivityManager: 	at com.android.server.am.ActiveServices.removeConnectionLocked(ActiveServices.java:3624)
08-19 11:27:23.784  1145  3624 W ActivityManager: 	at com.android.server.am.ActiveServices.unbindServiceLocked(ActiveServices.java:2309)
08-19 11:27:23.784  1145  3624 W ActivityManager: 	at com.android.server.am.ActivityManagerService.unbindService(ActivityManagerService.java:15759)
08-19 11:27:23.784  1145  3624 W ActivityManager: 	at android.app.IActivityManager$Stub.onTransact(IActivityManager.java:2691)
08-19 11:27:23.784  1145  3624 W ActivityManager: 	at com.android.server.am.ActivityManagerService.onTransact(ActivityManagerService.java:2987)
08-19 11:27:23.784  1145  3624 W ActivityManager: 	at android.os.Binder.execTransactInternal(Binder.java:1154)
08-19 11:27:23.784  1145  3624 W ActivityManager: 	at android.os.Binder.execTransact(Binder.java:1123)
08-19 11:27:23.789  1145  2725 I ActivityManager: Process com.tencent.mm:tools (pid 28223) has died: fg  RCVR
08-19 11:27:23.789  1145  1378 I Process : PerfMonitor : current process killing process group. PID: 28223
08-19 11:27:24.002  1145  2725 D ActivityManager: report kill process: killerPid is:28541, killedPid is:28541
08-19 11:27:24.086  1145  3624 V ActivityManager: Death received in com.android.server.am.ActivityManagerService$AppDeathRecipient@5c707d5 for thread android.os.BinderProxy@ddf6bea
08-19 11:27:24.087  1145  3624 I ActivityManager: Process com.tencent.mm:toolsmp (pid 28541) has died: fg  RCVR
08-19 11:27:24.087  1145  1378 I Process : PerfMonitor : current process killing process group. PID: 28541
08-19 11:27:24.088  1145  3624 W ActivityManager: Scheduling restart of crashed service com.tencent.mm/.ipcinvoker.wx_extension.service.ToolsMpProcessIPCService in 1000ms for connection
08-19 11:27:24.093  1145  2206 D MtkConnectivityService: ConnectivityService NetworkRequestInfo binderDied(NetworkRequest [ TRACK_DEFAULT id=350, [ Capabilities: INTERNET&NOT_RESTRICTED&TRUSTED Uid: 10222 AdministratorUids: [] RequestorUid: 10222 RequestorPackageName: com.tencent.mm] ], android.os.BinderProxy@f3fce53)
08-19 11:27:24.093  1145  4711 D MtkConnectivityService: ConnectivityService NetworkRequestInfo binderDied(NetworkRequest [ LISTEN id=351, [ Capabilities: INTERNET&NOT_RESTRICTED&TRUSTED Uid: 10222 AdministratorUids: [] RequestorUid: 10222 RequestorPackageName: com.tencent.mm] ], android.os.BinderProxy@7053e42)
08-19 11:27:52.931  1145  3624 V LocationPolicy: writePolicyLocked()
08-19 11:27:54.082  5679  5938 D DisplayFeatureManager: setScreenEffect displayId=0 mode=7 value=1 cookie=255
08-19 11:27:54.288  1145  3624 I WindowManager: Relayout Window{dcb2e15 mode=1 rootTaskId=1 u0 GestureStubLeft}: oldVis=8 newVis=0 focusMayChange = true
08-19 11:27:54.522  1145  3624 W WindowManager: Changing focus fromWindow{d1898c4 mode=1 rootTaskId=1164 u0 com.tencent.mobileqq/com.tencent.mobileqq.richmediabrowser.AIOGalleryActivity} to Window{92e1b0b mode=1 rootTaskId=1164 u0 com.tencent.mobileqq/com.tencent.mobileqq.activity.SplashActivity} displayId=0 Callers=com.android.server.wm.RootWindowContainer.updateFocusedWindowLocked:469 com.android.server.wm.WindowManagerService.updateFocusedWindowLocked:6048 com.android.server.wm.DisplayContent.setFocusedApp:5749 com.android.server.wm.ActivityTaskManagerService.setResumedActivityUncheckLocked:5716 
08-19 11:27:54.523  1145  3624 D WindowManager: Input focus has changed to Window{92e1b0b mode=1 rootTaskId=1164 u0 com.tencent.mobileqq/com.tencent.mobileqq.activity.SplashActivity}
08-19 11:27:54.528  1145  3624 I Timeline: Timeline: App_transition_ready time:30751837
08-19 11:27:54.529  1145  3624 I Timeline: Timeline: App_transition_stopped time:30751837
08-19 11:27:54.664  1145  4711 W BaseMiuiPhoneWindowManager: keyCode:4 down:true eventTime:30751968 downTime:30751968 policyFlags:2b000000 flags:8 deviceId:-1 isScreenOn:true keyguardActive:false repeatCount:0
08-19 11:27:54.665  1145  4711 W BaseMiuiPhoneWindowManager: keyCode:4 down:false eventTime:30751968 downTime:30751968 policyFlags:2b000000 flags:8 deviceId:-1 isScreenOn:true keyguardActive:false repeatCount:0
08-19 11:27:57.422 11569 11569 I Timeline: Timeline: Activity_launch_request time:30754731
08-19 11:27:57.424  1145  4711 I ActivityTaskManager: START u0 {flg=0x24040000 cmp=com.tencent.mobileqq/.richmediabrowser.AIOGalleryActivity (has extras)} from uid 10209
08-19 11:27:57.439  1145  2726 W ActivityTaskManager: Tried to set launchTime (0) < mLastActivityLaunchTime (30712451)
08-19 11:27:57.441  1145  2726 W WindowManager: Changing focus fromWindow{92e1b0b mode=1 rootTaskId=1164 u0 com.tencent.mobileqq/com.tencent.mobileqq.activity.SplashActivity} to null displayId=0 Callers=com.android.server.wm.RootWindowContainer.updateFocusedWindowLocked:469 com.android.server.wm.WindowManagerService.updateFocusedWindowLocked:6048 com.android.server.wm.DisplayContent.setFocusedApp:5749 com.android.server.wm.ActivityTaskManagerService.setResumedActivityUncheckLocked:5716 
08-19 11:27:57.441  1145  2726 D WindowManager: Input focus has changed to null
08-19 11:27:57.441  1145  1374 D PeriodicCleaner: com.tencent.mobileqq/com.tencent.mobileqq.richmediabrowser.AIOGalleryActivity isn't fullscreen, skip.
08-19 11:27:57.443  1145  2726 I Timeline: Timeline: App_transition_ready time:30754751
08-19 11:27:57.499  1145  2722 I Timeline: Timeline: App_transition_ready time:30754807
08-19 11:27:57.500  1145  3624 I WindowManager: Relayout Window{e44bc47 mode=1 rootTaskId=1164 u0 com.tencent.mobileqq/com.tencent.mobileqq.richmediabrowser.AIOGalleryActivity}: oldVis=4 newVis=0 focusMayChange = true
08-19 11:27:57.508  1145  3624 V WindowManager: Orientation start waiting for draw, mDrawState=DRAW_PENDING in Window{e44bc47 mode=1 rootTaskId=1164 u0 com.tencent.mobileqq/com.tencent.mobileqq.richmediabrowser.AIOGalleryActivity}, surfaceController Surface(name=com.tencent.mobileqq/com.tencent.mobileqq.richmediabrowser.AIOGalleryActivity)/@0xa3e059d
08-19 11:27:57.509  1145  3624 I Timeline: Timeline: App_transition_ready time:30754817
08-19 11:27:57.510  1145  3624 W WindowManager: Changing focus fromnull to Window{e44bc47 mode=1 rootTaskId=1164 u0 com.tencent.mobileqq/com.tencent.mobileqq.richmediabrowser.AIOGalleryActivity} displayId=0 Callers=com.android.server.wm.RootWindowContainer.updateFocusedWindowLocked:469 com.android.server.wm.WindowManagerService.updateFocusedWindowLocked:6048 com.android.server.wm.WindowManagerService.relayoutWindow:2627 com.android.server.wm.Session.relayout:213 
08-19 11:27:57.511  1145  3624 D WindowManager: Input focus has changed to Window{e44bc47 mode=1 rootTaskId=1164 u0 com.tencent.mobileqq/com.tencent.mobileqq.richmediabrowser.AIOGalleryActivity}
08-19 11:27:57.514  1145  2726 I Timeline: Timeline: App_transition_ready time:30754822
08-19 11:27:57.521  1145  1367 I Timeline: Timeline: App_transition_ready time:30754830
08-19 11:27:57.521  5679  5938 D DisplayFeatureManager: setScreenEffect displayId=0 mode=7 value=4 cookie=255
08-19 11:27:57.533  1145  2726 I Timeline: Timeline: App_transition_ready time:30754842
08-19 11:27:57.551  1145  4711 I Timeline: Timeline: App_transition_ready time:30754860
08-19 11:27:57.576  1145  1368 I Timeline: Timeline: App_transition_ready time:30754885
08-19 11:27:57.576  1145  1368 I Timeline: Timeline: Activity_windows_visible id: ActivityRecord{4221b69 u0 com.tencent.mobileqq/.richmediabrowser.AIOGalleryActivity t1164} time:30754885
08-19 11:27:57.577  1145  1368 I Timeline: Timeline: App_transition_stopped time:30754885
08-19 11:28:06.056  1145  1392 D AutomaticBrightnessController: updateAutoBrightness: mScreenAutoBrightness=0.22723882, newScreenAutoBrightness=0.21013151
08-19 11:28:10.985   881 29154 D TableOfContentThread: TableOfContentThread Construct !0xb400007733853e10
08-19 11:28:10.986   881 29154 D TableOfContentThread: buildTocTable 0xb400007733853e10
08-19 11:28:10.986   881 29154 D TableOfContentThread: build TocTable process over--actual duration=731000,mFrameNum=28,mEntryCount=1
08-19 11:28:11.101  1145  1145 W NotificationHistory: Attempted to add notif for locked/gone/disabled user 0
08-19 11:28:11.144  1145  1375 D ProcessManager: add audio active uid : 10209
08-19 11:28:11.304  1145  3624 I WindowManager: Relayout Window{c1d01a7 mode=1 rootTaskId=1 u0 NotificationShade}: oldVis=4 newVis=0 focusMayChange = true
08-19 11:28:11.472  1145  4700 D PerfShielderService: com.android.systemui|StatusBar|182|30768681238525|112|3|3
08-19 11:28:11.473  3721 20095 W MiuiPerfServiceClient: interceptAndQueuing:2297|com.android.systemui|182|112|unknown|null|StatusBar|30768681238525|Slow handle traversal|3
08-19 11:28:12.043   881 24280 D TableOfContentThread: ~TableOfContentThread 0xb400007733853e10!
08-19 11:28:12.043   881 24280 D TableOfContentThread: stopTOCThread 0xb400007733853e10
08-19 11:28:12.063  1145  1375 D ProcessManager: add temp remove audio inactive uid : 10209
08-19 11:28:12.664  1145  2164 D ProcessManager: real remove inactive uid : 10209 flag : 1
08-19 11:29:39.345  1145  1392 V DisplayPowerController: Brightness [0.05] reason changing to: 'automatic [ dim ]', previous reason: 'automatic'.
08-19 11:29:40.982  1145  1364 E JobScheduler.Background: App com.miui.analytics became active but still in NEVER bucket
08-19 11:29:40.985  1145  1376 I DropBoxManagerService: add tag=system_server_wtf isTagEnabled=true flags=0x2
08-19 11:29:47.810  6779  7217 W BpBinder: Slow Binder: BpBinder transact took 227ms, interface=android.app.IActivityManager, code=89 oneway=false
08-19 11:29:57.343  1145  1392 I PowerManagerService: Going to sleep due to timeout (uid 1000)...
08-19 11:29:57.345  1145  1392 W DreamManagerService: Dream ComponentInfo{com.miui.aod/com.miui.aod.doze.DozeService} does not exist
08-19 11:29:57.346  1145  1392 I PowerManagerService: Sleeping (uid 1000)...
08-19 11:29:57.348  1145  1392 V DisplayPowerController: Brightness [0.21013151] reason changing to: 'automatic', previous reason: 'automatic [ dim ]'.
08-19 11:29:57.349  1145  1392 I DisplayPowerController: Blocking screen off
08-19 11:29:57.349  1145  1392 I DisplayPowerController: Unblocked screen off after 1 ms
08-19 11:29:57.381  1145  1392 D ActivityTaskManager: Top Process State changed to PROCESS_STATE_TOP_SLEEPING
08-19 11:29:57.407  1145  1383 D KernelCpuUidUserSysTimeReader: Removing uids 99023-99023
08-19 11:29:57.408  1145  1392 D WindowManager: send app before lock screen to SurfaceFlinger , name = com.tencent.mobileqq/com.tencent.mobileqq.richmediabrowser.AIOGalleryActivity
08-19 11:29:57.419  1145  1367 W ProcessStats: Tracking association SourceState{adc9d0 com.tencent.mobileqq:peak/10209 Top #81298} whose proc state 1 is better than process ProcessState{c34ee97 com.tencent.mobileqq:MSF/10209 pkg=com.tencent.mobileqq} proc state 5 (7 skipped)
08-19 11:29:57.422  1145  1392 W ActivityManager: Unable to start service Intent { act=miui.action.CAMERA_EMPTY_SERVICE pkg=com.android.camera } U=0: not found
08-19 11:29:57.422  1145  1392 I AutomaticBrightnessControllerInjector: setLightSensorEnabled: true
08-19 11:29:57.422  1145  1392 I AutomaticBrightnessControllerInjector: getLatestData res: 71.0
08-19 11:29:57.435  1145  1392 I AutomaticBrightnessControllerInjector: setProximitySensorEnabled disable
08-19 11:29:57.439  1145  1392 V DisplayPowerController: Brightness [-1.0] reason changing to: 'screen_off', previous reason: 'automatic'.
08-19 11:29:57.443  1145  2193 D LocalDisplayAdapter: setDisplayState(id=0, state=OFF)
08-19 11:29:57.444  1145  1367 I DisplayManagerService: Display device changed state: "内置屏幕", OFF
08-19 11:29:57.473  1145  1145 V FingerprintService: startAuthentication(com.android.systemui)
08-19 11:29:57.474  1145  1145 V FingerprintService: starting client AuthenticationClientImpl(com.android.systemui) targetUserId: 0 currentUserId: 0 cookie: 0/0
08-19 11:29:57.492 30346 30346 W Activity: Slow Operation: Activity com.tencent.mobileqq/.richmediabrowser.AIOGalleryActivity onPause took 80ms
08-19 11:29:57.497  1145  1367 W WindowManager: Changing focus fromWindow{e44bc47 mode=1 rootTaskId=1164 u0 com.tencent.mobileqq/com.tencent.mobileqq.richmediabrowser.AIOGalleryActivity} to null displayId=0 Callers=com.android.server.wm.RootWindowContainer.updateFocusedWindowLocked:469 com.android.server.wm.WindowManagerService.updateFocusedWindowLocked:6048 com.android.server.wm.ActivityRecord.commitVisibility:4642 com.android.server.wm.ActivityRecord.setVisibility:4548 
08-19 11:29:57.497  1145  1145 W FingerprintService: client com.android.systemui is authenticating...
08-19 11:29:57.497  1145  1367 D WindowManager: Input focus has changed to null
08-19 11:29:57.533  1145  1367 V WindowManager: Orientation start waiting for draw, mDrawState=DRAW_PENDING in Window{820f860 mode=1 rootTaskId=1 u0 RoundCorner}, surfaceController Surface(name=RoundCorner)/@0xc5430a7
08-19 11:29:57.533  1145  1367 V WindowManager: Orientation start waiting for draw, mDrawState=DRAW_PENDING in Window{92e1b0b mode=1 rootTaskId=1164 u0 com.tencent.mobileqq/com.tencent.mobileqq.activity.SplashActivity}, surfaceController Surface(name=com.tencent.mobileqq/com.tencent.mobileqq.activity.SplashActivity)/@0xee102e8
08-19 11:29:57.545  5679  5938 D DisplayFeatureManager: setScreenEffect displayId=0 mode=7 value=1 cookie=255
08-19 11:29:57.736  1145  2193 W BpBinder: Slow Binder: BpBinder transact took 292ms, interface=android.ui.ISurfaceComposer, code=18 oneway=false
08-19 11:29:57.778  1145  1367 I WindowManager: updateContrastOverlay, darkmode: true isContrastEnabled: true alpha: 0.0
08-19 11:29:57.897  1145  1145 V LocationPolicy: Screen state changed
08-19 11:29:57.971  2297  2297 V KeyguardStatusView: refresh statusview showing:true
08-19 11:29:58.011  1145  2722 I WindowManager: Relayout Window{c1d01a7 mode=1 rootTaskId=1 u0 NotificationShade}: oldVis=4 newVis=0 focusMayChange = true
08-19 11:29:58.017  1145  2722 V WindowManager: Orientation start waiting for draw, mDrawState=DRAW_PENDING in Window{c1d01a7 mode=1 rootTaskId=1 u0 NotificationShade}, surfaceController Surface(name=NotificationShade)/@0x7c9c6d7
08-19 11:29:58.020  1145  2722 W WindowManager: Changing focus fromnull to Window{c1d01a7 mode=1 rootTaskId=1 u0 NotificationShade} displayId=0 Callers=com.android.server.wm.RootWindowContainer.updateFocusedWindowLocked:469 com.android.server.wm.WindowManagerService.updateFocusedWindowLocked:6048 com.android.server.wm.WindowManagerService.relayoutWindow:2627 com.android.server.wm.Session.relayout:213 
08-19 11:29:58.027  1145  2722 D WindowManager: Input focus has changed to Window{c1d01a7 mode=1 rootTaskId=1 u0 NotificationShade}
08-19 11:29:58.474  1145  2139 D NsdService: unregister service
08-19 11:29:58.474  1145  2139 D NsdService: mdnssd [stop-register, 56]
08-19 11:29:58.606  1145  4700 D CompatibilityChangeReporter: Compat change id reported: 135634846; UID 10139; state: DISABLED
08-19 11:29:58.606  1145  4700 D CompatibilityChangeReporter: Compat change id reported: 135754954; UID 10139; state: DISABLED
08-19 11:29:58.607  1145  1377 D CompatibilityChangeReporter: Compat change id reported: 143937733; UID 10139; state: DISABLED
08-19 11:29:58.630  1145  1377 D Boost   : hostingType=service, hostingName={com.miui.systemAdSolution/com.miui.zeus.msa.app.splashad.SplashUIService}, callerPackage=com.miui.systemAdSolution, isSystem=true, isBoostNeeded=false.
08-19 11:29:58.632  1145  1377 I ActivityManager: Start proc 30672:com.miui.systemAdSolution:ui/u0a139 for service {com.miui.systemAdSolution/com.miui.zeus.msa.app.splashad.SplashUIService} caller=com.miui.systemAdSolution
08-19 11:29:58.887  1145  4700 V ActivityManager: New death recipient com.android.server.am.ActivityManagerService$AppDeathRecipient@5074792 for thread android.os.BinderProxy@8d42563
08-19 11:30:02.384  1145  1367 W ActivityTaskManager: Sleep timeout!  Sleeping now.
08-19 11:30:10.529 11569 11977 W BpBinder: Slow Binder: BpBinder transact took 377ms, interface=android.app.IActivityManager, code=89 oneway=false
08-19 11:30:16.964   881 15762 D TableOfContentThread: TableOfContentThread Construct !0xb400007733801010
08-19 11:30:16.964   881 15762 D TableOfContentThread: buildTocTable 0xb400007733801010
08-19 11:30:16.964   881 15762 D TableOfContentThread: build TocTable process over--actual duration=731000,mFrameNum=28,mEntryCount=1
08-19 11:30:17.015  1145  1375 D ProcessManager: add audio active uid : 10209
08-19 11:30:17.135  1145  1145 W NotificationHistory: Attempted to add notif for locked/gone/disabled user 0
08-19 11:30:17.859   881 24280 D TableOfContentThread: ~TableOfContentThread 0xb400007733801010!
08-19 11:30:17.859   881 24280 D TableOfContentThread: stopTOCThread 0xb400007733801010
08-19 11:30:17.893  1145  1375 D ProcessManager: add temp remove audio inactive uid : 10209
08-19 11:30:18.494  1145  2164 D ProcessManager: real remove inactive uid : 10209 flag : 1
08-19 11:30:23.531  1145  4700 W ProcessStats: Tracking association SourceState{adc9d0 com.tencent.mobileqq:peak/10209 Top #81573} whose proc state 1 is better than process ProcessState{c34ee97 com.tencent.mobileqq:MSF/10209 pkg=com.tencent.mobileqq} proc state 5 (713 skipped)
08-19 11:30:24.041  6779 18349 W BpBinder: Slow Binder: BpBinder transact took 312ms, interface=android.net.INetworkStatsSession, code=4 oneway=false
08-19 11:30:24.047  7817  7921 W BpBinder: Slow Binder: BpBinder transact took 314ms, interface=android.net.INetworkStatsSession, code=2 oneway=false
08-19 11:30:24.052  7278  7278 W BpBinder: Slow Binder: BpBinder transact took 452ms, interface=com.tencent.mm.network.connpool.IConnPoolMoniter_AIDL, code=2 oneway=false
08-19 11:30:28.300  5679  5797 D PowerKeeper.AppStandby: enable standby chain
08-19 11:30:28.810  1145  4693 D com.android.server.pm.PackageManagerServiceInjector: Skip dexopt on: /data/user/0/com.xiaomi.market/app_analytics/analytics.apk, because com.xiaomi.market is not current resumed. Current resumed is: com.tencent.mobileqq
08-19 11:30:33.582  1145  4711 W ProcessStats: Tracking association SourceState{adc9d0 com.tencent.mobileqq:peak/10209 Top #81577} whose proc state 1 is better than process ProcessState{c34ee97 com.tencent.mobileqq:MSF/10209 pkg=com.tencent.mobileqq} proc state 5 (11 skipped)
08-19 11:30:34.260  1145  3624 D ActivityManager: report kill process: killerPid is:30346, killedPid is:30346
08-19 11:30:34.385  1145  2206 V ActivityManager: Death received in com.android.server.am.ActivityManagerService$AppDeathRecipient@a913e7c for thread android.os.BinderProxy@c99305
08-19 11:30:34.386  1145  4700 I WindowManager: WIN DEATH: Window{e44bc47 mode=1 rootTaskId=1164 u0 com.tencent.mobileqq/com.tencent.mobileqq.richmediabrowser.AIOGalleryActivity}
08-19 11:30:34.388  1145  2206 I ActivityManager: Process com.tencent.mobileqq:peak (pid 30346) has died: fg  TPSL
08-19 11:30:34.388  1145  1378 I Process : PerfMonitor : current process killing process group. PID: 30346
08-19 11:30:34.409  1145  1367 W ActivityManager: setHasOverlayUi called on unknown pid: 30346
08-19 11:30:45.742  6779  9341 W BpBinder: Slow Binder: BpBinder transact took 237ms, interface=android.app.IActivityManager, code=89 oneway=false
08-19 11:30:57.481  1145  1145 D CompatibilityChangeReporter: Compat change id reported: 135634846; UID 9810; state: DISABLED
08-19 11:30:57.482  1145  1145 D CompatibilityChangeReporter: Compat change id reported: 135754954; UID 9810; state: ENABLED
08-19 11:30:57.516  1145  1377 D Boost   : hostingType=service, hostingName={com.xiaomi.finddevice/com.xiaomi.finddevice.v2.securitypush.SecurityContextPeriodicUpdateJob}, callerPackage=android, isSystem=true, isBoostNeeded=false.
08-19 11:30:57.517  1145  1377 I ActivityManager: Start proc 30760:com.xiaomi.finddevice:securitypush/9810 for service {com.xiaomi.finddevice/com.xiaomi.finddevice.v2.securitypush.SecurityContextPeriodicUpdateJob} caller=android
08-19 11:30:57.560  1145  2291 V ActivityManager: New death recipient com.android.server.am.ActivityManagerService$AppDeathRecipient@d508350 for thread android.os.BinderProxy@32a7949
08-19 11:30:57.739  1145  2291 D CompatibilityChangeReporter: Compat change id reported: 135634846; UID 10104; state: DISABLED
08-19 11:30:57.739  1145  2291 D CompatibilityChangeReporter: Compat change id reported: 135754954; UID 10104; state: DISABLED
08-19 11:30:57.739  1145  1377 D CompatibilityChangeReporter: Compat change id reported: 143937733; UID 10104; state: DISABLED
08-19 11:30:57.765  1145  1377 D Boost   : hostingType=service, hostingName={com.miui.cloudservice/com.miui.cloudservice.securitypush.SecurityContextManager}, callerPackage=com.xiaomi.finddevice, isSystem=true, isBoostNeeded=false.
08-19 11:30:57.766  1145  1377 I ActivityManager: Start proc 30783:com.miui.cloudservice/u0a104 for service {com.miui.cloudservice/com.miui.cloudservice.securitypush.SecurityContextManager} caller=com.xiaomi.finddevice
08-19 11:30:57.803  1145  2291 V ActivityManager: New death recipient com.android.server.am.ActivityManagerService$AppDeathRecipient@c28e5b2 for thread android.os.BinderProxy@d123903
08-19 11:30:58.028  1145  1376 V ActivityManager: Attempted to start a foreground service (com.xiaomi.simactivate.service/com.xiaomi.activate.ActivateService) with a broken notification (no icon: Notification(channel=com.xiaomi.simactivate.service.CHANNEL_ID shortcut=null contentView=null vibrate=null sound=null defaults=0x0 flags=0x40 color=0x00000000 vis=PRIVATE))
08-19 11:30:58.125  1145  1376 V ActivityManager: Attempted to start a foreground service (com.xiaomi.simactivate.service/com.xiaomi.activate.ActivateService) with a broken notification (no icon: Notification(channel=com.xiaomi.simactivate.service.CHANNEL_ID shortcut=null contentView=null vibrate=null sound=null defaults=0x0 flags=0x40 color=0x00000000 vis=PRIVATE))
08-19 11:30:58.257  1145  1145 D NotificationService: 0|com.xiaomi.simactivate.service|1001|null|10146: granting content://settings/system/notification_sound
08-19 11:30:58.258  1145  1145 I chatty  : uid=1000 system_server identical 5 lines
08-19 11:30:58.259  1145  1145 D NotificationService: 0|com.xiaomi.simactivate.service|1001|null|10146: granting content://settings/system/notification_sound
08-19 11:30:58.259  1145  1145 W NotificationHistory: Attempted to add notif for locked/gone/disabled user 0
08-19 11:30:58.278  1145  2291 V LocationPolicy: writePolicyLocked()
08-19 11:30:58.350  1145  1145 D NotificationService: 0|com.xiaomi.simactivate.service|1001|null|10146: granting content://settings/system/notification_sound
08-19 11:30:58.354  1145  1145 I chatty  : uid=1000 system_server identical 5 lines
08-19 11:30:58.354  1145  1145 D NotificationService: 0|com.xiaomi.simactivate.service|1001|null|10146: granting content://settings/system/notification_sound
08-19 11:30:58.356  1145  1145 W NotificationHistory: Attempted to add notif for locked/gone/disabled user 0
08-19 11:30:59.205  1145  2291 I ActivityManager: Killing 29642:com.miui.contentcatcher:autofill/1000 (adj 965): empty #13
08-19 11:30:59.206  1145  2291 I Process : PerfMonitor : current process sending signal quiet. PID: 29642 SIG: 9
08-19 11:30:59.207  1145  1378 I Process : PerfMonitor : current process killing process group. PID: 29642
08-19 11:30:59.238  1145  2206 V ActivityManager: Death received in com.android.server.am.ActivityManagerService$AppDeathRecipient@98e200 for thread android.os.BinderProxy@1f46a39
08-19 11:30:59.258  1145  2206 I ActivityManager: Killing 29853:com.xiaomi.account:accountservice/u0a96 (adj 965): empty #13
08-19 11:30:59.259  1145  2206 I Process : PerfMonitor : current process sending signal quiet. PID: 29853 SIG: 9
08-19 11:30:59.261  1145  1378 I Process : PerfMonitor : current process killing process group. PID: 29853
08-19 11:30:59.297  1145  4708 V ActivityManager: Death received in com.android.server.am.ActivityManagerService$AppDeathRecipient@e4df074 for thread android.os.BinderProxy@42ae99d
08-19 11:30:59.299  1145  4708 I AutoStartManagerService: MIUILOG- Reject RestartService packageName :com.xiaomi.account uid : 10096
08-19 11:32:58.504  1145  2206 D ActivityManager: report kill process: killerPid is:29143, killedPid is:29143
08-19 11:32:58.612  1145  1705 V ActivityManager: Death received in com.android.server.am.ActivityManagerService$AppDeathRecipient@b55ad1b for thread android.os.BinderProxy@c1b1eb8
08-19 11:32:58.612  1145  1705 I ActivityManager: Process com.tencent.mobileqq:qzone (pid 29143) has died: fg  SVC 
08-19 11:32:58.613  1145  1378 I Process : PerfMonitor : current process killing process group. PID: 29143
08-19 11:32:58.615  1145  1705 W ActivityManager: Scheduling restart of crashed service com.tencent.mobileqq/cooperation.qzone.remote.logic.QzoneWebPluginProxyService in 1000ms for connection
08-19 11:32:59.618  1145  1376 D CompatibilityChangeReporter: Compat change id reported: 135634846; UID 10209; state: DISABLED
08-19 11:32:59.620  1145  1377 D CompatibilityChangeReporter: Compat change id reported: 143937733; UID 10209; state: DISABLED
08-19 11:32:59.651  1145  1377 D Boost   : hostingType=service, hostingName={com.tencent.mobileqq/cooperation.qzone.remote.logic.QzoneWebPluginProxyService}, callerPackage=com.tencent.mobileqq, isSystem=false, isBoostNeeded=false.
08-19 11:32:59.652  1145  1377 I ActivityManager: Start proc 30847:com.tencent.mobileqq:qzone/u0a209 for service {com.tencent.mobileqq/cooperation.qzone.remote.logic.QzoneWebPluginProxyService} caller=com.tencent.mobileqq
08-19 11:32:59.714  1145  2839 V ActivityManager: New death recipient com.android.server.am.ActivityManagerService$AppDeathRecipient@97f3ca3 for thread android.os.BinderProxy@8b8aba0
08-19 11:33:00.286  1145  4693 D com.android.server.pm.PackageManagerServiceInjector: Skip dexopt on: /data/user/0/com.tencent.mobileqq/app_installed_plugin/qzone_plugin.apk, because com.tencent.mobileqq is not current resumed. Current resumed is: null
08-19 11:33:10.489  1145  1705 D ActivityManager: report kill process: killerPid is:30847, killedPid is:30847
08-19 11:33:10.579  1145  4708 V ActivityManager: Death received in com.android.server.am.ActivityManagerService$AppDeathRecipient@97f3ca3 for thread android.os.BinderProxy@8b8aba0
08-19 11:33:10.579  1145  4708 I ActivityManager: Process com.tencent.mobileqq:qzone (pid 30847) has died: vis SVC 
08-19 11:33:10.579  1145  1378 I Process : PerfMonitor : current process killing process group. PID: 30847
08-19 11:33:10.581  1145  4708 W ActivityManager: Scheduling restart of crashed service com.tencent.mobileqq/cooperation.qzone.remote.logic.QzoneWebPluginProxyService in 4000ms for connection
08-19 11:33:14.588  1145  1376 D CompatibilityChangeReporter: Compat change id reported: 135634846; UID 10209; state: DISABLED
08-19 11:33:14.590  1145  1377 D CompatibilityChangeReporter: Compat change id reported: 143937733; UID 10209; state: DISABLED
08-19 11:33:14.621  1145  1377 D Boost   : hostingType=service, hostingName={com.tencent.mobileqq/cooperation.qzone.remote.logic.QzoneWebPluginProxyService}, callerPackage=com.tencent.mobileqq, isSystem=false, isBoostNeeded=false.
08-19 11:33:14.621  1145  1377 I ActivityManager: Start proc 30974:com.tencent.mobileqq:qzone/u0a209 for service {com.tencent.mobileqq/cooperation.qzone.remote.logic.QzoneWebPluginProxyService} caller=com.tencent.mobileqq
08-19 11:33:14.648  1145  2726 V ActivityManager: New death recipient com.android.server.am.ActivityManagerService$AppDeathRecipient@a474ec6 for thread android.os.BinderProxy@d810e87
08-19 11:33:15.085  1145  4693 D com.android.server.pm.PackageManagerServiceInjector: Skip dexopt on: /data/user/0/com.tencent.mobileqq/app_installed_plugin/qzone_plugin.apk, because com.tencent.mobileqq is not current resumed. Current resumed is: null
08-19 11:33:54.152  6779 18349 W BpBinder: Slow Binder: BpBinder transact took 350ms, interface=android.net.INetworkStatsSession, code=4 oneway=false
08-19 11:33:54.154  7817  7921 W BpBinder: Slow Binder: BpBinder transact took 349ms, interface=android.net.INetworkStatsSession, code=2 oneway=false
08-19 11:33:54.164  7278  7278 W BpBinder: Slow Binder: BpBinder transact took 492ms, interface=com.tencent.mm.network.connpool.IConnPoolMoniter_AIDL, code=2 oneway=false
08-19 11:34:04.175  1145  1531 W BaseMiuiPhoneWindowManager: keyCode:26 down:true eventTime:31121481 downTime:31121481 policyFlags:2000000 flags:8 deviceId:2 isScreenOn:false keyguardActive:true repeatCount:0
08-19 11:34:04.176  1145  1531 E systemui_boost: render-thread tid = 0, do not boost
08-19 11:34:04.183  1145  1531 I WindowManager: wakeup return eventTime: 31121481 result: 31121482
08-19 11:34:04.183  1145  1531 I PowerManagerService: Waking up from Asleep (uid=1000, reason=WAKE_REASON_POWER_BUTTON, details=android.policy:POWER)...
08-19 11:34:04.183  2297  2319 D miui_face: receive waking up with reason
08-19 11:34:04.185  1145  1392 I DisplayPowerController: Blocking screen on until initial contents have been drawn.
08-19 11:34:04.187  1145  1145 D MiuiScreenOnProximityLock: aquire
08-19 11:34:04.200  1145  1392 I AutomaticBrightnessControllerInjector: setLightSensorEnabled: false
08-19 11:34:04.204  1145  1392 I AutomaticBrightnessControllerInjector: getLatestData res: 166.0
08-19 11:34:04.206  1145  1392 I AutomaticBrightnessControllerInjector: setProximitySensorEnabled enable
08-19 11:34:04.207  1145  1392 D AutomaticBrightnessController: updateAutoBrightness: mScreenAutoBrightness=-1.0, newScreenAutoBrightness=0.22626126
08-19 11:34:04.207  1145  1392 I AutomaticBrightnessControllerInjector: skip debounce!
08-19 11:34:04.209  1145  1392 V DisplayPowerController: Brightness [0.22626126] reason changing to: 'automatic', previous reason: 'screen_off'.
08-19 11:34:04.210  1145  2193 D LocalDisplayAdapter: setDisplayState(id=0, state=ON)
08-19 11:34:04.210  1145  1367 I DisplayManagerService: Display device changed state: "内置屏幕", ON
08-19 11:34:04.214  1145  1365 W WindowManager: Changing focus fromWindow{c1d01a7 mode=1 rootTaskId=1 u0 NotificationShade} to Window{d3aafd0 mode=1 rootTaskId=1 u0 ScreenOnProximitySensorGuide} displayId=0 Callers=com.android.server.wm.RootWindowContainer.updateFocusedWindowLocked:469 com.android.server.wm.WindowManagerService.updateFocusedWindowLocked:6048 com.android.server.wm.WindowManagerService.addWindow:1917 com.android.server.wm.Session.addToDisplayAsUser:176 
08-19 11:34:04.220  1145  1365 D WindowManager: Input focus has changed to Window{d3aafd0 mode=1 rootTaskId=1 u0 ScreenOnProximitySensorGuide}
08-19 11:34:04.246  1145  1376 V ActivityManager: Attempted to start a foreground service (com.mfashiongallery.emag/.lks.minusonescreen.overlay.OverlayService) with a broken notification (no icon: Notification(channel=gallery_overlay_windows shortcut=null contentView=null vibrate=null sound=null defaults=0x0 flags=0x40 color=0x00000000 vis=PRIVATE))
08-19 11:34:04.274  1145  1365 V WindowManager: Orientation start waiting for draw, mDrawState=DRAW_PENDING in Window{d3aafd0 mode=1 rootTaskId=1 u0 ScreenOnProximitySensorGuide}, surfaceController Surface(name=ScreenOnProximitySensorGuide)/@0xd1808ad
08-19 11:34:04.283  1145  1145 D StorageManagerService: Get the action of screen on
08-19 11:34:04.288   415 31103 D vold    : The trim thread is not running
08-19 11:34:04.288   415 31103 D vold    : idle maintenance stopped
08-19 11:34:04.347  1145  1531 W BaseMiuiPhoneWindowManager: keyCode:26 down:false eventTime:31121655 downTime:31121481 policyFlags:22000000 flags:8 deviceId:2 isScreenOn:true keyguardActive:true repeatCount:0
08-19 11:34:04.352  1145  1145 I ActivityManager: Idle maintenance over +1h0m0s657ms low RAM for +36s962ms
08-19 11:34:04.356  1145  1145 I MountServiceIdlerInjector: sNextTrimDuration :  1800000
08-19 11:34:04.359  1145  2726 W WindowManager: Changing focus fromWindow{d3aafd0 mode=1 rootTaskId=1 u0 ScreenOnProximitySensorGuide} to Window{2f0bd92 mode=1 rootTaskId=1 u0 Sys2009:com.mfashiongallery.emag/.lks.minusonescreen.overlay.OverlayService} displayId=0 Callers=com.android.server.wm.RootWindowContainer.updateFocusedWindowLocked:469 com.android.server.wm.WindowManagerService.updateFocusedWindowLocked:6048 com.android.server.wm.WindowManagerService.addWindow:1917 com.android.server.wm.Session.addToDisplayAsUser:176 
08-19 11:34:04.360  1145  2726 D WindowManager: Input focus has changed to Window{2f0bd92 mode=1 rootTaskId=1 u0 Sys2009:com.mfashiongallery.emag/.lks.minusonescreen.overlay.OverlayService}
08-19 11:34:04.361  1145  1392 I DisplayPowerController: Unblocked screen on after 176 ms
08-19 11:34:04.366  1145  1145 V LocationPolicy: Screen state changed
08-19 11:34:04.404  1145  2167 D DisplayFeatureManager: setScreenEffect displayId=0 mode=0 value=2 cookie=255
08-19 11:34:04.405  1145  1392 W PowerManagerService: Screen on took 232 ms
08-19 11:34:04.411  1145  1145 D ProximitySensorWrapper: proximity distance: 5.0
08-19 11:34:04.480  1145  2167 D DisplayFeatureManager: setScreenEffect displayId=0 mode=3 value=155 cookie=255
08-19 11:34:04.492  1145  2167 D DisplayFeatureManager: setScreenEffect displayId=0 mode=31 value=0 cookie=255
08-19 11:34:04.492  1145  1145 D NotificationService: 0|com.mfashiongallery.emag|11111|null|10208: granting content://settings/system/notification_sound
08-19 11:34:04.493  1145  1145 D NotificationService: 0|com.mfashiongallery.emag|11111|null|10208: granting content://settings/system/notification_sound
08-19 11:34:04.494  1145  2726 V WindowManager: Orientation start waiting for draw, mDrawState=DRAW_PENDING in Window{2f0bd92 mode=1 rootTaskId=1 u0 Sys2009:com.mfashiongallery.emag/.lks.minusonescreen.overlay.OverlayService}, surfaceController Surface(name=Sys2009:com.mfashiongallery.emag/.lks.minusonescreen.overlay.OverlayService)/@0xcb801bc
08-19 11:34:04.494  1145  1145 D NotificationService: 0|com.mfashiongallery.emag|11111|null|10208: granting content://settings/system/notification_sound
08-19 11:34:04.495  1145  1145 D NotificationService: 0|com.mfashiongallery.emag|11111|null|10208: granting content://settings/system/notification_sound
08-19 11:34:04.496  1145  2726 W WindowManager: Changing focus fromWindow{2f0bd92 mode=1 rootTaskId=1 u0 Sys2009:com.mfashiongallery.emag/.lks.minusonescreen.overlay.OverlayService} to Window{d3aafd0 mode=1 rootTaskId=1 u0 ScreenOnProximitySensorGuide} displayId=0 Callers=com.android.server.wm.RootWindowContainer.updateFocusedWindowLocked:469 com.android.server.wm.WindowManagerService.updateFocusedWindowLocked:6048 com.android.server.wm.WindowManagerService.relayoutWindow:2627 com.android.server.wm.Session.relayout:213 
08-19 11:34:04.496  1145  1145 D NotificationService: 0|com.mfashiongallery.emag|11111|null|10208: granting content://settings/system/notification_sound
08-19 11:34:04.496  1145  1145 D NotificationService: 0|com.mfashiongallery.emag|11111|null|10208: granting content://settings/system/notification_sound
08-19 11:34:04.497  1145  2726 D WindowManager: Input focus has changed to Window{d3aafd0 mode=1 rootTaskId=1 u0 ScreenOnProximitySensorGuide}
08-19 11:34:04.497  1145  1145 D NotificationService: 0|com.mfashiongallery.emag|11111|null|10208: granting content://settings/system/notification_sound
08-19 11:34:04.499  1145  1145 W NotificationHistory: Attempted to add notif for locked/gone/disabled user 0
08-19 11:34:04.568  1145  1705 V LocationPolicy: writePolicyLocked()
08-19 11:34:04.663  1145  2139 D NsdService: Register service
08-19 11:34:04.663  1145  2139 D NsdService: registerService: 57 name: {"nm":"你大爷","as":"[8193, 8194]","ip":"102"}, type: _mi-connect._udp, host: null, port: 56666, txtRecord: idHash=ZTM2
08-19 11:34:04.663  1145  2139 D NsdService: dev=1sec=2apps=[8193, 8194]name=你大爷flags=Ag==
08-19 11:34:04.663  1145  2139 D NsdService: version=65540commonData=0appsData=AwIEgwIEgw==
08-19 11:34:04.663  1145  2139 D NsdService: mdnssd [register, 57, {"nm":"你大爷","as":"[8193, 8194]","ip":"102"}, _mi-connect._udp, 56666, DGlkSGFzaD1aVE0yCgVkZXY9MQVzZWM9MhFhcHBzPVs4MTkzLCA4MTk0XQ5uYW1lPeS9oOWkp+eItwtmbGFncz1BZz09Cg12ZXJzaW9uPTY1NTQwDGNvbW1vbkRhdGE9MBZhcHBzRGF0YT1Bd0lFZ3dJRWd3PT0K]
08-19 11:34:04.666  1145  2139 D NsdService: Register 14 57
08-19 11:34:04.711  1145  1365 D MiuiScreenOnProximityLock: far from the screen for a certain time, release proximity sensor...
08-19 11:34:04.711  1145  1365 D MiuiScreenOnProximityLock: release
08-19 11:34:04.718  1145  1365 W WindowManager: Changing focus fromWindow{d3aafd0 mode=1 rootTaskId=1 u0 ScreenOnProximitySensorGuide} to Window{c1d01a7 mode=1 rootTaskId=1 u0 NotificationShade} displayId=0 Callers=com.android.server.wm.RootWindowContainer.updateFocusedWindowLocked:469 com.android.server.wm.WindowManagerService.updateFocusedWindowLocked:6048 com.android.server.wm.RootWindowContainer.performSurfacePlacementNoTrace:833 com.android.server.wm.RootWindowContainer.performSurfacePlacement:817 
08-19 11:34:04.721  1145  1365 D WindowManager: Input focus has changed to Window{c1d01a7 mode=1 rootTaskId=1 u0 NotificationShade}
08-19 11:34:05.348  1145  2139 D NsdService: Native daemon message SERVICE_REGISTERED: 606 57 "{\"nm\":\"你大爷\",\"as\":\"[8193, 8194]\",\"ip\":\"102\"}"
08-19 11:34:05.689  1145  1365 D MiuiScreenOnProximityLock: far from the screen for a certain time, release proximity sensor...
08-19 11:34:06.875  1145  1145 D FingerprintService: finger down, 6 22
08-19 11:34:06.875  1145  1145 V FingerprintService: Acquired: 6 22
08-19 11:34:07.014  1145  1145 V FingerprintService: Acquired: 0 0
08-19 11:34:07.017  1145  1145 V BiometricStats: Authentication latency: -1
08-19 11:34:07.017  1145  1145 W BiometricStats: found a negative latency : -1
08-19 11:34:07.018  1145  1145 D FingerprintService: info:com.android.systemui,1##,20210819-11:34:07
08-19 11:34:07.018  1145  1145 V FingerprintService: onAuthenticated(true), ID:-1576263816, Owner: com.android.systemui, isBP: false, listener: com.android.server.biometrics.fingerprint.FingerprintService$ServiceListenerImpl@dbdf284, requireConfirmation: false, user: 0
08-19 11:34:07.022  1145  1145 D VibratorService: Turning vibrator on for 60  ms
08-19 11:34:07.025  1145  1145 V FingerprintService: Done with client: com.android.systemui
08-19 11:34:07.046  1145  2839 D ActivityTaskManager: Top Process State changed to PROCESS_STATE_TOP
08-19 11:34:07.050  2297  2297 W miui_keyguard: unlock keyguard by fp
08-19 11:34:07.059  1145  2839 I Timeline: Timeline: App_transition_ready time:31124367
08-19 11:34:07.060  2297  3431 I KeyguardViewMediator: call fw keyguardGoingAway: flags = 8
08-19 11:34:07.062  1145  1360 I Timeline: Timeline: App_transition_ready time:31124371
08-19 11:34:07.065  1145  1367 D CompatibilityChangeReporter: Compat change id reported: 135634846; UID 10209; state: DISABLED
08-19 11:34:07.066  1145  1377 D CompatibilityChangeReporter: Compat change id reported: 143937733; UID 10209; state: DISABLED
08-19 11:34:07.067  1145  1367 D CompatibilityChangeReporter: Compat change id reported: 136274596; UID 10209; state: DISABLED
08-19 11:34:07.074  1145  1373 D DexOptExtImpl: com.tencent.mobileqq reason is bg-dexopt
08-19 11:34:07.079  1145  1360 I WindowManager: Relayout Window{92e1b0b mode=1 rootTaskId=1164 u0 com.tencent.mobileqq/com.tencent.mobileqq.activity.SplashActivity}: oldVis=4 newVis=0 focusMayChange = true
08-19 11:34:07.083  1145  1360 I Timeline: Timeline: App_transition_ready time:31124391
08-19 11:34:07.085  1145  1377 D Boost   : hostingType=top-activity, hostingName={com.tencent.mobileqq/com.tencent.mobileqq.richmediabrowser.AIOGalleryActivity}, callerPackage=com.tencent.mobileqq, isSystem=false, isBoostNeeded=false.
08-19 11:34:07.091  1145  1377 I ActivityManager: Start proc 31138:com.tencent.mobileqq:peak/u0a209 for top-activity {com.tencent.mobileqq/com.tencent.mobileqq.richmediabrowser.AIOGalleryActivity} caller=com.tencent.mobileqq
08-19 11:34:07.112  1145  1360 V ActivityManager: New death recipient com.android.server.am.ActivityManagerService$AppDeathRecipient@d5f59c6 for thread android.os.BinderProxy@417bd87
08-19 11:34:07.121  1145  1374 D PeriodicCleaner: com.tencent.mobileqq/com.tencent.mobileqq.richmediabrowser.AIOGalleryActivity isn't fullscreen, skip.
08-19 11:34:07.124  1145  1368 I Timeline: Timeline: App_transition_ready time:31124432
08-19 11:34:07.130  1145  1705 D CompatibilityChangeReporter: Compat change id reported: 136274596; UID 10209; state: DISABLED
08-19 11:34:07.149  1145  1368 I Timeline: Timeline: App_transition_ready time:31124457
08-19 11:34:07.152  1145  1368 I Timeline: Timeline: App_transition_ready time:31124460
